03-04 16:24:00.189  2457  2457 F libc    : page record for 0xb765e02c was not found (block_size=16)
03-04 16:24:00.199  2456  2456 E SchedPolicy: open of /dev/cpuctl/bg_non_interactive/tasks failed: No such file or directory
03-04 16:24:00.199  2456  2456 E SchedPolicy: add_tid_to_cgroup failed; fd=-1
03-04 16:24:00.199  2465  2465 E sdcard  : usage: sdcard [OPTIONS] <source_path> <label>
03-04 16:24:00.199  2465  2465 E sdcard  :     -u: specify UID to run as
03-04 16:24:00.199  2465  2465 E sdcard  :     -g: specify GID to run as
03-04 16:24:00.199  2465  2465 E sdcard  :     -U: specify user ID that owns device
03-04 16:24:00.199  2465  2465 E sdcard  :     -m: source_path is multi-user
03-04 16:24:00.199  2465  2465 E sdcard  :     -w: runtime write mount has full write access
03-04 16:24:00.199  2465  2465 E sdcard  : 
03-04 16:24:00.209  2471  2471 F libc    : page record for 0xb71c102c was not found (block_size=16)
03-04 16:24:00.219  2470  2470 F libc    : page record for 0xb76dc02c was not found (block_size=16)
03-04 16:24:00.219  2452  2452 F libc    : page record for 0xb76b402c was not found (block_size=16)
03-04 16:24:00.229  2469  2469 F libc    : page record for 0xb76f902c was not found (block_size=16)
03-04 16:24:00.229  2466  2466 F libc    : page record for 0xb76be02c was not found (block_size=16)
03-04 16:24:00.229  2461  2461 F libc    : page record for 0xb770502c was not found (block_size=16)
03-04 16:24:00.239  2453  2453 E HAL     : load: module=/system/lib/hw/keystore.clovertrail.so
03-04 16:24:00.239  2453  2453 E HAL     : dlopen failed: cannot locate symbol "CRYPTO_get_locking_callback" referenced by "/system/lib/libkeymaster.so"...
03-04 16:24:00.239  2453  2453 E keystore: could not find any keystore module
03-04 16:24:00.239  2453  2453 E keystore: keystore keymaster could not be initialized; exiting
03-04 16:24:00.249  2460  2460 I Netd    : Netd 1.0 starting
03-04 16:24:00.249  2460  2460 D TetherController: Setting IP forward enable = 0
03-04 16:24:00.269  2472  2472 F libc    : page record for 0xb76e202c was not found (block_size=16)
03-04 16:24:00.269  2462  2462 F libc    : page record for 0xb76e102c was not found (block_size=16)
03-04 16:24:00.869   212   212 I upi_ug31xx: [get_daemon_uevent_request]: uevent_request = 0 (0000)
03-04 16:24:01.869   212   212 I upi_ug31xx: [get_daemon_uevent_request]: uevent_request = 0 (0000)
03-04 16:24:02.869   212   212 I upi_ug31xx: [get_daemon_uevent_request]: uevent_request = a1 (00a1)
03-04 16:24:02.869   212   212 E upi_ug31xx: [event_loop]: uevent_request = a1 (1074)
03-04 16:24:02.869   212   212 I upi_ug31xx: (97) update_capacity
03-04 16:24:02.869   212   212 I [UPI]   : <UG31/E>[UpiReadCapacity]: V=3799(3801), T=288(290-354), I=240, C=1(1-0)
03-04 16:24:02.869   212   212 I [UPI]   : <UG31/E>[UpiReadCapacity]: (0x02212125) 571 (572) / 3215 (3215) = 18
03-04 16:24:02.869   212   212 I [UPI]   : <UG31/E>[UpiReadCapacity]: (0x02212125) 571 (572) / 3215 (3215) = 18
03-04 16:24:02.869   212   212 I [UPI]   : <UG31/E>[UpiReadCapacity]: (0x02212105) 572 (572) / 3215 (3215) = 18
03-04 16:24:02.869   212   212 I [UPI]   : <UG31/E>[RsocFilterCountTime]: (0x02212105) Step=2(143030), Full=2(143030), Lock=143030(1574625)
03-04 16:24:02.869   212   212 I [UPI]   : <UG31/E>[UpiReadCapacity]: (0x02212105) 572 (572) / 3215 (3215) = 18 (240-240)
03-04 16:24:02.869   212   212 I [UPI]   : <UG31/E><BATT> M:normal, P:18(18-18)%, V:3802mV, C:243mA, T:29.0C(354), S:0x02212105(000), R:572mAh, F:3215mAh, Q:14mAh, CC:0, P:10.30(-14-0)s, BO:10, 110:645:1-4496-Jk:P012-20140710-070130 (16)
03-04 16:24:02.869   212   212 E upi_ug31xx: [event_loop]: uevent_request = a0 (1095)
03-04 16:24:02.869   212   212 I upi_ug31xx: (98) backup_data 
03-04 16:24:02.869   212   212 V upi_ug31xx: state->check_backup_count = 14
03-04 16:24:02.869   212   212 E upi_ug31xx: [event_loop]: uevent_request = 80 (1102)
03-04 16:24:02.869   212   212 I upi_ug31xx: (99) backup_bo check
03-04 16:24:03.869   212   212 I upi_ug31xx: [get_daemon_uevent_request]: uevent_request = 0 (0000)
03-04 16:24:04.319  2494  2494 F libc    : page record for 0xb76f202c was not found (block_size=16)
03-04 16:24:04.869   212   212 I upi_ug31xx: [get_daemon_uevent_request]: uevent_request = 0 (0000)
03-04 16:24:05.349  2519  2519 F libc    : page record for 0xb720d02c was not found (block_size=16)
03-04 16:24:05.359  2502  2502 F libc    : page record for 0xb773102c was not found (block_size=16)
03-04 16:24:05.359  2507  2507 E sdcard  : usage: sdcard [OPTIONS] <source_path> <label>
03-04 16:24:05.359  2507  2507 E sdcard  :     -u: specify UID to run as
03-04 16:24:05.359  2507  2507 E sdcard  :     -g: specify GID to run as
03-04 16:24:05.359  2507  2507 E sdcard  :     -U: specify user ID that owns device
03-04 16:24:05.359  2507  2507 E sdcard  :     -m: source_path is multi-user
03-04 16:24:05.359  2507  2507 E sdcard  :     -w: runtime write mount has full write access
03-04 16:24:05.359  2507  2507 E sdcard  : 
03-04 16:24:05.369  2511  2511 F libc    : page record for 0xb767902c was not found (block_size=16)
03-04 16:24:05.369  2504  2504 F libc    : page record for 0xb76ed02c was not found (block_size=16)
03-04 16:24:05.379  2509  2509 F libc    : page record for 0xb770c02c was not found (block_size=16)
03-04 16:24:05.389  2499  2499 E SchedPolicy: open of /dev/cpuctl/bg_non_interactive/tasks failed: No such file or directory
03-04 16:24:05.389  2499  2499 E SchedPolicy: add_tid_to_cgroup failed; fd=-1
03-04 16:24:05.389  2512  2512 F libc    : page record for 0xb774e02c was not found (block_size=16)
03-04 16:24:05.399  2503  2503 I Netd    : Netd 1.0 starting
03-04 16:24:05.399  2503  2503 D TetherController: Setting IP forward enable = 0
03-04 16:24:05.409  2498  2498 E HAL     : load: module=/system/lib/hw/keystore.clovertrail.so
03-04 16:24:05.409  2498  2498 E HAL     : dlopen failed: cannot locate symbol "CRYPTO_get_locking_callback" referenced by "/system/lib/libkeymaster.so"...
03-04 16:24:05.409  2498  2498 E keystore: could not find any keystore module
03-04 16:24:05.409  2498  2498 E keystore: keystore keymaster could not be initialized; exiting
03-04 16:24:05.419  2520  2520 F libc    : page record for 0xb772a02c was not found (block_size=16)
03-04 16:24:05.439  2505  2505 F libc    : page record for 0xb76cc02c was not found (block_size=16)
03-04 16:24:05.869   212   212 I upi_ug31xx: [get_daemon_uevent_request]: uevent_request = 0 (0000)
03-04 16:24:06.879   212   212 I upi_ug31xx: [get_daemon_uevent_request]: uevent_request = 0 (0000)
03-04 16:24:07.879   212   212 I upi_ug31xx: [get_daemon_uevent_request]: uevent_request = 0 (0000)
03-04 16:24:08.879   212   212 I upi_ug31xx: [get_daemon_uevent_request]: uevent_request = 0 (0000)
03-04 16:24:09.479  2536  2536 F libc    : page record for 0xb776902c was not found (block_size=16)
03-04 16:24:09.879   212   212 I upi_ug31xx: [get_daemon_uevent_request]: uevent_request = 0 (0000)
03-04 16:24:10.519  2545  2545 F libc    : page record for 0xb76dc02c was not found (block_size=16)
03-04 16:24:10.519  2543  2543 F libc    : page record for 0xb772f02c was not found (block_size=16)
03-04 16:24:10.529  2561  2561 F libc    : page record for 0xb71cf02c was not found (block_size=16)
03-04 16:24:10.529  2548  2548 E sdcard  : usage: sdcard [OPTIONS] <source_path> <label>
03-04 16:24:10.529  2548  2548 E sdcard  :     -u: specify UID to run as
03-04 16:24:10.529  2548  2548 E sdcard  :     -g: specify GID to run as
03-04 16:24:10.529  2548  2548 E sdcard  :     -U: specify user ID that owns device
03-04 16:24:10.529  2548  2548 E sdcard  :     -m: source_path is multi-user
03-04 16:24:10.529  2548  2548 E sdcard  :     -w: runtime write mount has full write access
03-04 16:24:10.529  2548  2548 E sdcard  : 
03-04 16:24:10.539  2549  2549 F libc    : page record for 0xb770202c was not found (block_size=16)
03-04 16:24:10.559  2553  2553 F libc    : page record for 0xb772d02c was not found (block_size=16)
03-04 16:24:10.559  2552  2552 F libc    : page record for 0xb773b02c was not found (block_size=16)
03-04 16:24:10.569  2539  2539 E HAL     : load: module=/system/lib/hw/keystore.clovertrail.so
03-04 16:24:10.569  2539  2539 E HAL     : dlopen failed: cannot locate symbol "CRYPTO_get_locking_callback" referenced by "/system/lib/libkeymaster.so"...
03-04 16:24:10.569  2539  2539 E keystore: could not find any keystore module
03-04 16:24:10.569  2539  2539 E keystore: keystore keymaster could not be initialized; exiting
03-04 16:24:10.569  2540  2540 E SchedPolicy: open of /dev/cpuctl/bg_non_interactive/tasks failed: No such file or directory
03-04 16:24:10.569  2540  2540 E SchedPolicy: add_tid_to_cgroup failed; fd=-1
03-04 16:24:10.579  2544  2544 I Netd    : Netd 1.0 starting
03-04 16:24:10.579  2544  2544 D TetherController: Setting IP forward enable = 0
03-04 16:24:10.589  2562  2562 F libc    : page record for 0xb76ec02c was not found (block_size=16)
03-04 16:24:10.609  2547  2547 F libc    : page record for 0xb76e802c was not found (block_size=16)
03-04 16:24:10.879   212   212 I upi_ug31xx: [get_daemon_uevent_request]: uevent_request = 0 (0000)
03-04 16:24:11.879   212   212 I upi_ug31xx: [get_daemon_uevent_request]: uevent_request = 0 (0000)
03-04 16:24:12.879   212   212 I upi_ug31xx: [get_daemon_uevent_request]: uevent_request = a1 (00a1)
03-04 16:24:12.879   212   212 E upi_ug31xx: [event_loop]: uevent_request = a1 (1074)
03-04 16:24:12.879   212   212 I upi_ug31xx: (100) update_capacity
03-04 16:24:12.879   212   212 I [UPI]   : <UG31/E>[UpiReadCapacity]: V=3799(3801), T=288(290-353), I=240, C=0(0-0)
03-04 16:24:12.879   212   212 I [UPI]   : <UG31/E>[UpiReadCapacity]: (0x02212125) 572 (572) / 3215 (3215) = 18
03-04 16:24:12.879   212   212 I [UPI]   : <UG31/E>[UpiReadCapacity]: (0x02212125) 572 (572) / 3215 (3215) = 18
03-04 16:24:12.879   212   212 I [UPI]   : <UG31/E>[UpiReadCapacity]: (0x02212105) 572 (572) / 3215 (3215) = 18
03-04 16:24:12.879   212   212 I [UPI]   : <UG31/E>[RsocFilterCountTime]: (0x02212105) Step=2(153060), Full=2(153060), Lock=153060(1574625)
03-04 16:24:12.879   212   212 I [UPI]   : <UG31/E>[UpiReadCapacity]: (0x02212105) 572 (572) / 3215 (3215) = 18 (240-240)
03-04 16:24:12.879   212   212 I [UPI]   : <UG31/E><BATT> M:normal, P:18(18-18)%, V:3802mV, C:240mA, T:29.0C(353), S:0x02212105(000), R:572mAh, F:3215mAh, Q:14mAh, CC:0, P:10.30(-14-0)s, BO:10, 110:645:1-4496-Jk:P012-20140710-070130 (16)
03-04 16:24:12.879   212   212 E upi_ug31xx: [event_loop]: uevent_request = a0 (1095)
03-04 16:24:12.879   212   212 I upi_ug31xx: (101) backup_data 
03-04 16:24:12.879   212   212 V upi_ug31xx: state->check_backup_count = 15
03-04 16:24:12.879   212   212 E upi_ug31xx: [event_loop]: uevent_request = 80 (1102)
03-04 16:24:12.879   212   212 I upi_ug31xx: (102) backup_bo check
03-04 16:24:13.879   212   212 I upi_ug31xx: [get_daemon_uevent_request]: uevent_request = 0 (0000)
03-04 16:24:14.649  2577  2577 F libc    : page record for 0xb76b502c was not found (block_size=16)
03-04 16:24:14.879   212   212 I upi_ug31xx: [get_daemon_uevent_request]: uevent_request = 0 (0000)
03-04 16:24:15.689  2599  2599 F libc    : page record for 0xb729902c was not found (block_size=16)
03-04 16:24:15.689  2584  2584 F libc    : page record for 0xb76a202c was not found (block_size=16)
03-04 16:24:15.709  2591  2591 E sdcard  : usage: sdcard [OPTIONS] <source_path> <label>
03-04 16:24:15.709  2591  2591 E sdcard  :     -u: specify UID to run as
03-04 16:24:15.709  2591  2591 E sdcard  :     -g: specify GID to run as
03-04 16:24:15.709  2591  2591 E sdcard  :     -U: specify user ID that owns device
03-04 16:24:15.709  2591  2591 E sdcard  :     -m: source_path is multi-user
03-04 16:24:15.709  2591  2591 E sdcard  :     -w: runtime write mount has full write access
03-04 16:24:15.709  2591  2591 E sdcard  : 
03-04 16:24:15.709  2593  2593 F libc    : page record for 0xb76c402c was not found (block_size=16)
03-04 16:24:15.709  2596  2596 F libc    : page record for 0xb76b802c was not found (block_size=16)
03-04 16:24:15.719  2586  2586 F libc    : page record for 0xb770002c was not found (block_size=16)
03-04 16:24:15.719  2581  2581 E SchedPolicy: open of /dev/cpuctl/bg_non_interactive/tasks failed: No such file or directory
03-04 16:24:15.719  2581  2581 E SchedPolicy: add_tid_to_cgroup failed; fd=-1
03-04 16:24:15.729  2592  2592 F libc    : page record for 0xb76eb02c was not found (block_size=16)
03-04 16:24:15.739  2585  2585 I Netd    : Netd 1.0 starting
03-04 16:24:15.739  2585  2585 D TetherController: Setting IP forward enable = 0
03-04 16:24:15.739  2580  2580 E HAL     : load: module=/system/lib/hw/keystore.clovertrail.so
03-04 16:24:15.739  2580  2580 E HAL     : dlopen failed: cannot locate symbol "CRYPTO_get_locking_callback" referenced by "/system/lib/libkeymaster.so"...
03-04 16:24:15.739  2580  2580 E keystore: could not find any keystore module
03-04 16:24:15.749  2580  2580 E keystore: keystore keymaster could not be initialized; exiting
03-04 16:24:15.759  2600  2600 F libc    : page record for 0xb771002c was not found (block_size=16)
03-04 16:24:15.769  2590  2590 F libc    : page record for 0xb767902c was not found (block_size=16)
03-04 16:24:15.879   212   212 I upi_ug31xx: [get_daemon_uevent_request]: uevent_request = 0 (0000)
03-04 16:24:16.879   212   212 I upi_ug31xx: [get_daemon_uevent_request]: uevent_request = 0 (0000)
03-04 16:24:17.879   212   212 I upi_ug31xx: [get_daemon_uevent_request]: uevent_request = 0 (0000)
03-04 16:24:18.879   212   212 I upi_ug31xx: [get_daemon_uevent_request]: uevent_request = 0 (0000)
03-04 16:24:19.809  2618  2618 F libc    : page record for 0xb776a02c was not found (block_size=16)
03-04 16:24:19.879   212   212 I upi_ug31xx: [get_daemon_uevent_request]: uevent_request = 0 (0000)
03-04 16:24:20.849  2630  2630 F libc    : page record for 0xb76d302c was not found (block_size=16)
03-04 16:24:20.849  2642  2642 F libc    : page record for 0xb727702c was not found (block_size=16)
03-04 16:24:20.859  2635  2635 F libc    : page record for 0xb76bf02c was not found (block_size=16)
03-04 16:24:20.869  2629  2629 E sdcard  : usage: sdcard [OPTIONS] <source_path> <label>
03-04 16:24:20.869  2629  2629 E sdcard  :     -u: specify UID to run as
03-04 16:24:20.869  2629  2629 E sdcard  :     -g: specify GID to run as
03-04 16:24:20.869  2629  2629 E sdcard  :     -U: specify user ID that owns device
03-04 16:24:20.869  2629  2629 E sdcard  :     -m: source_path is multi-user
03-04 16:24:20.869  2629  2629 E sdcard  :     -w: runtime write mount has full write access
03-04 16:24:20.869  2629  2629 E sdcard  : 
03-04 16:24:20.879  2623  2623 F libc    : page record for 0xb770902c was not found (block_size=16)
03-04 16:24:20.879   212   212 I upi_ug31xx: [get_daemon_uevent_request]: uevent_request = 0 (0000)
03-04 16:24:20.879  2622  2622 E SchedPolicy: open of /dev/cpuctl/bg_non_interactive/tasks failed: No such file or directory
03-04 16:24:20.879  2622  2622 E SchedPolicy: add_tid_to_cgroup failed; fd=-1
03-04 16:24:20.879  2627  2627 F libc    : page record for 0xb76d502c was not found (block_size=16)
03-04 16:24:20.889  2632  2632 F libc    : page record for 0xb76db02c was not found (block_size=16)
03-04 16:24:20.899  2621  2621 E HAL     : load: module=/system/lib/hw/keystore.clovertrail.so
03-04 16:24:20.899  2621  2621 E HAL     : dlopen failed: cannot locate symbol "CRYPTO_get_locking_callback" referenced by "/system/lib/libkeymaster.so"...
03-04 16:24:20.899  2621  2621 E keystore: could not find any keystore module
03-04 16:24:20.899  2621  2621 E keystore: keystore keymaster could not be initialized; exiting
03-04 16:24:20.909  2626  2626 I Netd    : Netd 1.0 starting
03-04 16:24:20.909  2626  2626 D TetherController: Setting IP forward enable = 0
03-04 16:24:20.919  2644  2644 F libc    : page record for 0xb774c02c was not found (block_size=16)
03-04 16:24:20.929  2628  2628 F libc    : page record for 0xb768b02c was not found (block_size=16)
03-04 16:24:21.879   212   212 I upi_ug31xx: [get_daemon_uevent_request]: uevent_request = 0 (0000)
03-04 16:24:22.879   212   212 I upi_ug31xx: [get_daemon_uevent_request]: uevent_request = a1 (00a1)
03-04 16:24:22.879   212   212 E upi_ug31xx: [event_loop]: uevent_request = a1 (1074)
03-04 16:24:22.879   212   212 I upi_ug31xx: (103) update_capacity
03-04 16:24:22.879   212   212 I [UPI]   : <UG31/E>[UpiReadCapacity]: V=3799(3801), T=288(290-353), I=239, C=1(1-0)
03-04 16:24:22.879   212   212 I [UPI]   : <UG31/E>[UpiReadCapacity]: (0x02212125) 572 (573) / 3215 (3215) = 18
03-04 16:24:22.879   212   212 I [UPI]   : <UG31/E>[UpiReadCapacity]: (0x02212125) 572 (573) / 3215 (3215) = 18
03-04 16:24:22.879   212   212 I [UPI]   : <UG31/E>[UpiReadCapacity]: (0x02212105) 573 (573) / 3215 (3215) = 18
03-04 16:24:22.879   212   212 I [UPI]   : <UG31/E>[RsocFilterCountTime]: (0x02212105) Step=2(163090), Full=2(163090), Lock=163090(1581213)
03-04 16:24:22.879   212   212 I [UPI]   : <UG31/E>[UpiReadCapacity]: (0x02212105) 573 (573) / 3215 (3215) = 18 (239-239)
03-04 16:24:22.879   212   212 I [UPI]   : <UG31/E><BATT> M:normal, P:18(18-18)%, V:3802mV, C:238mA, T:29.0C(353), S:0x02212105(000), R:573mAh, F:3215mAh, Q:15mAh, CC:0, P:10.30(-15-0)s, BO:10, 110:645:1-4496-Jk:P012-20140710-070130 (16)
03-04 16:24:22.879   212   212 E upi_ug31xx: [event_loop]: uevent_request = a0 (1095)
03-04 16:24:22.879   212   212 I upi_ug31xx: (104) backup_data 
03-04 16:24:22.879   212   212 V upi_ug31xx: state->check_backup_count = 16
03-04 16:24:22.879   212   212 E upi_ug31xx: [event_loop]: uevent_request = 80 (1102)
03-04 16:24:22.879   212   212 I upi_ug31xx: (105) backup_bo check
03-04 16:24:23.879   212   212 I upi_ug31xx: [get_daemon_uevent_request]: uevent_request = 0 (0000)
03-04 16:24:24.879   212   212 I upi_ug31xx: [get_daemon_uevent_request]: uevent_request = 0 (0000)
03-04 16:24:24.979  2660  2660 F libc    : page record for 0xb771402c was not found (block_size=16)
03-04 16:24:25.879   212   212 I upi_ug31xx: [get_daemon_uevent_request]: uevent_request = 0 (0000)
03-04 16:24:26.019  2672  2672 E sdcard  : usage: sdcard [OPTIONS] <source_path> <label>
03-04 16:24:26.019  2672  2672 E sdcard  :     -u: specify UID to run as
03-04 16:24:26.019  2672  2672 E sdcard  :     -g: specify GID to run as
03-04 16:24:26.019  2672  2672 E sdcard  :     -U: specify user ID that owns device
03-04 16:24:26.019  2672  2672 E sdcard  :     -m: source_path is multi-user
03-04 16:24:26.019  2672  2672 E sdcard  :     -w: runtime write mount has full write access
03-04 16:24:26.019  2672  2672 E sdcard  : 
03-04 16:24:26.019  2669  2669 F libc    : page record for 0xb777702c was not found (block_size=16)
03-04 16:24:26.019  2666  2666 F libc    : page record for 0xb773402c was not found (block_size=16)
03-04 16:24:26.029  2681  2681 F libc    : page record for 0xb729602c was not found (block_size=16)
03-04 16:24:26.029  2673  2673 F libc    : page record for 0xb770402c was not found (block_size=16)
03-04 16:24:26.029  2680  2680 F libc    : page record for 0xb76c202c was not found (block_size=16)
03-04 16:24:26.039  2677  2677 F libc    : page record for 0xb772102c was not found (block_size=16)
03-04 16:24:26.049  2664  2664 E SchedPolicy: open of /dev/cpuctl/bg_non_interactive/tasks failed: No such file or directory
03-04 16:24:26.049  2664  2664 E SchedPolicy: add_tid_to_cgroup failed; fd=-1
03-04 16:24:26.059  2663  2663 E HAL     : load: module=/system/lib/hw/keystore.clovertrail.so
03-04 16:24:26.059  2663  2663 E HAL     : dlopen failed: cannot locate symbol "CRYPTO_get_locking_callback" referenced by "/system/lib/libkeymaster.so"...
03-04 16:24:26.059  2663  2663 E keystore: could not find any keystore module
03-04 16:24:26.059  2663  2663 E keystore: keystore keymaster could not be initialized; exiting
03-04 16:24:26.069  2668  2668 I Netd    : Netd 1.0 starting
03-04 16:24:26.069  2668  2668 D TetherController: Setting IP forward enable = 0
03-04 16:24:26.079  2682  2682 F libc    : page record for 0xb778102c was not found (block_size=16)
03-04 16:24:26.099  2670  2670 F libc    : page record for 0xb772d02c was not found (block_size=16)
03-04 16:24:26.879   212   212 I upi_ug31xx: [get_daemon_uevent_request]: uevent_request = 0 (0000)
03-04 16:24:27.879   212   212 I upi_ug31xx: [get_daemon_uevent_request]: uevent_request = 0 (0000)
03-04 16:24:28.879   212   212 I upi_ug31xx: [get_daemon_uevent_request]: uevent_request = 0 (0000)
03-04 16:24:29.879   212   212 I upi_ug31xx: [get_daemon_uevent_request]: uevent_request = 0 (0000)
03-04 16:24:30.139  2701  2701 F libc    : page record for 0xb76a302c was not found (block_size=16)
03-04 16:24:30.879   212   212 I upi_ug31xx: [get_daemon_uevent_request]: uevent_request = 0 (0000)
03-04 16:24:31.169  2707  2707 F libc    : page record for 0xb76c202c was not found (block_size=16)
03-04 16:24:31.179  2721  2721 F libc    : page record for 0xb71ab02c was not found (block_size=16)
03-04 16:24:31.179  2715  2715 F libc    : page record for 0xb770b02c was not found (block_size=16)
03-04 16:24:31.189  2716  2716 F libc    : page record for 0xb76d102c was not found (block_size=16)
03-04 16:24:31.189  2710  2710 F libc    : page record for 0xb76b202c was not found (block_size=16)
03-04 16:24:31.199  2714  2714 E sdcard  : usage: sdcard [OPTIONS] <source_path> <label>
03-04 16:24:31.199  2714  2714 E sdcard  :     -u: specify UID to run as
03-04 16:24:31.199  2714  2714 E sdcard  :     -g: specify GID to run as
03-04 16:24:31.199  2714  2714 E sdcard  :     -U: specify user ID that owns device
03-04 16:24:31.199  2714  2714 E sdcard  :     -m: source_path is multi-user
03-04 16:24:31.199  2714  2714 E sdcard  :     -w: runtime write mount has full write access
03-04 16:24:31.199  2714  2714 E sdcard  : 
03-04 16:24:31.199  2719  2719 F libc    : page record for 0xb774b02c was not found (block_size=16)
03-04 16:24:31.219  2709  2709 I Netd    : Netd 1.0 starting
03-04 16:24:31.219  2709  2709 D TetherController: Setting IP forward enable = 0
03-04 16:24:31.229  2705  2705 E SchedPolicy: open of /dev/cpuctl/bg_non_interactive/tasks failed: No such file or directory
03-04 16:24:31.229  2705  2705 E SchedPolicy: add_tid_to_cgroup failed; fd=-1
03-04 16:24:31.229  2704  2704 E HAL     : load: module=/system/lib/hw/keystore.clovertrail.so
03-04 16:24:31.229  2704  2704 E HAL     : dlopen failed: cannot locate symbol "CRYPTO_get_locking_callback" referenced by "/system/lib/libkeymaster.so"...
03-04 16:24:31.229  2704  2704 E keystore: could not find any keystore module
03-04 16:24:31.229  2704  2704 E keystore: keystore keymaster could not be initialized; exiting
03-04 16:24:31.239  2722  2722 F libc    : page record for 0xb768802c was not found (block_size=16)
03-04 16:24:31.259  2711  2711 F libc    : page record for 0xb775802c was not found (block_size=16)
03-04 16:24:31.879   212   212 I upi_ug31xx: [get_daemon_uevent_request]: uevent_request = 0 (0000)
03-04 16:24:32.879   212   212 I upi_ug31xx: [get_daemon_uevent_request]: uevent_request = a1 (00a1)
03-04 16:24:32.889   212   212 E upi_ug31xx: [event_loop]: uevent_request = a1 (1074)
03-04 16:24:32.889   212   212 I upi_ug31xx: (106) update_capacity
03-04 16:24:32.889   212   212 I [UPI]   : <UG31/E>[UpiReadCapacity]: V=3799(3801), T=288(290-352), I=241, C=1(1-0)
03-04 16:24:32.889   212   212 I [UPI]   : <UG31/E>[UpiReadCapacity]: (0x02212125) 573 (574) / 3215 (3215) = 18
03-04 16:24:32.889   212   212 I [UPI]   : <UG31/E>[UpiReadCapacity]: (0x02212125) 573 (574) / 3215 (3215) = 18
03-04 16:24:32.889   212   212 I [UPI]   : <UG31/E>[UpiReadCapacity]: (0x02212105) 574 (574) / 3215 (3215) = 18
03-04 16:24:32.889   212   212 I [UPI]   : <UG31/E>[RsocFilterCountTime]: (0x02212105) Step=2(173120), Full=2(173120), Lock=173120(1568091)
03-04 16:24:32.889   212   212 I [UPI]   : <UG31/E>[UpiReadCapacity]: (0x02212105) 574 (574) / 3215 (3215) = 18 (241-241)
03-04 16:24:32.889   212   212 I [UPI]   : <UG31/E><BATT> M:normal, P:18(18-18)%, V:3802mV, C:243mA, T:29.0C(352), S:0x02212105(000), R:574mAh, F:3215mAh, Q:16mAh, CC:0, P:10.30(-16-0)s, BO:10, 110:645:1-4496-Jk:P012-20140710-070130 (16)
03-04 16:24:32.889   212   212 E upi_ug31xx: [event_loop]: uevent_request = a0 (1095)
03-04 16:24:32.889   212   212 I upi_ug31xx: (107) backup_data 
03-04 16:24:32.889   212   212 V upi_ug31xx: state->check_backup_count = 17
03-04 16:24:32.889   212   212 E upi_ug31xx: [event_loop]: uevent_request = 80 (1102)
03-04 16:24:32.889   212   212 I upi_ug31xx: (108) backup_bo check
03-04 16:24:33.889   212   212 I upi_ug31xx: [get_daemon_uevent_request]: uevent_request = 0 (0000)
03-04 16:24:34.299  2743  2743 F libc    : page record for 0xb778102c was not found (block_size=16)
03-04 16:24:34.889   212   212 I upi_ug31xx: [get_daemon_uevent_request]: uevent_request = 0 (0000)
03-04 16:24:35.329  2750  2750 F libc    : page record for 0xb771202c was not found (block_size=16)
03-04 16:24:35.339  2747  2747 E SchedPolicy: open of /dev/cpuctl/bg_non_interactive/tasks failed: No such file or directory
03-04 16:24:35.339  2747  2747 E SchedPolicy: add_tid_to_cgroup failed; fd=-1
03-04 16:24:35.349  2752  2752 F libc    : page record for 0xb775302c was not found (block_size=16)
03-04 16:24:35.359  2746  2746 E HAL     : load: module=/system/lib/hw/keystore.clovertrail.so
03-04 16:24:35.359  2746  2746 E HAL     : dlopen failed: cannot locate symbol "CRYPTO_get_locking_callback" referenced by "/system/lib/libkeymaster.so"...
03-04 16:24:35.359  2746  2746 E keystore: could not find any keystore module
03-04 16:24:35.359  2746  2746 E keystore: keystore keymaster could not be initialized; exiting
03-04 16:24:35.359  2751  2751 I Netd    : Netd 1.0 starting
03-04 16:24:35.359  2751  2751 D TetherController: Setting IP forward enable = 0
03-04 16:24:35.399  2754  2754 F libc    : page record for 0xb767f02c was not found (block_size=16)
03-04 16:24:35.889   212   212 I upi_ug31xx: [get_daemon_uevent_request]: uevent_request = 0 (0000)
03-04 16:24:36.419  2859  2859 F libc    : page record for 0xb720502c was not found (block_size=16)
03-04 16:24:36.419  2853  2853 E sdcard  : usage: sdcard [OPTIONS] <source_path> <label>
03-04 16:24:36.419  2853  2853 E sdcard  :     -u: specify UID to run as
03-04 16:24:36.419  2853  2853 E sdcard  :     -g: specify GID to run as
03-04 16:24:36.419  2853  2853 E sdcard  :     -U: specify user ID that owns device
03-04 16:24:36.419  2853  2853 E sdcard  :     -m: source_path is multi-user
03-04 16:24:36.419  2853  2853 E sdcard  :     -w: runtime write mount has full write access
03-04 16:24:36.419  2853  2853 E sdcard  : 
03-04 16:24:36.419  2854  2854 F libc    : page record for 0xb767502c was not found (block_size=16)
03-04 16:24:36.429  2858  2858 F libc    : page record for 0xb777b02c was not found (block_size=16)
03-04 16:24:36.429  2857  2857 F libc    : page record for 0xb76ac02c was not found (block_size=16)
03-04 16:24:36.459  2860  2860 F libc    : page record for 0xb770902c was not found (block_size=16)
03-04 16:24:36.889   212   212 I upi_ug31xx: [get_daemon_uevent_request]: uevent_request = 0 (0000)
03-04 16:24:37.889   212   212 I upi_ug31xx: [get_daemon_uevent_request]: uevent_request = 0 (0000)
03-04 16:24:38.889   212   212 I upi_ug31xx: [get_daemon_uevent_request]: uevent_request = 0 (0000)
03-04 16:24:39.509  2874  2874 F libc    : page record for 0xb76b502c was not found (block_size=16)
03-04 16:24:39.889   212   212 I upi_ug31xx: [get_daemon_uevent_request]: uevent_request = 0 (0000)
03-04 16:24:40.529  2881  2881 F libc    : page record for 0xb76ae02c was not found (block_size=16)
03-04 16:24:40.549  2883  2883 F libc    : page record for 0xb769702c was not found (block_size=16)
03-04 16:24:40.559  2878  2878 E SchedPolicy: open of /dev/cpuctl/bg_non_interactive/tasks failed: No such file or directory
03-04 16:24:40.559  2878  2878 E SchedPolicy: add_tid_to_cgroup failed; fd=-1
03-04 16:24:40.569  2882  2882 I Netd    : Netd 1.0 starting
03-04 16:24:40.569  2882  2882 D TetherController: Setting IP forward enable = 0
03-04 16:24:40.589  2877  2877 E HAL     : load: module=/system/lib/hw/keystore.clovertrail.so
03-04 16:24:40.589  2877  2877 E HAL     : dlopen failed: cannot locate symbol "CRYPTO_get_locking_callback" referenced by "/system/lib/libkeymaster.so"...
03-04 16:24:40.589  2877  2877 E keystore: could not find any keystore module
03-04 16:24:40.589  2877  2877 E keystore: keystore keymaster could not be initialized; exiting
03-04 16:24:40.619  2884  2884 F libc    : page record for 0xb767302c was not found (block_size=16)
03-04 16:24:40.889   212   212 I upi_ug31xx: [get_daemon_uevent_request]: uevent_request = 0 (0000)
03-04 16:24:41.629  3000  3000 F libc    : page record for 0xb71b802c was not found (block_size=16)
03-04 16:24:41.629  2994  2994 E sdcard  : usage: sdcard [OPTIONS] <source_path> <label>
03-04 16:24:41.629  2994  2994 E sdcard  :     -u: specify UID to run as
03-04 16:24:41.629  2994  2994 E sdcard  :     -g: specify GID to run as
03-04 16:24:41.629  2994  2994 E sdcard  :     -U: specify user ID that owns device
03-04 16:24:41.629  2994  2994 E sdcard  :     -m: source_path is multi-user
03-04 16:24:41.629  2994  2994 E sdcard  :     -w: runtime write mount has full write access
03-04 16:24:41.629  2994  2994 E sdcard  : 
03-04 16:24:41.639  2995  2995 F libc    : page record for 0xb770602c was not found (block_size=16)
03-04 16:24:41.639  2999  2999 F libc    : page record for 0xb76f302c was not found (block_size=16)
03-04 16:24:41.649  2998  2998 F libc    : page record for 0xb76fa02c was not found (block_size=16)
03-04 16:24:41.679  3001  3001 F libc    : page record for 0xb76ef02c was not found (block_size=16)
03-04 16:24:41.889   212   212 I upi_ug31xx: [get_daemon_uevent_request]: uevent_request = 0 (0000)
03-04 16:24:42.889   212   212 I upi_ug31xx: [get_daemon_uevent_request]: uevent_request = a1 (00a1)
03-04 16:24:42.889   212   212 E upi_ug31xx: [event_loop]: uevent_request = a1 (1074)
03-04 16:24:42.889   212   212 I upi_ug31xx: (109) update_capacity
03-04 16:24:42.889   212   212 I [UPI]   : <UG31/E>[UpiReadCapacity]: V=3799(3801), T=288(289-352), I=187, C=0(0-0)
03-04 16:24:42.889   212   212 I [UPI]   : <UG31/E>[UpiReadCapacity]: (0x02212125) 574 (574) / 3215 (3215) = 18
03-04 16:24:42.889   212   212 I [UPI]   : <UG31/E>[UpiReadCapacity]: (0x02212125) 574 (574) / 3215 (3215) = 18
03-04 16:24:42.889   212   212 I [UPI]   : <UG31/E>[UpiReadCapacity]: (0x02212105) 574 (574) / 3215 (3215) = 18
03-04 16:24:42.889   212   212 I [UPI]   : <UG31/E>[RsocFilterCountTime]: (0x02212105) Step=3(183152), Full=3(183152), Lock=183152(2020909)
03-04 16:24:42.889   212   212 I [UPI]   : <UG31/E>[UpiReadCapacity]: (0x02212105) 574 (574) / 3215 (3215) = 18 (187-187)
03-04 16:24:42.889   212   212 I [UPI]   : <UG31/E><BATT> M:normal, P:18(18-18)%, V:3802mV, C:134mA, T:28.9C(352), S:0x02212105(000), R:574mAh, F:3215mAh, Q:16mAh, CC:0, P:10.32(-16-0)s, BO:10, 110:645:1-4496-Jk:P012-20140710-070130 (16)
03-04 16:24:42.889   212   212 E upi_ug31xx: [event_loop]: uevent_request = a0 (1095)
03-04 16:24:42.889   212   212 I upi_ug31xx: (110) backup_data 
03-04 16:24:42.889   212   212 V upi_ug31xx: state->check_backup_count = 18
03-04 16:24:42.889   212   212 E upi_ug31xx: [event_loop]: uevent_request = 80 (1102)
03-04 16:24:42.889   212   212 I upi_ug31xx: (111) backup_bo check
03-04 16:24:43.889   212   212 I upi_ug31xx: [get_daemon_uevent_request]: uevent_request = 0 (0000)
03-04 16:24:44.729  3016  3016 F libc    : page record for 0xb774602c was not found (block_size=16)
03-04 16:24:44.889   212   212 I upi_ug31xx: [get_daemon_uevent_request]: uevent_request = 0 (0000)
03-04 16:24:45.759  3025  3025 F libc    : page record for 0xb771002c was not found (block_size=16)
03-04 16:24:45.769  3020  3020 E SchedPolicy: open of /dev/cpuctl/bg_non_interactive/tasks failed: No such file or directory
03-04 16:24:45.769  3020  3020 E SchedPolicy: add_tid_to_cgroup failed; fd=-1
03-04 16:24:45.769  3023  3023 F libc    : page record for 0xb772c02c was not found (block_size=16)
03-04 16:24:45.789  3019  3019 E HAL     : load: module=/system/lib/hw/keystore.clovertrail.so
03-04 16:24:45.789  3019  3019 E HAL     : dlopen failed: cannot locate symbol "CRYPTO_get_locking_callback" referenced by "/system/lib/libkeymaster.so"...
03-04 16:24:45.789  3019  3019 E keystore: could not find any keystore module
03-04 16:24:45.789  3024  3024 I Netd    : Netd 1.0 starting
03-04 16:24:45.789  3024  3024 D TetherController: Setting IP forward enable = 0
03-04 16:24:45.789  3019  3019 E keystore: keystore keymaster could not be initialized; exiting
03-04 16:24:45.799  3026  3026 F libc    : page record for 0xb76ac02c was not found (block_size=16)
03-04 16:24:45.889   212   212 I upi_ug31xx: [get_daemon_uevent_request]: uevent_request = 0 (0000)
03-04 16:24:46.819  3135  3135 F libc    : page record for 0xb724002c was not found (block_size=16)
03-04 16:24:46.819  3130  3130 F libc    : page record for 0xb76d302c was not found (block_size=16)
03-04 16:24:46.829  3129  3129 E sdcard  : usage: sdcard [OPTIONS] <source_path> <label>
03-04 16:24:46.829  3129  3129 E sdcard  :     -u: specify UID to run as
03-04 16:24:46.829  3129  3129 E sdcard  :     -g: specify GID to run as
03-04 16:24:46.829  3129  3129 E sdcard  :     -U: specify user ID that owns device
03-04 16:24:46.829  3129  3129 E sdcard  :     -m: source_path is multi-user
03-04 16:24:46.829  3129  3129 E sdcard  :     -w: runtime write mount has full write access
03-04 16:24:46.829  3129  3129 E sdcard  : 
03-04 16:24:46.829  3134  3134 F libc    : page record for 0xb76e502c was not found (block_size=16)
03-04 16:24:46.839  3132  3132 F libc    : page record for 0xb76ea02c was not found (block_size=16)
03-04 16:24:46.869  3136  3136 F libc    : page record for 0xb769602c was not found (block_size=16)
03-04 16:24:46.889   212   212 I upi_ug31xx: [get_daemon_uevent_request]: uevent_request = 0 (0000)
03-04 16:24:47.889   212   212 I upi_ug31xx: [get_daemon_uevent_request]: uevent_request = 0 (0000)
03-04 16:24:48.889   212   212 I upi_ug31xx: [get_daemon_uevent_request]: uevent_request = 0 (0000)
03-04 16:24:49.889   212   212 I upi_ug31xx: [get_daemon_uevent_request]: uevent_request = 0 (0000)
03-04 16:24:49.909  3151  3151 F libc    : page record for 0xb773002c was not found (block_size=16)
03-04 16:24:50.889   212   212 I upi_ug31xx: [get_daemon_uevent_request]: uevent_request = 0 (0000)
03-04 16:24:50.939  3158  3158 F libc    : page record for 0xb76e002c was not found (block_size=16)
03-04 16:24:50.949  3160  3160 F libc    : page record for 0xb776102c was not found (block_size=16)
03-04 16:24:50.949  3155  3155 E SchedPolicy: open of /dev/cpuctl/bg_non_interactive/tasks failed: No such file or directory
03-04 16:24:50.949  3155  3155 E SchedPolicy: add_tid_to_cgroup failed; fd=-1
03-04 16:24:50.969  3159  3159 I Netd    : Netd 1.0 starting
03-04 16:24:50.969  3159  3159 D TetherController: Setting IP forward enable = 0
03-04 16:24:50.979  3154  3154 E HAL     : load: module=/system/lib/hw/keystore.clovertrail.so
03-04 16:24:50.979  3154  3154 E HAL     : dlopen failed: cannot locate symbol "CRYPTO_get_locking_callback" referenced by "/system/lib/libkeymaster.so"...
03-04 16:24:50.979  3154  3154 E keystore: could not find any keystore module
03-04 16:24:50.979  3154  3154 E keystore: keystore keymaster could not be initialized; exiting
03-04 16:24:51.009  3164  3164 F libc    : page record for 0xb76f002c was not found (block_size=16)
03-04 16:24:51.889   212   212 I upi_ug31xx: [get_daemon_uevent_request]: uevent_request = 0 (0000)
03-04 16:24:52.019  3255  3255 F libc    : page record for 0xb721302c was not found (block_size=16)
03-04 16:24:52.019  3249  3249 E sdcard  : usage: sdcard [OPTIONS] <source_path> <label>
03-04 16:24:52.019  3249  3249 E sdcard  :     -u: specify UID to run as
03-04 16:24:52.019  3249  3249 E sdcard  :     -g: specify GID to run as
03-04 16:24:52.019  3249  3249 E sdcard  :     -U: specify user ID that owns device
03-04 16:24:52.019  3249  3249 E sdcard  :     -m: source_path is multi-user
03-04 16:24:52.019  3249  3249 E sdcard  :     -w: runtime write mount has full write access
03-04 16:24:52.019  3249  3249 E sdcard  : 
03-04 16:24:52.029  3250  3250 F libc    : page record for 0xb763202c was not found (block_size=16)
03-04 16:24:52.039  3254  3254 F libc    : page record for 0xb778102c was not found (block_size=16)
03-04 16:24:52.039  3253  3253 F libc    : page record for 0xb774002c was not found (block_size=16)
03-04 16:24:52.069  3256  3256 F libc    : page record for 0xb76b602c was not found (block_size=16)
03-04 16:24:52.889   212   212 I upi_ug31xx: [get_daemon_uevent_request]: uevent_request = a1 (00a1)
03-04 16:24:52.889   212   212 E upi_ug31xx: [event_loop]: uevent_request = a1 (1074)
03-04 16:24:52.889   212   212 I upi_ug31xx: (112) update_capacity
03-04 16:24:52.889   212   212 I [UPI]   : <UG31/E>[UpiReadCapacity]: V=3799(3799), T=287(287-352), I=18, C=0(0-0)
03-04 16:24:52.889   212   212 I [UPI]   : <UG31/E>[UpiReadCapacity]: (0x02212121) 574 (1350) / 3215 (3215) = 18
03-04 16:24:52.889   212   212 I [UPI]   : <UG31/E>[UpiReadCapacity]: (0x02212121) 574 (1350) / 3215 (3215) = 18
03-04 16:24:52.889   212   212 I [UPI]   : <UG31/E>[UpiReadCapacity]: (0x02212101) 574 (574) / 3215 (3215) = 18
03-04 16:24:52.889   212   212 I [UPI]   : <UG31/E>[RsocFilterCountTime]: (0x02212101) Step=3(193182), Full=3(193182), Lock=193182(32300000)
03-04 16:24:52.889   212   212 I [UPI]   : <UG31/E>[UpiReadCapacity]: (0x02212101) 574 (574) / 3215 (3215) = 18 (18-18)
03-04 16:24:52.899   212   212 I [UPI]   : <UG31/E><BATT> M:normal, P:18(18-18)%, V:3797mV, C:-151mA, T:28.7C(352), S:0x02212101(000), R:574mAh, F:3215mAh, Q:16mAh, CC:0, P:10.30(-16-0)s, BO:10, 110:645:1-4496-Jk:P012-20140710-070130 (16)
03-04 16:24:52.899   212   212 E upi_ug31xx: [event_loop]: uevent_request = a0 (1095)
03-04 16:24:52.899   212   212 I upi_ug31xx: (113) backup_data 
03-04 16:24:52.899   212   212 V upi_ug31xx: state->check_backup_count = 19
03-04 16:24:52.899   212   212 E upi_ug31xx: [event_loop]: uevent_request = 80 (1102)
03-04 16:24:52.899   212   212 I upi_ug31xx: (114) backup_bo check
03-04 16:24:53.899   212   212 I upi_ug31xx: [get_daemon_uevent_request]: uevent_request = a1 (00a1)
03-04 16:24:53.899   212   212 E upi_ug31xx: [event_loop]: uevent_request = a1 (1074)
03-04 16:24:53.899   212   212 I upi_ug31xx: (115) update_capacity
03-04 16:24:53.899   212   212 I [UPI]   : <UG31/E>[UpiReadCapacity]: V=3798(3798), T=286(285-352), I=-28, C=0(0-0)
03-04 16:24:53.899   212   212 I [UPI]   : <UG31/E>[UpiReadCapacity]: (0x02212108) 574 (1350) / 3215 (3215) = 18
03-04 16:24:53.899   212   212 I [UPI]   : <UG31/E>[UpiReadCapacity]: (0x02212108) 574 (1350) / 3215 (3215) = 18
03-04 16:24:53.899   212   212 I [UPI]   : <UG31/E>[UpiReadCapacity]: (0x02212108) 574 (574) / 3215 (3215) = 18
03-04 16:24:53.899   212   212 I [UPI]   : <UG31/E>[RsocFilterCountTime]: (0x02212108) Step=3(193802), Full=3(193802), Lock=193802(20764285)
03-04 16:24:53.899   212   212 I [UPI]   : <UG31/E>[UpiReadCapacity]: (0x02212108) 574 (574) / 3215 (3215) = 18 (-28--28)
03-04 16:24:53.899   212   212 I [UPI]   : <UG31/E><BATT> M:normal, P:18(18-18)%, V:3797mV, C:-74mA, T:28.5C(352), S:0x02212108(000), R:574mAh, F:3215mAh, Q:16mAh, CC:0, P:0.620(-16-0)s, BO:10, 110:645:1-4496-Jk:P012-20140710-070130 (16)
03-04 16:24:53.899   212   212 E upi_ug31xx: [event_loop]: uevent_request = a0 (1095)
03-04 16:24:53.899   212   212 I upi_ug31xx: (116) backup_data 
03-04 16:24:53.899   212   212 V upi_ug31xx: state->check_backup_count = 20
03-04 16:24:53.899   212   212 E upi_ug31xx: [event_loop]: uevent_request = 80 (1102)
03-04 16:24:53.899   212   212 I upi_ug31xx: (117) backup_bo check
03-04 16:24:54.899   212   212 I upi_ug31xx: [get_daemon_uevent_request]: uevent_request = 0 (0000)
03-04 16:24:55.109  3272  3272 F libc    : page record for 0xb772d02c was not found (block_size=16)
03-04 16:24:55.899   212   212 I upi_ug31xx: [get_daemon_uevent_request]: uevent_request = 0 (0000)
03-04 16:24:56.129  3279  3279 F libc    : page record for 0xb76af02c was not found (block_size=16)
03-04 16:24:56.139  3276  3276 E SchedPolicy: open of /dev/cpuctl/bg_non_interactive/tasks failed: No such file or directory
03-04 16:24:56.139  3276  3276 E SchedPolicy: add_tid_to_cgroup failed; fd=-1
03-04 16:24:56.149  3281  3281 F libc    : page record for 0xb775c02c was not found (block_size=16)
03-04 16:24:56.169  3280  3280 I Netd    : Netd 1.0 starting
03-04 16:24:56.169  3280  3280 D TetherController: Setting IP forward enable = 0
03-04 16:24:56.179  3275  3275 E HAL     : load: module=/system/lib/hw/keystore.clovertrail.so
03-04 16:24:56.179  3275  3275 E HAL     : dlopen failed: cannot locate symbol "CRYPTO_get_locking_callback" referenced by "/system/lib/libkeymaster.so"...
03-04 16:24:56.179  3275  3275 E keystore: could not find any keystore module
03-04 16:24:56.179  3275  3275 E keystore: keystore keymaster could not be initialized; exiting
03-04 16:24:56.189  3299  3299 F libc    : page record for 0xb728402c was not found (block_size=16)
03-04 16:24:56.189  3296  3296 F libc    : page record for 0xb76e002c was not found (block_size=16)
03-04 16:24:56.189  3295  3295 E sdcard  : usage: sdcard [OPTIONS] <source_path> <label>
03-04 16:24:56.189  3295  3295 E sdcard  :     -u: specify UID to run as
03-04 16:24:56.189  3295  3295 E sdcard  :     -g: specify GID to run as
03-04 16:24:56.189  3295  3295 E sdcard  :     -U: specify user ID that owns device
03-04 16:24:56.189  3295  3295 E sdcard  :     -m: source_path is multi-user
03-04 16:24:56.189  3295  3295 E sdcard  :     -w: runtime write mount has full write access
03-04 16:24:56.189  3295  3295 E sdcard  : 
03-04 16:24:56.199  3298  3298 F libc    : page record for 0xb770e02c was not found (block_size=16)
03-04 16:24:56.209  3282  3282 F libc    : page record for 0xb772c02c was not found (block_size=16)
03-04 16:24:56.209  3297  3297 F libc    : page record for 0xb76a102c was not found (block_size=16)
03-04 16:24:56.239  3300  3300 F libc    : page record for 0xb76e602c was not found (block_size=16)
03-04 16:24:56.899   212   212 I upi_ug31xx: [get_daemon_uevent_request]: uevent_request = 0 (0000)
03-04 16:24:57.899   212   212 I upi_ug31xx: [get_daemon_uevent_request]: uevent_request = 0 (0000)
03-04 16:24:58.899   212   212 I upi_ug31xx: [get_daemon_uevent_request]: uevent_request = 0 (0000)
03-04 16:24:59.279  3317  3317 F libc    : page record for 0xb76f302c was not found (block_size=16)
03-04 16:24:59.899   212   212 I upi_ug31xx: [get_daemon_uevent_request]: uevent_request = 0 (0000)
03-04 16:25:00.309  3324  3324 F libc    : page record for 0xb76a702c was not found (block_size=16)
03-04 16:25:00.329  3321  3321 E SchedPolicy: open of /dev/cpuctl/bg_non_interactive/tasks failed: No such file or directory
03-04 16:25:00.329  3321  3321 E SchedPolicy: add_tid_to_cgroup failed; fd=-1
03-04 16:25:00.329  3326  3326 F libc    : page record for 0xb76ba02c was not found (block_size=16)
03-04 16:25:00.339  3325  3325 I Netd    : Netd 1.0 starting
03-04 16:25:00.339  3325  3325 D TetherController: Setting IP forward enable = 0
03-04 16:25:00.359  3320  3320 E HAL     : load: module=/system/lib/hw/keystore.clovertrail.so
03-04 16:25:00.359  3320  3320 E HAL     : dlopen failed: cannot locate symbol "CRYPTO_get_locking_callback" referenced by "/system/lib/libkeymaster.so"...
03-04 16:25:00.359  3320  3320 E keystore: could not find any keystore module
03-04 16:25:00.359  3320  3320 E keystore: keystore keymaster could not be initialized; exiting
03-04 16:25:00.369  3327  3327 F libc    : page record for 0xb775302c was not found (block_size=16)
03-04 16:25:00.899   212   212 I upi_ug31xx: [get_daemon_uevent_request]: uevent_request = 0 (0000)
03-04 16:25:01.389  3443  3443 F libc    : page record for 0xb71e102c was not found (block_size=16)
03-04 16:25:01.389  3437  3437 E sdcard  : usage: sdcard [OPTIONS] <source_path> <label>
03-04 16:25:01.389  3437  3437 E sdcard  :     -u: specify UID to run as
03-04 16:25:01.389  3437  3437 E sdcard  :     -g: specify GID to run as
03-04 16:25:01.389  3437  3437 E sdcard  :     -U: specify user ID that owns device
03-04 16:25:01.389  3437  3437 E sdcard  :     -m: source_path is multi-user
03-04 16:25:01.389  3437  3437 E sdcard  :     -w: runtime write mount has full write access
03-04 16:25:01.389  3437  3437 E sdcard  : 
03-04 16:25:01.399  3438  3438 F libc    : page record for 0xb76f002c was not found (block_size=16)
03-04 16:25:01.399  3442  3442 F libc    : page record for 0xb772502c was not found (block_size=16)
03-04 16:25:01.409  3440  3440 F libc    : page record for 0xb76b302c was not found (block_size=16)
03-04 16:25:01.429  3444  3444 F libc    : page record for 0xb778502c was not found (block_size=16)
03-04 16:25:01.899   212   212 I upi_ug31xx: [get_daemon_uevent_request]: uevent_request = 0 (0000)
03-04 16:25:02.899   212   212 I upi_ug31xx: [get_daemon_uevent_request]: uevent_request = 0 (0000)
03-04 16:25:03.899   212   212 I upi_ug31xx: [get_daemon_uevent_request]: uevent_request = a1 (00a1)
03-04 16:25:03.899   212   212 E upi_ug31xx: [event_loop]: uevent_request = a1 (1074)
03-04 16:25:03.899   212   212 I upi_ug31xx: (118) update_capacity
03-04 16:25:03.899   212   212 I [UPI]   : <UG31/E>[UpiReadCapacity]: V=3797(3797), T=286(286-352), I=102, C=1(0-1)
03-04 16:25:03.899   212   212 I [UPI]   : <UG31/E>[UpiReadCapacity]: (0x02212126) 574 (1350) / 3215 (3215) = 18
03-04 16:25:03.899   212   212 I [UPI]   : <UG31/E>[UpiReadCapacity]: (0x02212126) 574 (1350) / 3215 (3215) = 18
03-04 16:25:03.899   212   212 I [UPI]   : <UG31/E>[UpiReadCapacity]: (0x02212106) 574 (574) / 3215 (3215) = 18
03-04 16:25:03.899   212   212 I [UPI]   : <UG31/E>[RsocFilterCountTime]: (0x02212106) Step=3(203832), Full=3(203832), Lock=203832(3705000)
03-04 16:25:03.899   212   212 I [UPI]   : <UG31/E>[UpiReadCapacity]: (0x02212106) 574 (574) / 3215 (3215) = 18 (102-102)
03-04 16:25:03.899   212   212 I [UPI]   : <UG31/E><BATT> M:normal, P:18(18-18)%, V:3797mV, C:232mA, T:28.6C(352), S:0x02212106(000), R:574mAh, F:3215mAh, Q:17mAh, CC:0, P:10.30(-17-1)s, BO:10, 110:645:1-4496-Jk:P012-20140710-070130 (16)
03-04 16:25:03.899   212   212 E upi_ug31xx: [event_loop]: uevent_request = a0 (1095)
03-04 16:25:03.899   212   212 I upi_ug31xx: (119) backup_data 
03-04 16:25:03.899   212   212 V upi_ug31xx: state->check_backup_count = 21
03-04 16:25:03.899   212   212 I [UPI]   : <UG31/E>[upi_lib_backup_data]: Driver backup data not ready.
03-04 16:25:03.899   212   212 E upi_ug31xx: [event_loop]: uevent_request = 80 (1102)
03-04 16:25:03.899   212   212 I upi_ug31xx: (120) backup_bo check
03-04 16:25:04.489  3460  3460 F libc    : page record for 0xb76e402c was not found (block_size=16)
03-04 16:25:04.899   212   212 I upi_ug31xx: [get_daemon_uevent_request]: uevent_request = a1 (00a1)
03-04 16:25:04.899   212   212 E upi_ug31xx: [event_loop]: uevent_request = a1 (1074)
03-04 16:25:04.899   212   212 I upi_ug31xx: (121) update_capacity
03-04 16:25:04.899   212   212 I [UPI]   : <UG31/E>[UpiReadCapacity]: V=3797(3797), T=286(287-352), I=168, C=0(0-1)
03-04 16:25:04.899   212   212 I [UPI]   : <UG31/E>[UpiReadCapacity]: (0x02212125) 574 (574) / 3215 (3215) = 18
03-04 16:25:04.899   212   212 I [UPI]   : <UG31/E>[UpiReadCapacity]: (0x02212125) 574 (574) / 3215 (3215) = 18
03-04 16:25:04.899   212   212 I [UPI]   : <UG31/E>[UpiReadCapacity]: (0x02212105) 574 (574) / 3215 (3215) = 18
03-04 16:25:04.899   212   212 I [UPI]   : <UG31/E>[RsocFilterCountTime]: (0x02212105) Step=3(204802), Full=3(204802), Lock=204802(2249464)
03-04 16:25:04.899   212   212 I [UPI]   : <UG31/E>[UpiReadCapacity]: (0x02212105) 574 (574) / 3215 (3215) = 18 (168-168)
03-04 16:25:04.899   212   212 I [UPI]   : <UG31/E><BATT> M:normal, P:18(18-18)%, V:3797mV, C:235mA, T:28.7C(352), S:0x02212105(000), R:574mAh, F:3215mAh, Q:17mAh, CC:0, P:0.970(-17-1)s, BO:10, 110:645:1-4496-Jk:P012-20140710-070130 (16)
03-04 16:25:04.899   212   212 E upi_ug31xx: [event_loop]: uevent_request = a0 (1095)
03-04 16:25:04.899   212   212 I upi_ug31xx: (122) backup_data 
03-04 16:25:04.899   212   212 V upi_ug31xx: state->check_backup_count = 21
03-04 16:25:04.899   212   212 E upi_ug31xx: [event_loop]: uevent_request = 80 (1102)
03-04 16:25:04.899   212   212 I upi_ug31xx: (123) backup_bo check
03-04 16:25:05.519  3467  3467 F libc    : page record for 0xb767d02c was not found (block_size=16)
03-04 16:25:05.529  3469  3469 F libc    : page record for 0xb772a02c was not found (block_size=16)
03-04 16:25:05.539  3464  3464 E SchedPolicy: open of /dev/cpuctl/bg_non_interactive/tasks failed: No such file or directory
03-04 16:25:05.539  3464  3464 E SchedPolicy: add_tid_to_cgroup failed; fd=-1
03-04 16:25:05.549  3468  3468 I Netd    : Netd 1.0 starting
03-04 16:25:05.549  3468  3468 D TetherController: Setting IP forward enable = 0
03-04 16:25:05.559  3463  3463 E HAL     : load: module=/system/lib/hw/keystore.clovertrail.so
03-04 16:25:05.559  3463  3463 E HAL     : dlopen failed: cannot locate symbol "CRYPTO_get_locking_callback" referenced by "/system/lib/libkeymaster.so"...
03-04 16:25:05.559  3463  3463 E keystore: could not find any keystore module
03-04 16:25:05.559  3463  3463 E keystore: keystore keymaster could not be initialized; exiting
03-04 16:25:05.569  3470  3470 F libc    : page record for 0xb771502c was not found (block_size=16)
03-04 16:25:05.899   212   212 I upi_ug31xx: [get_daemon_uevent_request]: uevent_request = 0 (0000)
03-04 16:25:06.579  3578  3578 F libc    : page record for 0xb726102c was not found (block_size=16)
