--------- beginning of main
03-04 16:19:42.289   178   178 I config_init: PROJID: 5 
03-04 16:19:42.299   181   181 I config_init: COUNTRY_CODE:  
03-04 16:19:42.339   186   186 I config_init: Activating configuration DSDS_A600CG 
03-04 16:19:44.749   213   213 W linker  : /system/vendor/bin/pvrsrvctl: unused DT entry: type 0x1d arg 0x15f
03-04 16:19:44.759   212   212 I upi_ug31xx: ---------- STARTING UPI CAPACITY ALGORITHM VERSION : 110:645:1 (20140710-070130) ----------
03-04 16:19:44.759   212   212 I [UPI]   : <UG31/E>[upi_lib_malloc_memory]: 56,196,473,72,10887
03-04 16:19:44.759   212   212 I [UPI]   : <UG31/D>[UpiGetBackupMemorySize]: memory size for CheckBackupFile_orgCapData = 473 (473)
03-04 16:19:44.759   212   212 I [UPI]   : <UG31/D>[UpiGetBackupMemorySize]: memory size for CheckBackupFile_orgSysData = 72 (545)
03-04 16:19:44.759   212   212 I [UPI]   : <UG31/D>[UpiGetBackupMemorySize]: memory size for UpiWriteSuspendResumeData_buf = 1338 (11249)
03-04 16:19:44.759   212   212 I [UPI]   : <UG31/D>[UpiGetCapacityMemorySize]: memory size for capData = 107
03-04 16:19:44.759   212   212 I [UPI]   : <UG31/D>[UpiGetMeasurementMemorySize]: memory size for measData = 59
03-04 16:19:44.759   212   212 I [UPI]   : <UG31/D>[upi_lib_get_memory_size]: Total memory size = 11415
03-04 16:19:44.759   212   212 I upi_ug31xx: total memory size = 13640 + 11415
03-04 16:19:44.759   212   212 I [UPI]   : <UG31/E>[upi_lib_print_obj_version]: UG31XX API $Rev: 645 $
03-04 16:19:44.759   212   212 I [UPI]   : <UG31/E>[UpiPrintBackupVersion]: Backup $Rev: 107 $ 
03-04 16:19:44.759   212   212 I [UPI]   : <UG31/E>[UpiPrintCapacityVersion]: Capacity $Rev: 110 $
03-04 16:19:44.759   212   212 I [UPI]   : <UG31/E>[UpiPrintMeasurementVersion]: Measurement $Rev: 107 $
03-04 16:19:44.759   212   212 I [UPI]   : <UG31/E>[UpiPrintOtpVersion]: OTP $Rev: 107 $ 
03-04 16:19:44.759   212   212 I [UPI]   : <UG31/E>[UpiPrintSystemVersion]: System $Rev: 645 $
03-04 16:19:44.759   212   212 E upi_ug31xx: [set_boot_mode]: ro.boot.mode = main (4)
03-04 16:19:44.759   212   212 I upi_ug31xx: [get_daemon_uevent_request]: uevent_request = 61 (0061)
03-04 16:19:44.759   212   212 E upi_ug31xx: [event_loop]: uevent_request = 61 (1074)
03-04 16:19:44.759   212   212 I upi_ug31xx: (1) update_capacity
03-04 16:19:44.759   212   212 I [UPI]   : <UG31/E>[upi_lib_update_capacity]: First update capacity ... 4 (1600 -> 1020)
03-04 16:19:44.759   212   212 I [UPI]   : <UG31/E><BATT> M:normal, P:17(17-27)%, V:3741mV, C:224mA, T:33.6C(374), S:0x00012008(000), R:561mAh, F:3215mAh, Q:0mAh, CC:0, P:1.20(0-0)s, BO:-11, 110:645:1-4496-Jk:P012-20140710-070130 (16)
03-04 16:19:44.759   212   212 E upi_ug31xx: [event_loop]: uevent_request = 60 (1081)
03-04 16:19:44.759   212   212 I upi_ug31xx: (2) backup_data write
03-04 16:19:44.759   212   212 V upi_ug31xx: state->check_backup_count = 21
03-04 16:19:44.759   212   212 I [UPI]   : <UG31/E>[upi_lib_backup_data]: Driver backup data not ready.
03-04 16:19:44.759   212   212 E upi_ug31xx: [event_loop]: uevent_request = 20 (1095)
03-04 16:19:44.759   212   212 I upi_ug31xx: (3) backup_data 
03-04 16:19:44.759   212   212 V upi_ug31xx: state->check_backup_count = 21
03-04 16:19:44.769   213   213 W linker  : /system/vendor/lib/libsrv_init.so: unused DT entry: type 0x1d arg 0x1c0
03-04 16:19:44.769   212   212 I [UPI]   : <UG31/E>[upi_lib_backup_data]: Driver backup data not ready.
03-04 16:19:44.789   213   213 W linker  : /system/vendor/lib/libsrv_um.so: unused DT entry: type 0x1d arg 0xbcc
03-04 16:19:44.799   229   229 F libc    : page record for 0xb771402c was not found (block_size=16)
03-04 16:19:44.829   217   217 F libc    : page record for 0xb76db02c was not found (block_size=16)
03-04 16:19:44.829   213   213 E IMGSRV  : :0: SetupuKernel : EDM status value DevVAddr: 0xF4005000 pvLinAddrKM: 0x0xf60ce000
03-04 16:19:44.839   210   210 F libc    : page record for 0xb76c302c was not found (block_size=16)
03-04 16:19:44.849   221   221 E AKMD2   : sensor_daemon device:a500cg!
03-04 16:19:44.849   221   221 I AKMD2   : AKMD09911 6D v20130329 (Library for AK9911: v3.1.0.1012) started.
03-04 16:19:44.849   221   221 I AKMD2   : Debug: ON
03-04 16:19:44.849   221   221 E AKMD2   : LoadPDC:106 fopen Error (No such file or directory).
03-04 16:19:44.849   208   208 I lowmemorykiller: Using in-kernel low memory killer interface
--------- beginning of system
03-04 16:19:44.859   206   206 E SchedPolicy: open of /dev/cpuctl/bg_non_interactive/tasks failed: No such file or directory
03-04 16:19:44.859   206   206 E SchedPolicy: add_tid_to_cgroup failed; fd=-1
03-04 16:19:44.869   223   223 E AKMD2   : sensor_daemon device:a500cg!
03-04 16:19:44.869   223   223 I AKMD2   : AKMD 6D with DOEPlus v20130614 (Library for AK9911: v5.0.0.1130) started.
03-04 16:19:44.869   223   223 I AKMD2   : Debug: ON
03-04 16:19:44.869   223   223 I AKMD2   : AKMD Hlayout is set to 2.
03-04 16:19:44.869   223   223 E AKMD2   : LoadPDC:113 fopen Error (No such file or directory).
03-04 16:19:44.929   261   261 I         : debuggerd: Mar  4 2016 15:43:29
03-04 16:19:44.939   265   265 I installd: installd firing up
03-04 16:19:44.959   211   211 I SurfaceFlinger: SurfaceFlinger is starting
03-04 16:19:44.959   211   211 I SurfaceFlinger: SurfaceFlinger's main thread ready to run. Initializing graphics H/W...
03-04 16:19:44.959   289   289 E sdcard  : usage: sdcard [OPTIONS] <source_path> <label>
03-04 16:19:44.959   289   289 E sdcard  :     -u: specify UID to run as
03-04 16:19:44.959   289   289 E sdcard  :     -g: specify GID to run as
03-04 16:19:44.959   289   289 E sdcard  :     -U: specify user ID that owns device
03-04 16:19:44.959   289   289 E sdcard  :     -m: source_path is multi-user
03-04 16:19:44.959   289   289 E sdcard  :     -w: runtime write mount has full write access
03-04 16:19:44.959   289   289 E sdcard  : 
03-04 16:19:44.969   270   270 F libc    : page record for 0xb727802c was not found (block_size=16)
03-04 16:19:44.969   211   211 W linker  : /system/vendor/lib/egl/libEGL_POWERVR_SGX544_115.so: unused DT entry: type 0x1d arg 0x559
03-04 16:19:44.979   211   211 W linker  : /system/vendor/lib/libIMGegl.so: unused DT entry: type 0x1d arg 0x7cc
03-04 16:19:44.979   211   211 W linker  : /system/vendor/lib/libsrv_um.so: unused DT entry: type 0x1d arg 0xbcc
03-04 16:19:44.979   211   211 D libEGL  : loaded /vendor/lib/egl/libEGL_POWERVR_SGX544_115.so
03-04 16:19:44.989   295   295 E logwrapper: executing /system/xbin/busybox failed: No such file or directory
03-04 16:19:44.989   258   258 I busybox : executing /system/xbin/busybox failed: No such file or directory
03-04 16:19:44.989   258   258 I busybox : busybox terminated by exit(255)
03-04 16:19:44.989   211   211 W linker  : /system/vendor/lib/egl/libGLESv1_CM_POWERVR_SGX544_115.so: unused DT entry: type 0x1d arg 0xc4f
03-04 16:19:44.999   211   211 W linker  : /system/vendor/lib/libusc.so: unused DT entry: type 0x1d arg 0x1ac
03-04 16:19:45.009   211   211 W linker  : /system/vendor/lib/egl/libGLESv2_POWERVR_SGX544_115.so: unused DT entry: type 0x1d arg 0xd7a
03-04 16:19:45.039   211   211 W linker  : /system/vendor/lib/libPVROCL.so: unused DT entry: type 0x1d arg 0x9f6
03-04 16:19:45.039   211   211 W linker  : /system/vendor/lib/egl/libGLESv1_CM_POWERVR_SGX544_115.so: unused DT entry: type 0x1d arg 0xc4f
03-04 16:19:45.039   211   211 W linker  : /system/vendor/lib/libusc.so: unused DT entry: type 0x1d arg 0x1ac
03-04 16:19:45.039   211   211 D libEGL  : loaded /vendor/lib/egl/libGLESv1_CM_POWERVR_SGX544_115.so
03-04 16:19:45.039   211   211 W linker  : /system/vendor/lib/egl/libGLESv2_POWERVR_SGX544_115.so: unused DT entry: type 0x1d arg 0xd7a
03-04 16:19:45.059   264   264 F libc    : page record for 0xb76b102c was not found (block_size=16)
03-04 16:19:45.059   257   257 E HAL     : load: module=/system/lib/hw/keystore.clovertrail.so
03-04 16:19:45.059   257   257 E HAL     : dlopen failed: cannot locate symbol "CRYPTO_get_locking_callback" referenced by "/system/lib/libkeymaster.so"...
03-04 16:19:45.059   257   257 E keystore: could not find any keystore module
03-04 16:19:45.059   257   257 E keystore: keystore keymaster could not be initialized; exiting
03-04 16:19:45.069   267   267 F libc    : page record for 0xb767402c was not found (block_size=16)
03-04 16:19:45.079   211   211 D libEGL  : loaded /vendor/lib/egl/libGLESv2_POWERVR_SGX544_115.so
03-04 16:19:45.079   294   294 F libc    : page record for 0xb76f302c was not found (block_size=16)
03-04 16:19:45.079   263   263 F libc    : page record for 0xb76dd02c was not found (block_size=16)
03-04 16:19:45.099   312   312 F libc    : page record for 0xb776c02c was not found (block_size=16)
03-04 16:19:45.099   211   211 W linker  : /system/vendor/lib/libpvrANDROID_WSEGL.so: unused DT entry: type 0x1d arg 0x149
03-04 16:19:45.109   259   259 I Netd    : Netd 1.0 starting
03-04 16:19:45.109   259   259 D TetherController: Setting IP forward enable = 0
03-04 16:19:45.109   211   211 W linker  : /system/vendor/lib/hw/gralloc.redhookbay.so: unused DT entry: type 0x1d arg 0x5dd
03-04 16:19:45.109   211   211 W linker  : /system/vendor/lib/libpvr2d.so: unused DT entry: type 0x1d arg 0x79b
03-04 16:19:45.139   256   256 F libc    : page record for 0xb777e02c was not found (block_size=16)
03-04 16:19:45.159   211   211 D hwcomposer: bool IntelHWComposerDrm::drmInit(): successfully. mDrmFd 16
03-04 16:19:45.159   211   318 I ServiceManager: Waiting for service display.intel.mds...
03-04 16:19:45.159   211   211 I hwcomposer: Sprite count: 0, Primary count: 2, Overlay count: 1
03-04 16:19:45.169   211   211 I hwcomposer: PixelFormatConverter: initialized
03-04 16:19:45.189   211   211 I SurfaceFlinger: Using composer version 1.3
03-04 16:19:45.189   211   211 I hwcomposer: [DISP] ro.product.device : a500cg cpy:a500cg
03-04 16:19:45.189   211   211 I SurfaceFlinger: EGL information:
03-04 16:19:45.189   211   211 I SurfaceFlinger: vendor    : Android
03-04 16:19:45.189   211   211 I SurfaceFlinger: version   : 1.4 Android META-EGL
03-04 16:19:45.189   211   211 I SurfaceFlinger: extensions: EGL_KHR_get_all_proc_addresses EGL_ANDROID_presentation_time EGL_KHR_swap_buffers_with_damage EGL_KHR_image EGL_KHR_image_base EGL_KHR_gl_texture_2D_image EGL_KHR_gl_texture_cubemap_image EGL_KHR_gl_renderbuffer_image EGL_KHR_fence_sync EGL_KHR_create_context EGL_KHR_surfaceless_context EGL_ANDROID_image_native_buffer EGL_KHR_wait_sync EGL_ANDROID_recordable 
03-04 16:19:45.189   211   211 I SurfaceFlinger: Client API: OpenGL_ES
03-04 16:19:45.189   211   211 I SurfaceFlinger: EGLSurface: 8-8-8-8, config=0xf
03-04 16:19:45.189   211   211 W linker  : /system/vendor/lib/libPVROCL.so: unused DT entry: type 0x1d arg 0x9f6
03-04 16:19:45.209   211   211 I SurfaceFlinger: OpenGL ES informations:
03-04 16:19:45.209   211   211 I SurfaceFlinger: vendor    : Imagination Technologies
03-04 16:19:45.209   211   211 I SurfaceFlinger: renderer  : PowerVR SGX 544MP2
03-04 16:19:45.209   211   211 I SurfaceFlinger: version   : OpenGL ES 2.0 build 1.12@3197934
03-04 16:19:45.209   211   211 I SurfaceFlinger: extensions: GL_EXT_debug_marker GL_OES_rgb8_rgba8 GL_OES_depth24 GL_OES_vertex_half_float GL_OES_texture_float GL_OES_texture_half_float GL_OES_element_index_uint GL_OES_mapbuffer GL_OES_fragment_precision_high GL_OES_compressed_ETC1_RGB8_texture GL_OES_EGL_image GL_OES_EGL_image_external GL_OES_required_internalformat GL_OES_depth_texture GL_OES_get_program_binary GL_OES_packed_depth_stencil GL_OES_standard_derivatives GL_OES_vertex_array_object GL_OES_egl_sync GL_OES_texture_npot GL_OES_surfaceless_context GL_EXT_discard_framebuffer GL_EXT_blend_minmax GL_EXT_multi_draw_arrays GL_EXT_multisampled_render_to_texture GL_EXT_shader_texture_lod GL_EXT_texture_format_BGRA8888 GL_EXT_occlusion_query_boolean GL_EXT_texture_rg GL_EXT_draw_buffers GL_EXT_shader_framebuffer_fetch GL_IMG_shader_binary GL_IMG_texture_compression_pvrtc GL_IMG_texture_compression_pvrtc2 GL_IMG_texture_npot GL_IMG_texture_format_BGRA8888 GL_IMG_read_format GL_IMG_program_binary GL_IMG_uniform_buffer_object GL_IMG_multisampled_render_to_te
03-04 16:19:45.209   211   211 I SurfaceFlinger: GL_MAX_TEXTURE_SIZE = 4096
03-04 16:19:45.209   211   211 I SurfaceFlinger: GL_MAX_VIEWPORT_DIMS = 4096
03-04 16:19:45.219   211   211 D SurfaceFlinger: Set power mode=2, type=0 flinger=0xb7062000
03-04 16:19:45.229   280   280 F libc    : page record for 0xb76db02c was not found (block_size=16)
03-04 16:19:45.229   211   211 W linker  : /system/vendor/lib/libglslcompiler.so: unused DT entry: type 0x1d arg 0x2c6
03-04 16:19:45.329   211   211 D SurfaceFlinger: shader cache generated - 24 shaders in 104.646004 ms
03-04 16:19:45.349   331   338 W linker  : /system/vendor/lib/egl/libEGL_POWERVR_SGX544_115.so: unused DT entry: type 0x1d arg 0x559
03-04 16:19:45.349   331   338 W linker  : /system/vendor/lib/libIMGegl.so: unused DT entry: type 0x1d arg 0x7cc
03-04 16:19:45.349   331   338 W linker  : /system/vendor/lib/libsrv_um.so: unused DT entry: type 0x1d arg 0xbcc
03-04 16:19:45.349   331   338 D libEGL  : loaded /vendor/lib/egl/libEGL_POWERVR_SGX544_115.so
03-04 16:19:45.349   331   338 W linker  : /system/vendor/lib/egl/libGLESv1_CM_POWERVR_SGX544_115.so: unused DT entry: type 0x1d arg 0xc4f
03-04 16:19:45.349   331   338 W linker  : /system/vendor/lib/libusc.so: unused DT entry: type 0x1d arg 0x1ac
03-04 16:19:45.349   331   338 W linker  : /system/vendor/lib/egl/libGLESv2_POWERVR_SGX544_115.so: unused DT entry: type 0x1d arg 0xd7a
03-04 16:19:45.359   331   338 W linker  : /system/vendor/lib/libPVROCL.so: unused DT entry: type 0x1d arg 0x9f6
03-04 16:19:45.359   331   338 W linker  : /system/vendor/lib/egl/libGLESv1_CM_POWERVR_SGX544_115.so: unused DT entry: type 0x1d arg 0xc4f
03-04 16:19:45.359   331   338 W linker  : /system/vendor/lib/libusc.so: unused DT entry: type 0x1d arg 0x1ac
03-04 16:19:45.359   331   338 D libEGL  : loaded /vendor/lib/egl/libGLESv1_CM_POWERVR_SGX544_115.so
03-04 16:19:45.359   331   338 W linker  : /system/vendor/lib/egl/libGLESv2_POWERVR_SGX544_115.so: unused DT entry: type 0x1d arg 0xd7a
03-04 16:19:45.379   331   338 D libEGL  : loaded /vendor/lib/egl/libGLESv2_POWERVR_SGX544_115.so
03-04 16:19:45.399   331   338 W linker  : /system/vendor/lib/libpvrANDROID_WSEGL.so: unused DT entry: type 0x1d arg 0x149
03-04 16:19:45.409   331   338 W linker  : /system/vendor/lib/hw/gralloc.redhookbay.so: unused DT entry: type 0x1d arg 0x5dd
03-04 16:19:45.409   331   338 W linker  : /system/vendor/lib/libpvr2d.so: unused DT entry: type 0x1d arg 0x79b
03-04 16:19:45.409   331   338 W linker  : /system/vendor/lib/libPVROCL.so: unused DT entry: type 0x1d arg 0x9f6
03-04 16:19:45.429   331   338 E BootAnimation: couldn't find audio_conf.txt
03-04 16:19:45.769   212   212 I upi_ug31xx: [get_daemon_uevent_request]: uevent_request = 221 (0221)
03-04 16:19:45.769   212   212 E upi_ug31xx: [event_loop]: uevent_request = 221 (1032)
03-04 16:19:45.769   212   212 I upi_ug31xx: (4) backup_bo init
03-04 16:19:45.769   212   212 E upi_ug31xx: [board_offset_file_init]: Board offset = 10 (000a)
03-04 16:19:45.769   212   212 E upi_ug31xx: [event_loop]: uevent_request = 21 (1074)
03-04 16:19:45.769   212   212 I upi_ug31xx: (5) update_capacity
03-04 16:19:45.769   212   212 I [UPI]   : <UG31/E>[upi_lib_update_capacity]: First update capacity ... 3 (2600 -> 1580)
03-04 16:19:45.769   212   212 I [UPI]   : <UG31/E><BATT> M:normal, P:17(17-27)%, V:3743mV, C:27mA, T:32.4C(374), S:0x02212008(000), R:561mAh, F:3215mAh, Q:0mAh, CC:0, P:1.580(0-0)s, BO:10, 110:645:1-4496-Jk:P012-20140710-070130 (16)
03-04 16:19:45.769   212   212 E upi_ug31xx: [event_loop]: uevent_request = 20 (1095)
03-04 16:19:45.769   212   212 I upi_ug31xx: (6) backup_data 
03-04 16:19:45.769   212   212 V upi_ug31xx: state->check_backup_count = 21
03-04 16:19:46.159   211   318 I ServiceManager: Waiting for service display.intel.mds...
03-04 16:19:46.769   212   212 I upi_ug31xx: [get_daemon_uevent_request]: uevent_request = 0 (0000)
03-04 16:19:47.169   211   318 I ServiceManager: Waiting for service display.intel.mds...
03-04 16:19:47.769   212   212 I upi_ug31xx: [get_daemon_uevent_request]: uevent_request = 0 (0000)
03-04 16:19:48.169   211   318 I ServiceManager: Waiting for service display.intel.mds...
03-04 16:19:48.769   212   212 I upi_ug31xx: [get_daemon_uevent_request]: uevent_request = 0 (0000)
03-04 16:19:49.169   211   318 I ServiceManager: Waiting for service display.intel.mds...
03-04 16:19:49.269   350   350 E sdcard  : usage: sdcard [OPTIONS] <source_path> <label>
03-04 16:19:49.269   350   350 E sdcard  :     -u: specify UID to run as
03-04 16:19:49.269   350   350 E sdcard  :     -g: specify GID to run as
03-04 16:19:49.269   350   350 E sdcard  :     -U: specify user ID that owns device
03-04 16:19:49.269   350   350 E sdcard  :     -m: source_path is multi-user
03-04 16:19:49.269   350   350 E sdcard  :     -w: runtime write mount has full write access
03-04 16:19:49.269   350   350 E sdcard  : 
03-04 16:19:49.269   345   345 F libc    : page record for 0xb774402c was not found (block_size=16)
03-04 16:19:49.279   355   355 F libc    : page record for 0xb71c502c was not found (block_size=16)
03-04 16:19:49.279   347   347 F libc    : page record for 0xb771a02c was not found (block_size=16)
03-04 16:19:49.279   354   354 F libc    : page record for 0xb769602c was not found (block_size=16)
03-04 16:19:49.289   351   351 F libc    : page record for 0xb768102c was not found (block_size=16)
03-04 16:19:49.299   353   353 F libc    : page record for 0xb76de02c was not found (block_size=16)
03-04 16:19:49.309   340   340 F libc    : page record for 0xb771a02c was not found (block_size=16)
03-04 16:19:49.309   344   344 E SchedPolicy: open of /dev/cpuctl/bg_non_interactive/tasks failed: No such file or directory
03-04 16:19:49.309   344   344 E SchedPolicy: add_tid_to_cgroup failed; fd=-1
03-04 16:19:49.329   346   346 I Netd    : Netd 1.0 starting
03-04 16:19:49.329   346   346 D TetherController: Setting IP forward enable = 0
03-04 16:19:49.329   341   341 E HAL     : load: module=/system/lib/hw/keystore.clovertrail.so
03-04 16:19:49.329   341   341 E HAL     : dlopen failed: cannot locate symbol "CRYPTO_get_locking_callback" referenced by "/system/lib/libkeymaster.so"...
03-04 16:19:49.329   341   341 E keystore: could not find any keystore module
03-04 16:19:49.329   341   341 E keystore: keystore keymaster could not be initialized; exiting
03-04 16:19:49.369   357   357 F libc    : page record for 0xb778102c was not found (block_size=16)
03-04 16:19:49.369   348   348 F libc    : page record for 0xb776902c was not found (block_size=16)
03-04 16:19:49.769   212   212 I upi_ug31xx: [get_daemon_uevent_request]: uevent_request = a1 (00a1)
03-04 16:19:49.769   212   212 E upi_ug31xx: [event_loop]: uevent_request = a1 (1074)
03-04 16:19:49.769   212   212 I upi_ug31xx: (7) update_capacity
03-04 16:19:49.769   212   212 I [UPI]   : <UG31/E>[upi_lib_update_capacity]: First update capacity ... 2 (5590 -> 4010)
03-04 16:19:49.769   212   212 I [UPI]   : <UG31/E><BATT> M:normal, P:17(17-27)%, V:3741mV, C:-188mA, T:31.5C(373), S:0x02212008(000), R:561mAh, F:3215mAh, Q:0mAh, CC:0, P:4.10(0-0)s, BO:10, 110:645:1-4496-Jk:P012-20140710-070130 (16)
03-04 16:19:49.769   212   212 E upi_ug31xx: [event_loop]: uevent_request = a0 (1095)
03-04 16:19:49.769   212   212 I upi_ug31xx: (8) backup_data 
03-04 16:19:49.769   212   212 V upi_ug31xx: state->check_backup_count = 1
03-04 16:19:49.769   212   212 E upi_ug31xx: [event_loop]: uevent_request = 80 (1102)
03-04 16:19:49.769   212   212 I upi_ug31xx: (9) backup_bo check
03-04 16:19:50.169   211   318 W hwcomposer: Failed to get display.intel.mds service.try again...
03-04 16:19:50.169   211   318 I ServiceManager: Waiting for service display.intel.mds...
03-04 16:19:50.769   212   212 I upi_ug31xx: [get_daemon_uevent_request]: uevent_request = a1 (00a1)
03-04 16:19:50.769   212   212 E upi_ug31xx: [event_loop]: uevent_request = a1 (1074)
03-04 16:19:50.769   212   212 I upi_ug31xx: (10) update_capacity
03-04 16:19:50.769   212   212 I [UPI]   : <UG31/E>[upi_lib_update_capacity]: First update capacity ... 1 (4990 -> 980)
03-04 16:19:50.769   212   212 I [UPI]   : <UG31/E><BATT> M:normal, P:17(17-27)%, V:3738mV, C:-341mA, T:30.7C(373), S:0x02212008(000), R:561mAh, F:3215mAh, Q:0mAh, CC:0, P:0.980(0-0)s, BO:10, 110:645:1-4496-Jk:P012-20140710-070130 (16)
03-04 16:19:50.769   212   212 E upi_ug31xx: [event_loop]: uevent_request = a0 (1095)
03-04 16:19:50.769   212   212 I upi_ug31xx: (11) backup_data 
03-04 16:19:50.769   212   212 V upi_ug31xx: state->check_backup_count = 2
03-04 16:19:50.769   212   212 E upi_ug31xx: [event_loop]: uevent_request = 80 (1102)
03-04 16:19:50.769   212   212 I upi_ug31xx: (12) backup_bo check
03-04 16:19:51.169   211   318 I ServiceManager: Waiting for service display.intel.mds...
03-04 16:19:51.769   212   212 I upi_ug31xx: [get_daemon_uevent_request]: uevent_request = 0 (0000)
03-04 16:19:52.169   211   318 I ServiceManager: Waiting for service display.intel.mds...
03-04 16:19:52.769   212   212 I upi_ug31xx: [get_daemon_uevent_request]: uevent_request = 0 (0000)
03-04 16:19:53.169   211   318 I ServiceManager: Waiting for service display.intel.mds...
03-04 16:19:53.769   212   212 I upi_ug31xx: [get_daemon_uevent_request]: uevent_request = 0 (0000)
03-04 16:19:54.169   211   318 I ServiceManager: Waiting for service display.intel.mds...
03-04 16:19:54.409   394   394 F libc    : page record for 0xb76e102c was not found (block_size=16)
03-04 16:19:54.409   391   391 F libc    : page record for 0xb775302c was not found (block_size=16)
03-04 16:19:54.419   393   393 E sdcard  : usage: sdcard [OPTIONS] <source_path> <label>
03-04 16:19:54.419   393   393 E sdcard  :     -u: specify UID to run as
03-04 16:19:54.419   393   393 E sdcard  :     -g: specify GID to run as
03-04 16:19:54.419   393   393 E sdcard  :     -U: specify user ID that owns device
03-04 16:19:54.419   393   393 E sdcard  :     -m: source_path is multi-user
03-04 16:19:54.419   393   393 E sdcard  :     -w: runtime write mount has full write access
03-04 16:19:54.419   393   393 E sdcard  : 
03-04 16:19:54.419   389   389 F libc    : page record for 0xb76aa02c was not found (block_size=16)
03-04 16:19:54.429   399   399 F libc    : page record for 0xb778102c was not found (block_size=16)
03-04 16:19:54.439   403   403 F libc    : page record for 0xb728e02c was not found (block_size=16)
03-04 16:19:54.439   398   398 F libc    : page record for 0xb773502c was not found (block_size=16)
03-04 16:19:54.439   386   386 E SchedPolicy: open of /dev/cpuctl/bg_non_interactive/tasks failed: No such file or directory
03-04 16:19:54.439   386   386 E SchedPolicy: add_tid_to_cgroup failed; fd=-1
03-04 16:19:54.449   382   382 F libc    : page record for 0xb76a002c was not found (block_size=16)
03-04 16:19:54.459   390   390 I Netd    : Netd 1.0 starting
03-04 16:19:54.459   390   390 D TetherController: Setting IP forward enable = 0
03-04 16:19:54.479   383   383 E HAL     : load: module=/system/lib/hw/keystore.clovertrail.so
03-04 16:19:54.479   383   383 E HAL     : dlopen failed: cannot locate symbol "CRYPTO_get_locking_callback" referenced by "/system/lib/libkeymaster.so"...
03-04 16:19:54.479   383   383 E keystore: could not find any keystore module
03-04 16:19:54.479   383   383 E keystore: keystore keymaster could not be initialized; exiting
03-04 16:19:54.479   405   405 F libc    : page record for 0xb76b502c was not found (block_size=16)
03-04 16:19:54.489   392   392 F libc    : page record for 0xb76f102c was not found (block_size=16)
03-04 16:19:54.769   212   212 I upi_ug31xx: [get_daemon_uevent_request]: uevent_request = a1 (00a1)
03-04 16:19:54.769   212   212 E upi_ug31xx: [event_loop]: uevent_request = a1 (1074)
03-04 16:19:54.769   212   212 I upi_ug31xx: (13) update_capacity
03-04 16:19:54.769   212   212 I [UPI]   : <UG31/E>[upi_lib_update_capacity]: First update capacity ... 0 (5000 -> 4020)
03-04 16:19:54.779   212   212 I [UPI]   : <UG31/E><BATT> M:normal, P:17(17-27)%, V:3735mV, C:-167mA, T:30.0C(374), S:0x02212008(000), R:561mAh, F:3215mAh, Q:0mAh, CC:0, P:4.20(0-0)s, BO:10, 110:645:1-4496-Jk:P012-20140710-070130 (16)
03-04 16:19:54.779   212   212 E upi_ug31xx: [event_loop]: uevent_request = a0 (1095)
03-04 16:19:54.779   212   212 I upi_ug31xx: (14) backup_data 
03-04 16:19:54.779   212   212 V upi_ug31xx: state->check_backup_count = 3
03-04 16:19:54.779   212   212 E upi_ug31xx: [event_loop]: uevent_request = 80 (1102)
03-04 16:19:54.779   212   212 I upi_ug31xx: (15) backup_bo check
03-04 16:19:55.169   211   318 W hwcomposer: Failed to get display.intel.mds service.try again...
03-04 16:19:55.169   211   318 I ServiceManager: Waiting for service display.intel.mds...
03-04 16:19:55.779   212   212 I upi_ug31xx: [get_daemon_uevent_request]: uevent_request = 0 (0000)
03-04 16:19:56.169   211   318 I ServiceManager: Waiting for service display.intel.mds...
03-04 16:19:56.779   212   212 I upi_ug31xx: [get_daemon_uevent_request]: uevent_request = 0 (0000)
03-04 16:19:57.169   211   318 I ServiceManager: Waiting for service display.intel.mds...
03-04 16:19:57.779   212   212 I upi_ug31xx: [get_daemon_uevent_request]: uevent_request = 0 (0000)
03-04 16:19:58.169   211   318 I ServiceManager: Waiting for service display.intel.mds...
03-04 16:19:58.779   212   212 I upi_ug31xx: [get_daemon_uevent_request]: uevent_request = a1 (00a1)
03-04 16:19:58.779   212   212 E upi_ug31xx: [event_loop]: uevent_request = a1 (1074)
03-04 16:19:58.779   212   212 I upi_ug31xx: (16) update_capacity
03-04 16:19:58.779   212   212 I [UPI]   : <UG31/E>[UpiReadCapacity]: V=3729(3739), T=348(296-375), I=25, C=0(0-0)
03-04 16:19:58.779   212   212 I [UPI]   : <UG31/E>[UpiReadCapacity]: (0x02212026) 561 (578) / 3215 (3215) = 17
03-04 16:19:58.779   212   212 I [UPI]   : <UG31/E>[UpiReadCapacity]: (0x02212026) 561 (578) / 3215 (3215) = 17
03-04 16:19:58.779   212   212 I [UPI]   : <UG31/E>[UpiReadCapacity]: (0x02212006) 561 (561) / 3215 (3215) = 17
03-04 16:19:58.779   212   212 I [UPI]   : <UG31/E>[RsocFilter]: Rsoc is changed. (1)
03-04 16:19:58.779   212   212 I [UPI]   : <UG31/E>[RsocFilter]: Delta time is not stable -> No RsocFilter calculation
03-04 16:19:58.779   212   212 I [UPI]   : <UG31/E>[UpiReadCapacity]: (0x02212006) 561 (561) / 3215 (3215) = 17 (25-25)
03-04 16:19:58.779   212   212 I [UPI]   : <UG31/E><BATT> M:normal, P:17(17-17)%, V:3743mV, C:238mA, T:29.6C(375), S:0x02212006(000), R:561mAh, F:3215mAh, Q:0mAh, CC:0, P:4.20(0-0)s, BO:10, 110:645:1-4496-Jk:P012-20140710-070130 (16)
03-04 16:19:58.779   212   212 E upi_ug31xx: [event_loop]: uevent_request = a0 (1095)
03-04 16:19:58.779   212   212 I upi_ug31xx: (17) backup_data 
03-04 16:19:58.779   212   212 V upi_ug31xx: state->check_backup_count = 4
03-04 16:19:58.779   212   212 E upi_ug31xx: [event_loop]: uevent_request = 80 (1102)
03-04 16:19:58.779   212   212 I upi_ug31xx: (18) backup_bo check
03-04 16:19:59.169   211   318 I ServiceManager: Waiting for service display.intel.mds...
03-04 16:19:59.319   438   438 F libc    : page record for 0xb71d902c was not found (block_size=16)
03-04 16:19:59.319   435   435 F libc    : page record for 0xb76f402c was not found (block_size=16)
03-04 16:19:59.329   430   430 F libc    : page record for 0xb771d02c was not found (block_size=16)
03-04 16:19:59.329   436   436 F libc    : page record for 0xb768702c was not found (block_size=16)
03-04 16:19:59.329   437   437 F libc    : page record for 0xb768d02c was not found (block_size=16)
03-04 16:19:59.349   432   432 F libc    : page record for 0xb770002c was not found (block_size=16)
03-04 16:19:59.359   434   434 E sdcard  : usage: sdcard [OPTIONS] <source_path> <label>
03-04 16:19:59.359   434   434 E sdcard  :     -u: specify UID to run as
03-04 16:19:59.359   434   434 E sdcard  :     -g: specify GID to run as
03-04 16:19:59.359   434   434 E sdcard  :     -U: specify user ID that owns device
03-04 16:19:59.359   434   434 E sdcard  :     -m: source_path is multi-user
03-04 16:19:59.359   434   434 E sdcard  :     -w: runtime write mount has full write access
03-04 16:19:59.359   434   434 E sdcard  : 
03-04 16:19:59.359   427   427 E SchedPolicy: open of /dev/cpuctl/bg_non_interactive/tasks failed: No such file or directory
03-04 16:19:59.359   427   427 E SchedPolicy: add_tid_to_cgroup failed; fd=-1
03-04 16:19:59.369   431   431 I Netd    : Netd 1.0 starting
03-04 16:19:59.369   431   431 D TetherController: Setting IP forward enable = 0
03-04 16:19:59.379   424   424 E HAL     : load: module=/system/lib/hw/keystore.clovertrail.so
03-04 16:19:59.379   424   424 E HAL     : dlopen failed: cannot locate symbol "CRYPTO_get_locking_callback" referenced by "/system/lib/libkeymaster.so"...
03-04 16:19:59.379   424   424 E keystore: could not find any keystore module
03-04 16:19:59.379   424   424 E keystore: keystore keymaster could not be initialized; exiting
03-04 16:19:59.379   423   423 F libc    : page record for 0xb76cf02c was not found (block_size=16)
03-04 16:19:59.389   454   454 F libc    : page record for 0xb772602c was not found (block_size=16)
03-04 16:19:59.419   433   433 F libc    : page record for 0xb76e702c was not found (block_size=16)
03-04 16:19:59.779   212   212 I upi_ug31xx: [get_daemon_uevent_request]: uevent_request = a1 (00a1)
03-04 16:19:59.779   212   212 E upi_ug31xx: [event_loop]: uevent_request = a1 (1074)
03-04 16:19:59.779   212   212 I upi_ug31xx: (19) update_capacity
03-04 16:19:59.779   212   212 I [UPI]   : <UG31/E>[UpiReadCapacity]: V=3734(3744), T=329(293-376), I=133, C=0(0-0)
03-04 16:19:59.779   212   212 I [UPI]   : <UG31/E>[UpiReadCapacity]: (0x02212025) 561 (561) / 3215 (3215) = 17
03-04 16:19:59.779   212   212 I [UPI]   : <UG31/E>[UpiReadCapacity]: (0x02212025) 561 (561) / 3215 (3215) = 17
03-04 16:19:59.779   212   212 I [UPI]   : <UG31/E>[UpiReadCapacity]: (0x02212005) 561 (561) / 3215 (3215) = 17
03-04 16:19:59.779   212   212 I [UPI]   : <UG31/E>[RsocFilter]: Delta time is not stable -> No RsocFilter calculation
03-04 16:19:59.779   212   212 I [UPI]   : <UG31/E>[UpiReadCapacity]: (0x02212005) 561 (561) / 3215 (3215) = 17 (133-133)
03-04 16:19:59.779   212   212 I [UPI]   : <UG31/E><BATT> M:normal, P:17(17-17)%, V:3749mV, C:241mA, T:29.3C(376), S:0x02212005(000), R:561mAh, F:3215mAh, Q:0mAh, CC:0, P:0.990(0-0)s, BO:10, 110:645:1-4496-Jk:P012-20140710-070130 (16)
03-04 16:19:59.779   212   212 E upi_ug31xx: [event_loop]: uevent_request = a0 (1095)
03-04 16:19:59.779   212   212 I upi_ug31xx: (20) backup_data 
03-04 16:19:59.779   212   212 V upi_ug31xx: state->check_backup_count = 5
03-04 16:19:59.779   212   212 E upi_ug31xx: [event_loop]: uevent_request = 80 (1102)
03-04 16:19:59.779   212   212 I upi_ug31xx: (21) backup_bo check
03-04 16:20:00.169   211   318 W hwcomposer: Failed to get display.intel.mds service.try again...
03-04 16:20:00.169   211   318 I ServiceManager: Waiting for service display.intel.mds...
03-04 16:20:00.779   212   212 I upi_ug31xx: [get_daemon_uevent_request]: uevent_request = 0 (0000)
03-04 16:20:01.169   211   318 I ServiceManager: Waiting for service display.intel.mds...
03-04 16:20:01.779   212   212 I upi_ug31xx: [get_daemon_uevent_request]: uevent_request = 0 (0000)
03-04 16:20:02.169   211   318 I ServiceManager: Waiting for service display.intel.mds...
03-04 16:20:02.779   212   212 I upi_ug31xx: [get_daemon_uevent_request]: uevent_request = 0 (0000)
03-04 16:20:03.169   211   318 I ServiceManager: Waiting for service display.intel.mds...
03-04 16:20:03.779   212   212 I upi_ug31xx: [get_daemon_uevent_request]: uevent_request = 0 (0000)
03-04 16:20:04.179   211   318 I ServiceManager: Waiting for service display.intel.mds...
03-04 16:20:04.219   473   473 F libc    : page record for 0xb770d02c was not found (block_size=16)
03-04 16:20:04.219   471   471 F libc    : page record for 0xb774102c was not found (block_size=16)
03-04 16:20:04.219   476   476 F libc    : page record for 0xb768702c was not found (block_size=16)
03-04 16:20:04.229   480   480 F libc    : page record for 0xb722702c was not found (block_size=16)
03-04 16:20:04.229   479   479 F libc    : page record for 0xb770d02c was not found (block_size=16)
03-04 16:20:04.239   475   475 E sdcard  : usage: sdcard [OPTIONS] <source_path> <label>
03-04 16:20:04.239   475   475 E sdcard  :     -u: specify UID to run as
03-04 16:20:04.239   475   475 E sdcard  :     -g: specify GID to run as
03-04 16:20:04.239   475   475 E sdcard  :     -U: specify user ID that owns device
03-04 16:20:04.239   475   475 E sdcard  :     -m: source_path is multi-user
03-04 16:20:04.239   475   475 E sdcard  :     -w: runtime write mount has full write access
03-04 16:20:04.239   475   475 E sdcard  : 
03-04 16:20:04.249   478   478 F libc    : page record for 0xb770102c was not found (block_size=16)
03-04 16:20:04.249   468   468 E SchedPolicy: open of /dev/cpuctl/bg_non_interactive/tasks failed: No such file or directory
03-04 16:20:04.249   468   468 E SchedPolicy: add_tid_to_cgroup failed; fd=-1
03-04 16:20:04.269   464   464 F libc    : page record for 0xb776702c was not found (block_size=16)
03-04 16:20:04.279   472   472 I Netd    : Netd 1.0 starting
03-04 16:20:04.279   472   472 D TetherController: Setting IP forward enable = 0
03-04 16:20:04.289   465   465 E HAL     : load: module=/system/lib/hw/keystore.clovertrail.so
03-04 16:20:04.289   465   465 E HAL     : dlopen failed: cannot locate symbol "CRYPTO_get_locking_callback" referenced by "/system/lib/libkeymaster.so"...
03-04 16:20:04.289   465   465 E keystore: could not find any keystore module
03-04 16:20:04.289   465   465 E keystore: keystore keymaster could not be initialized; exiting
03-04 16:20:04.289   474   474 F libc    : page record for 0xb770002c was not found (block_size=16)
03-04 16:20:04.299   482   482 F libc    : page record for 0xb773402c was not found (block_size=16)
03-04 16:20:04.779   212   212 I upi_ug31xx: [get_daemon_uevent_request]: uevent_request = 0 (0000)
03-04 16:20:05.179   211   318 W hwcomposer: Failed to get display.intel.mds service.try again...
03-04 16:20:05.179   211   318 I ServiceManager: Waiting for service display.intel.mds...
03-04 16:20:05.779   212   212 I upi_ug31xx: [get_daemon_uevent_request]: uevent_request = 0 (0000)
03-04 16:20:06.179   211   318 I ServiceManager: Waiting for service display.intel.mds...
03-04 16:20:06.779   212   212 I upi_ug31xx: [get_daemon_uevent_request]: uevent_request = 0 (0000)
03-04 16:20:07.179   211   318 I ServiceManager: Waiting for service display.intel.mds...
03-04 16:20:07.779   212   212 I upi_ug31xx: [get_daemon_uevent_request]: uevent_request = 0 (0000)
03-04 16:20:08.179   211   318 I ServiceManager: Waiting for service display.intel.mds...
03-04 16:20:08.779   212   212 I upi_ug31xx: [get_daemon_uevent_request]: uevent_request = 0 (0000)
03-04 16:20:09.179   211   318 I ServiceManager: Waiting for service display.intel.mds...
03-04 16:20:09.339   521   521 F libc    : page record for 0xb76d202c was not found (block_size=16)
03-04 16:20:09.339   518   518 F libc    : page record for 0xb76b602c was not found (block_size=16)
03-04 16:20:09.349   522   522 F libc    : page record for 0xb71b802c was not found (block_size=16)
03-04 16:20:09.359   515   515 F libc    : page record for 0xb777c02c was not found (block_size=16)
03-04 16:20:09.359   517   517 E sdcard  : usage: sdcard [OPTIONS] <source_path> <label>
03-04 16:20:09.359   517   517 E sdcard  :     -u: specify UID to run as
03-04 16:20:09.359   517   517 E sdcard  :     -g: specify GID to run as
03-04 16:20:09.359   517   517 E sdcard  :     -U: specify user ID that owns device
03-04 16:20:09.359   517   517 E sdcard  :     -m: source_path is multi-user
03-04 16:20:09.359   517   517 E sdcard  :     -w: runtime write mount has full write access
03-04 16:20:09.359   517   517 E sdcard  : 
03-04 16:20:09.359   511   511 F libc    : page record for 0xb769302c was not found (block_size=16)
03-04 16:20:09.359   520   520 F libc    : page record for 0xb770802c was not found (block_size=16)
03-04 16:20:09.359   510   510 E SchedPolicy: open of /dev/cpuctl/bg_non_interactive/tasks failed: No such file or directory
03-04 16:20:09.359   510   510 E SchedPolicy: add_tid_to_cgroup failed; fd=-1
03-04 16:20:09.379   506   506 F libc    : page record for 0xb777502c was not found (block_size=16)
03-04 16:20:09.389   514   514 I Netd    : Netd 1.0 starting
03-04 16:20:09.389   514   514 D TetherController: Setting IP forward enable = 0
03-04 16:20:09.389   507   507 E HAL     : load: module=/system/lib/hw/keystore.clovertrail.so
03-04 16:20:09.389   507   507 E HAL     : dlopen failed: cannot locate symbol "CRYPTO_get_locking_callback" referenced by "/system/lib/libkeymaster.so"...
03-04 16:20:09.389   507   507 E keystore: could not find any keystore module
03-04 16:20:09.389   507   507 E keystore: keystore keymaster could not be initialized; exiting
03-04 16:20:09.419   523   523 F libc    : page record for 0xb76d702c was not found (block_size=16)
03-04 16:20:09.419   516   516 F libc    : page record for 0xb777002c was not found (block_size=16)
03-04 16:20:09.779   212   212 I upi_ug31xx: [get_daemon_uevent_request]: uevent_request = a1 (00a1)
03-04 16:20:09.779   212   212 E upi_ug31xx: [event_loop]: uevent_request = a1 (1074)
03-04 16:20:09.779   212   212 I upi_ug31xx: (22) update_capacity
03-04 16:20:09.779   212   212 I [UPI]   : <UG31/E>[UpiReadCapacity]: V=3739(3749), T=316(291-374), I=185, C=0(0-0)
03-04 16:20:09.779   212   212 I [UPI]   : <UG31/E>[UpiReadCapacity]: (0x02212025) 561 (561) / 3215 (3215) = 17
03-04 16:20:09.779   212   212 I [UPI]   : <UG31/E>[UpiReadCapacity]: (0x02212025) 561 (561) / 3215 (3215) = 17
03-04 16:20:09.779   212   212 I [UPI]   : <UG31/E>[UpiReadCapacity]: (0x02212005) 561 (561) / 3215 (3215) = 17
03-04 16:20:09.779   212   212 I [UPI]   : <UG31/E>[RsocFilter]: Delta time is not stable -> No RsocFilter calculation
03-04 16:20:09.779   212   212 I [UPI]   : <UG31/E>[UpiReadCapacity]: (0x02212005) 561 (561) / 3215 (3215) = 17 (185-185)
03-04 16:20:09.779   212   212 I [UPI]   : <UG31/E><BATT> M:normal, P:17(17-17)%, V:3755mV, C:238mA, T:29.1C(374), S:0x02212005(000), R:561mAh, F:3215mAh, Q:0mAh, CC:0, P:10.30(0-0)s, BO:10, 110:645:1-4496-Jk:P012-20140710-070130 (16)
03-04 16:20:09.779   212   212 E upi_ug31xx: [event_loop]: uevent_request = a0 (1095)
03-04 16:20:09.779   212   212 I upi_ug31xx: (23) backup_data 
03-04 16:20:09.779   212   212 V upi_ug31xx: state->check_backup_count = 6
03-04 16:20:09.779   212   212 E upi_ug31xx: [event_loop]: uevent_request = 80 (1102)
03-04 16:20:09.779   212   212 I upi_ug31xx: (24) backup_bo check
03-04 16:20:10.179   211   318 W hwcomposer: Failed to get display.intel.mds service.try again...
03-04 16:20:10.179   211   318 I ServiceManager: Waiting for service display.intel.mds...
03-04 16:20:10.779   212   212 I upi_ug31xx: [get_daemon_uevent_request]: uevent_request = 0 (0000)
03-04 16:20:11.179   211   318 I ServiceManager: Waiting for service display.intel.mds...
03-04 16:20:11.779   212   212 I upi_ug31xx: [get_daemon_uevent_request]: uevent_request = 0 (0000)
03-04 16:20:12.179   211   318 I ServiceManager: Waiting for service display.intel.mds...
03-04 16:20:12.779   212   212 I upi_ug31xx: [get_daemon_uevent_request]: uevent_request = 0 (0000)
03-04 16:20:13.179   211   318 I ServiceManager: Waiting for service display.intel.mds...
03-04 16:20:13.779   212   212 I upi_ug31xx: [get_daemon_uevent_request]: uevent_request = 0 (0000)
03-04 16:20:14.179   211   318 I ServiceManager: Waiting for service display.intel.mds...
03-04 16:20:14.459   556   556 F libc    : page record for 0xb769102c was not found (block_size=16)
03-04 16:20:14.459   569   569 F libc    : page record for 0xb71ef02c was not found (block_size=16)
03-04 16:20:14.469   560   560 E sdcard  : usage: sdcard [OPTIONS] <source_path> <label>
03-04 16:20:14.469   560   560 E sdcard  :     -u: specify UID to run as
03-04 16:20:14.469   560   560 E sdcard  :     -g: specify GID to run as
03-04 16:20:14.469   560   560 E sdcard  :     -U: specify user ID that owns device
03-04 16:20:14.469   560   560 E sdcard  :     -m: source_path is multi-user
03-04 16:20:14.469   560   560 E sdcard  :     -w: runtime write mount has full write access
03-04 16:20:14.469   560   560 E sdcard  : 
03-04 16:20:14.479   565   565 F libc    : page record for 0xb76ff02c was not found (block_size=16)
03-04 16:20:14.489   558   558 F libc    : page record for 0xb76f902c was not found (block_size=16)
03-04 16:20:14.499   549   549 F libc    : page record for 0xb76f202c was not found (block_size=16)
03-04 16:20:14.499   568   568 F libc    : page record for 0xb770202c was not found (block_size=16)
03-04 16:20:14.499   553   553 E SchedPolicy: open of /dev/cpuctl/bg_non_interactive/tasks failed: No such file or directory
03-04 16:20:14.499   553   553 E SchedPolicy: add_tid_to_cgroup failed; fd=-1
03-04 16:20:14.509   557   557 I Netd    : Netd 1.0 starting
03-04 16:20:14.509   557   557 D TetherController: Setting IP forward enable = 0
03-04 16:20:14.519   567   567 F libc    : page record for 0xb76c602c was not found (block_size=16)
03-04 16:20:14.529   550   550 E HAL     : load: module=/system/lib/hw/keystore.clovertrail.so
03-04 16:20:14.529   550   550 E HAL     : dlopen failed: cannot locate symbol "CRYPTO_get_locking_callback" referenced by "/system/lib/libkeymaster.so"...
03-04 16:20:14.529   550   550 E keystore: could not find any keystore module
03-04 16:20:14.529   550   550 E keystore: keystore keymaster could not be initialized; exiting
03-04 16:20:14.529   559   559 F libc    : page record for 0xb76ef02c was not found (block_size=16)
03-04 16:20:14.539   570   570 F libc    : page record for 0xb76ad02c was not found (block_size=16)
03-04 16:20:14.779   212   212 I upi_ug31xx: [get_daemon_uevent_request]: uevent_request = 0 (0000)
03-04 16:20:15.179   211   318 W hwcomposer: Failed to get display.intel.mds service.try again...
03-04 16:20:15.179   211   318 I ServiceManager: Waiting for service display.intel.mds...
03-04 16:20:15.779   212   212 I upi_ug31xx: [get_daemon_uevent_request]: uevent_request = 0 (0000)
03-04 16:20:16.179   211   318 I ServiceManager: Waiting for service display.intel.mds...
03-04 16:20:16.779   212   212 I upi_ug31xx: [get_daemon_uevent_request]: uevent_request = 0 (0000)
03-04 16:20:17.179   211   318 I ServiceManager: Waiting for service display.intel.mds...
03-04 16:20:17.779   212   212 I upi_ug31xx: [get_daemon_uevent_request]: uevent_request = 0 (0000)
03-04 16:20:18.179   211   318 I ServiceManager: Waiting for service display.intel.mds...
03-04 16:20:18.779   212   212 I upi_ug31xx: [get_daemon_uevent_request]: uevent_request = 0 (0000)
03-04 16:20:19.189   211   318 I ServiceManager: Waiting for service display.intel.mds...
03-04 16:20:19.589   604   604 F libc    : page record for 0xb763d02c was not found (block_size=16)
03-04 16:20:19.599   605   605 F libc    : page record for 0xb773902c was not found (block_size=16)
03-04 16:20:19.609   606   606 F libc    : page record for 0xb76f702c was not found (block_size=16)
03-04 16:20:19.619   601   601 F libc    : page record for 0xb76bf02c was not found (block_size=16)
03-04 16:20:19.619   612   612 F libc    : page record for 0xb729402c was not found (block_size=16)
03-04 16:20:19.619   603   603 E sdcard  : usage: sdcard [OPTIONS] <source_path> <label>
03-04 16:20:19.619   603   603 E sdcard  :     -u: specify UID to run as
03-04 16:20:19.619   603   603 E sdcard  :     -g: specify GID to run as
03-04 16:20:19.619   603   603 E sdcard  :     -U: specify user ID that owns device
03-04 16:20:19.619   603   603 E sdcard  :     -m: source_path is multi-user
03-04 16:20:19.619   603   603 E sdcard  :     -w: runtime write mount has full write access
03-04 16:20:19.619   603   603 E sdcard  : 
03-04 16:20:19.629   599   599 F libc    : page record for 0xb772a02c was not found (block_size=16)
03-04 16:20:19.629   592   592 F libc    : page record for 0xb775f02c was not found (block_size=16)
03-04 16:20:19.629   596   596 E SchedPolicy: open of /dev/cpuctl/bg_non_interactive/tasks failed: No such file or directory
03-04 16:20:19.629   596   596 E SchedPolicy: add_tid_to_cgroup failed; fd=-1
03-04 16:20:19.639   600   600 I Netd    : Netd 1.0 starting
03-04 16:20:19.639   600   600 D TetherController: Setting IP forward enable = 0
03-04 16:20:19.639   593   593 E HAL     : load: module=/system/lib/hw/keystore.clovertrail.so
03-04 16:20:19.639   593   593 E HAL     : dlopen failed: cannot locate symbol "CRYPTO_get_locking_callback" referenced by "/system/lib/libkeymaster.so"...
03-04 16:20:19.639   593   593 E keystore: could not find any keystore module
03-04 16:20:19.639   593   593 E keystore: keystore keymaster could not be initialized; exiting
03-04 16:20:19.669   614   614 F libc    : page record for 0xb773302c was not found (block_size=16)
03-04 16:20:19.669   602   602 F libc    : page record for 0xb772a02c was not found (block_size=16)
03-04 16:20:19.779   212   212 I upi_ug31xx: [get_daemon_uevent_request]: uevent_request = a1 (00a1)
03-04 16:20:19.789   212   212 E upi_ug31xx: [event_loop]: uevent_request = a1 (1074)
03-04 16:20:19.789   212   212 I upi_ug31xx: (25) update_capacity
03-04 16:20:19.789   212   212 I [UPI]   : <UG31/E>[UpiReadCapacity]: V=3744(3754), T=307(289-372), I=211, C=0(0-0)
03-04 16:20:19.789   212   212 I [UPI]   : <UG31/E>[UpiReadCapacity]: (0x02212025) 561 (561) / 3215 (3215) = 17
03-04 16:20:19.789   212   212 I [UPI]   : <UG31/E>[UpiReadCapacity]: (0x02212025) 561 (561) / 3215 (3215) = 17
03-04 16:20:19.789   212   212 I [UPI]   : <UG31/E>[UpiReadCapacity]: (0x02212005) 561 (561) / 3215 (3215) = 17
03-04 16:20:19.789   212   212 I [UPI]   : <UG31/E>[RsocFilter]: Delta time is not stable -> No RsocFilter calculation
03-04 16:20:19.789   212   212 I [UPI]   : <UG31/E>[UpiReadCapacity]: (0x02212005) 561 (561) / 3215 (3215) = 17 (211-211)
03-04 16:20:19.789   212   212 I [UPI]   : <UG31/E><BATT> M:normal, P:17(17-17)%, V:3760mV, C:238mA, T:28.9C(372), S:0x02212005(000), R:561mAh, F:3215mAh, Q:0mAh, CC:0, P:10.40(0-0)s, BO:10, 110:645:1-4496-Jk:P012-20140710-070130 (16)
03-04 16:20:19.789   212   212 E upi_ug31xx: [event_loop]: uevent_request = a0 (1095)
03-04 16:20:19.789   212   212 I upi_ug31xx: (26) backup_data 
03-04 16:20:19.789   212   212 V upi_ug31xx: state->check_backup_count = 7
03-04 16:20:19.789   212   212 E upi_ug31xx: [event_loop]: uevent_request = 80 (1102)
03-04 16:20:19.789   212   212 I upi_ug31xx: (27) backup_bo check
03-04 16:20:20.189   211   318 W hwcomposer: Failed to get display.intel.mds service.try again...
03-04 16:20:20.189   211   318 I ServiceManager: Waiting for service display.intel.mds...
03-04 16:20:20.789   212   212 I upi_ug31xx: [get_daemon_uevent_request]: uevent_request = 0 (0000)
03-04 16:20:21.189   211   318 I ServiceManager: Waiting for service display.intel.mds...
03-04 16:20:21.789   212   212 I upi_ug31xx: [get_daemon_uevent_request]: uevent_request = 0 (0000)
03-04 16:20:22.189   211   318 I ServiceManager: Waiting for service display.intel.mds...
03-04 16:20:22.789   212   212 I upi_ug31xx: [get_daemon_uevent_request]: uevent_request = 0 (0000)
03-04 16:20:23.189   211   318 I ServiceManager: Waiting for service display.intel.mds...
03-04 16:20:23.789   212   212 I upi_ug31xx: [get_daemon_uevent_request]: uevent_request = 0 (0000)
03-04 16:20:24.189   211   318 I ServiceManager: Waiting for service display.intel.mds...
03-04 16:20:24.699   643   643 F libc    : page record for 0xb772702c was not found (block_size=16)
03-04 16:20:24.719   647   647 F libc    : page record for 0xb765a02c was not found (block_size=16)
03-04 16:20:24.729   650   650 F libc    : page record for 0xb726f02c was not found (block_size=16)
03-04 16:20:24.739   649   649 F libc    : page record for 0xb776802c was not found (block_size=16)
03-04 16:20:24.739   639   639 F libc    : page record for 0xb765102c was not found (block_size=16)
03-04 16:20:24.739   634   634 F libc    : page record for 0xb776402c was not found (block_size=16)
03-04 16:20:24.749   645   645 E sdcard  : usage: sdcard [OPTIONS] <source_path> <label>
03-04 16:20:24.749   645   645 E sdcard  :     -u: specify UID to run as
03-04 16:20:24.749   645   645 E sdcard  :     -g: specify GID to run as
03-04 16:20:24.749   645   645 E sdcard  :     -U: specify user ID that owns device
03-04 16:20:24.749   645   645 E sdcard  :     -m: source_path is multi-user
03-04 16:20:24.749   645   645 E sdcard  :     -w: runtime write mount has full write access
03-04 16:20:24.749   645   645 E sdcard  : 
03-04 16:20:24.749   638   638 E SchedPolicy: open of /dev/cpuctl/bg_non_interactive/tasks failed: No such file or directory
03-04 16:20:24.749   638   638 E SchedPolicy: add_tid_to_cgroup failed; fd=-1
03-04 16:20:24.759   648   648 F libc    : page record for 0xb769502c was not found (block_size=16)
03-04 16:20:24.769   635   635 E HAL     : load: module=/system/lib/hw/keystore.clovertrail.so
03-04 16:20:24.769   635   635 E HAL     : dlopen failed: cannot locate symbol "CRYPTO_get_locking_callback" referenced by "/system/lib/libkeymaster.so"...
03-04 16:20:24.769   635   635 E keystore: could not find any keystore module
03-04 16:20:24.769   635   635 E keystore: keystore keymaster could not be initialized; exiting
03-04 16:20:24.769   642   642 I Netd    : Netd 1.0 starting
03-04 16:20:24.769   642   642 D TetherController: Setting IP forward enable = 0
