03-04 16:22:44.289  1822  1822 E SchedPolicy: add_tid_to_cgroup failed; fd=-1
03-04 16:22:44.299  1833  1833 F libc    : page record for 0xb772802c was not found (block_size=16)
03-04 16:22:44.309  1821  1821 E HAL     : load: module=/system/lib/hw/keystore.clovertrail.so
03-04 16:22:44.309  1821  1821 E HAL     : dlopen failed: cannot locate symbol "CRYPTO_get_locking_callback" referenced by "/system/lib/libkeymaster.so"...
03-04 16:22:44.309  1821  1821 E keystore: could not find any keystore module
03-04 16:22:44.309  1821  1821 E keystore: keystore keymaster could not be initialized; exiting
03-04 16:22:44.309  1828  1828 I Netd    : Netd 1.0 starting
03-04 16:22:44.319  1828  1828 D TetherController: Setting IP forward enable = 0
03-04 16:22:44.339  1838  1838 F libc    : page record for 0xb76ae02c was not found (block_size=16)
03-04 16:22:44.339  1830  1830 F libc    : page record for 0xb769102c was not found (block_size=16)
03-04 16:22:44.839   212   212 I upi_ug31xx: [get_daemon_uevent_request]: uevent_request = 0 (0000)
03-04 16:22:45.839   212   212 I upi_ug31xx: [get_daemon_uevent_request]: uevent_request = 0 (0000)
03-04 16:22:46.839   212   212 I upi_ug31xx: [get_daemon_uevent_request]: uevent_request = 0 (0000)
03-04 16:22:47.839   212   212 I upi_ug31xx: [get_daemon_uevent_request]: uevent_request = 0 (0000)
03-04 16:22:48.839   212   212 I upi_ug31xx: [get_daemon_uevent_request]: uevent_request = 0 (0000)
03-04 16:22:49.379  1871  1871 F libc    : page record for 0xb76ec02c was not found (block_size=16)
03-04 16:22:49.389  1869  1869 F libc    : page record for 0xb76fc02c was not found (block_size=16)
03-04 16:22:49.399  1873  1873 E sdcard  : usage: sdcard [OPTIONS] <source_path> <label>
03-04 16:22:49.399  1873  1873 E sdcard  :     -u: specify UID to run as
03-04 16:22:49.399  1873  1873 E sdcard  :     -g: specify GID to run as
03-04 16:22:49.399  1873  1873 E sdcard  :     -U: specify user ID that owns device
03-04 16:22:49.399  1873  1873 E sdcard  :     -m: source_path is multi-user
03-04 16:22:49.399  1873  1873 E sdcard  :     -w: runtime write mount has full write access
03-04 16:22:49.399  1873  1873 E sdcard  : 
03-04 16:22:49.409  1879  1879 F libc    : page record for 0xb76cf02c was not found (block_size=16)
03-04 16:22:49.419  1887  1887 F libc    : page record for 0xb724302c was not found (block_size=16)
03-04 16:22:49.419  1874  1874 F libc    : page record for 0xb76bb02c was not found (block_size=16)
03-04 16:22:49.419  1866  1866 E SchedPolicy: open of /dev/cpuctl/bg_non_interactive/tasks failed: No such file or directory
03-04 16:22:49.419  1866  1866 E SchedPolicy: add_tid_to_cgroup failed; fd=-1
03-04 16:22:49.429  1877  1877 F libc    : page record for 0xb76e402c was not found (block_size=16)
03-04 16:22:49.429  1870  1870 I Netd    : Netd 1.0 starting
03-04 16:22:49.429  1870  1870 D TetherController: Setting IP forward enable = 0
03-04 16:22:49.439  1862  1862 F libc    : page record for 0xb768802c was not found (block_size=16)
03-04 16:22:49.449  1889  1889 F libc    : page record for 0xb772302c was not found (block_size=16)
03-04 16:22:49.459  1863  1863 E HAL     : load: module=/system/lib/hw/keystore.clovertrail.so
03-04 16:22:49.459  1863  1863 E HAL     : dlopen failed: cannot locate symbol "CRYPTO_get_locking_callback" referenced by "/system/lib/libkeymaster.so"...
03-04 16:22:49.459  1863  1863 E keystore: could not find any keystore module
03-04 16:22:49.459  1863  1863 E keystore: keystore keymaster could not be initialized; exiting
03-04 16:22:49.479  1872  1872 F libc    : page record for 0xb776502c was not found (block_size=16)
03-04 16:22:49.839   212   212 I upi_ug31xx: [get_daemon_uevent_request]: uevent_request = 0 (0000)
03-04 16:22:50.839   212   212 I upi_ug31xx: [get_daemon_uevent_request]: uevent_request = 0 (0000)
03-04 16:22:51.839   212   212 I upi_ug31xx: [get_daemon_uevent_request]: uevent_request = 0 (0000)
03-04 16:22:52.839   212   212 I upi_ug31xx: [get_daemon_uevent_request]: uevent_request = a1 (00a1)
03-04 16:22:52.839   212   212 E upi_ug31xx: [event_loop]: uevent_request = a1 (1074)
03-04 16:22:52.839   212   212 I upi_ug31xx: (76) update_capacity
03-04 16:22:52.839   212   212 I [UPI]   : <UG31/E>[UpiReadCapacity]: V=3791(3795), T=288(288-356), I=234, C=2(2-0)
03-04 16:22:52.839   212   212 I [UPI]   : <UG31/E>[UpiReadCapacity]: (0x02212125) 566 (568) / 3215 (3215) = 18
03-04 16:22:52.839   212   212 I [UPI]   : <UG31/E>[UpiReadCapacity]: (0x02212125) 566 (568) / 3215 (3215) = 18
03-04 16:22:52.839   212   212 I [UPI]   : <UG31/E>[UpiReadCapacity]: (0x02212105) 568 (568) / 3215 (3215) = 18
03-04 16:22:52.839   212   212 I [UPI]   : <UG31/E>[RsocFilterCountTime]: (0x02212105) Step=1(72820), Full=1(72820), Lock=72820(1615000)
03-04 16:22:52.839   212   212 I [UPI]   : <UG31/E>[UpiReadCapacity]: (0x02212105) 568 (568) / 3215 (3215) = 18 (234-234)
03-04 16:22:52.839   212   212 I [UPI]   : <UG31/E><BATT> M:normal, P:18(18-18)%, V:3797mV, C:240mA, T:28.8C(356), S:0x02212105(000), R:568mAh, F:3215mAh, Q:10mAh, CC:0, P:10.30(-10-0)s, BO:10, 110:645:1-4496-Jk:P012-20140710-070130 (16)
03-04 16:22:52.839   212   212 E upi_ug31xx: [event_loop]: uevent_request = a0 (1095)
03-04 16:22:52.839   212   212 I upi_ug31xx: (77) backup_data 
03-04 16:22:52.839   212   212 V upi_ug31xx: state->check_backup_count = 7
03-04 16:22:52.839   212   212 E upi_ug31xx: [event_loop]: uevent_request = 80 (1102)
03-04 16:22:52.839   212   212 I upi_ug31xx: (78) backup_bo check
03-04 16:22:53.839   212   212 I upi_ug31xx: [get_daemon_uevent_request]: uevent_request = 0 (0000)
03-04 16:22:54.519  1920  1920 F libc    : page record for 0xb768e02c was not found (block_size=16)
03-04 16:22:54.529  1912  1912 F libc    : page record for 0xb768802c was not found (block_size=16)
03-04 16:22:54.529  1910  1910 F libc    : page record for 0xb767e02c was not found (block_size=16)
03-04 16:22:54.529  1926  1926 F libc    : page record for 0xb725102c was not found (block_size=16)
03-04 16:22:54.539  1916  1916 F libc    : page record for 0xb771202c was not found (block_size=16)
03-04 16:22:54.539  1906  1906 E SchedPolicy: open of /dev/cpuctl/bg_non_interactive/tasks failed: No such file or directory
03-04 16:22:54.549  1919  1919 F libc    : page record for 0xb774102c was not found (block_size=16)
03-04 16:22:54.549  1906  1942 E SchedPolicy: add_tid_to_cgroup failed; fd=-1
03-04 16:22:54.549  1906  1906 E SchedPolicy: add_tid_to_cgroup failed; fd=-1
03-04 16:22:54.559  1914  1914 E sdcard  : usage: sdcard [OPTIONS] <source_path> <label>
03-04 16:22:54.559  1914  1914 E sdcard  :     -u: specify UID to run as
03-04 16:22:54.559  1914  1914 E sdcard  :     -g: specify GID to run as
03-04 16:22:54.559  1914  1914 E sdcard  :     -U: specify user ID that owns device
03-04 16:22:54.559  1914  1914 E sdcard  :     -m: source_path is multi-user
03-04 16:22:54.559  1914  1914 E sdcard  :     -w: runtime write mount has full write access
03-04 16:22:54.559  1914  1914 E sdcard  : 
03-04 16:22:54.559  1903  1903 F libc    : page record for 0xb771a02c was not found (block_size=16)
03-04 16:22:54.569  1904  1904 E HAL     : load: module=/system/lib/hw/keystore.clovertrail.so
03-04 16:22:54.569  1904  1904 E HAL     : dlopen failed: cannot locate symbol "CRYPTO_get_locking_callback" referenced by "/system/lib/libkeymaster.so"...
03-04 16:22:54.569  1904  1904 E keystore: could not find any keystore module
03-04 16:22:54.569  1904  1904 E keystore: keystore keymaster could not be initialized; exiting
03-04 16:22:54.579  1911  1911 I Netd    : Netd 1.0 starting
03-04 16:22:54.579  1911  1911 D TetherController: Setting IP forward enable = 0
03-04 16:22:54.589  1913  1913 F libc    : page record for 0xb776a02c was not found (block_size=16)
03-04 16:22:54.599  1927  1927 F libc    : page record for 0xb76a902c was not found (block_size=16)
03-04 16:22:54.839   212   212 I upi_ug31xx: [get_daemon_uevent_request]: uevent_request = 0 (0000)
03-04 16:22:55.849   212   212 I upi_ug31xx: [get_daemon_uevent_request]: uevent_request = 0 (0000)
03-04 16:22:56.849   212   212 I upi_ug31xx: [get_daemon_uevent_request]: uevent_request = 0 (0000)
03-04 16:22:57.849   212   212 I upi_ug31xx: [get_daemon_uevent_request]: uevent_request = 0 (0000)
03-04 16:22:58.849   212   212 I upi_ug31xx: [get_daemon_uevent_request]: uevent_request = 0 (0000)
03-04 16:22:59.629  1952  1952 F libc    : page record for 0xb76f202c was not found (block_size=16)
03-04 16:22:59.639  1959  1959 F libc    : page record for 0xb767902c was not found (block_size=16)
03-04 16:22:59.639  1957  1957 E sdcard  : usage: sdcard [OPTIONS] <source_path> <label>
03-04 16:22:59.639  1957  1957 E sdcard  :     -u: specify UID to run as
03-04 16:22:59.639  1957  1957 E sdcard  :     -g: specify GID to run as
03-04 16:22:59.639  1957  1957 E sdcard  :     -U: specify user ID that owns device
03-04 16:22:59.639  1957  1957 E sdcard  :     -m: source_path is multi-user
03-04 16:22:59.639  1957  1957 E sdcard  :     -w: runtime write mount has full write access
03-04 16:22:59.639  1957  1957 E sdcard  : 
03-04 16:22:59.639  1954  1954 F libc    : page record for 0xb774b02c was not found (block_size=16)
03-04 16:22:59.649  1962  1962 F libc    : page record for 0xb71e702c was not found (block_size=16)
03-04 16:22:59.659  1961  1961 F libc    : page record for 0xb76dc02c was not found (block_size=16)
03-04 16:22:59.669  1958  1958 F libc    : page record for 0xb76da02c was not found (block_size=16)
03-04 16:22:59.679  1953  1953 I Netd    : Netd 1.0 starting
03-04 16:22:59.679  1953  1953 D TetherController: Setting IP forward enable = 0
03-04 16:22:59.679  1949  1949 E SchedPolicy: open of /dev/cpuctl/bg_non_interactive/tasks failed: No such file or directory
03-04 16:22:59.679  1949  1949 E SchedPolicy: add_tid_to_cgroup failed; fd=-1
03-04 16:22:59.689  1945  1945 F libc    : page record for 0xb776202c was not found (block_size=16)
03-04 16:22:59.709  1963  1963 F libc    : page record for 0xb770902c was not found (block_size=16)
03-04 16:22:59.709  1946  1946 E HAL     : load: module=/system/lib/hw/keystore.clovertrail.so
03-04 16:22:59.709  1946  1946 E HAL     : dlopen failed: cannot locate symbol "CRYPTO_get_locking_callback" referenced by "/system/lib/libkeymaster.so"...
03-04 16:22:59.719  1946  1946 E keystore: could not find any keystore module
03-04 16:22:59.719  1946  1946 E keystore: keystore keymaster could not be initialized; exiting
03-04 16:22:59.729  1955  1955 F libc    : page record for 0xb769402c was not found (block_size=16)
03-04 16:22:59.849   212   212 I upi_ug31xx: [get_daemon_uevent_request]: uevent_request = 0 (0000)
03-04 16:23:00.849   212   212 I upi_ug31xx: [get_daemon_uevent_request]: uevent_request = 0 (0000)
03-04 16:23:01.849   212   212 I upi_ug31xx: [get_daemon_uevent_request]: uevent_request = 0 (0000)
03-04 16:23:02.849   212   212 I upi_ug31xx: [get_daemon_uevent_request]: uevent_request = a1 (00a1)
03-04 16:23:02.849   212   212 E upi_ug31xx: [event_loop]: uevent_request = a1 (1074)
03-04 16:23:02.849   212   212 I upi_ug31xx: (79) update_capacity
03-04 16:23:02.849   212   212 I [UPI]   : <UG31/E>[UpiReadCapacity]: V=3792(3796), T=288(288-356), I=240, C=0(0-0)
03-04 16:23:02.849   212   212 I [UPI]   : <UG31/E>[UpiReadCapacity]: (0x02212125) 568 (568) / 3215 (3215) = 18
03-04 16:23:02.849   212   212 I [UPI]   : <UG31/E>[UpiReadCapacity]: (0x02212125) 568 (568) / 3215 (3215) = 18
03-04 16:23:02.849   212   212 I [UPI]   : <UG31/E>[UpiReadCapacity]: (0x02212105) 568 (568) / 3215 (3215) = 18
03-04 16:23:02.849   212   212 I [UPI]   : <UG31/E>[RsocFilterCountTime]: (0x02212105) Step=1(82850), Full=1(82850), Lock=82850(1574625)
03-04 16:23:02.849   212   212 I [UPI]   : <UG31/E>[UpiReadCapacity]: (0x02212105) 568 (568) / 3215 (3215) = 18 (240-240)
03-04 16:23:02.849   212   212 I [UPI]   : <UG31/E><BATT> M:normal, P:18(18-18)%, V:3797mV, C:246mA, T:28.8C(356), S:0x02212105(000), R:568mAh, F:3215mAh, Q:10mAh, CC:0, P:10.30(-10-0)s, BO:10, 110:645:1-4496-Jk:P012-20140710-070130 (16)
03-04 16:23:02.849   212   212 E upi_ug31xx: [event_loop]: uevent_request = a0 (1095)
03-04 16:23:02.849   212   212 I upi_ug31xx: (80) backup_data 
03-04 16:23:02.849   212   212 V upi_ug31xx: state->check_backup_count = 8
03-04 16:23:02.849   212   212 E upi_ug31xx: [event_loop]: uevent_request = 80 (1102)
03-04 16:23:02.849   212   212 I upi_ug31xx: (81) backup_bo check
03-04 16:23:03.849   212   212 I upi_ug31xx: [get_daemon_uevent_request]: uevent_request = 0 (0000)
03-04 16:23:04.769  1999  1999 F libc    : page record for 0xb768b02c was not found (block_size=16)
03-04 16:23:04.769  2002  2002 F libc    : page record for 0xb71a202c was not found (block_size=16)
03-04 16:23:04.779  1998  1998 E sdcard  : usage: sdcard [OPTIONS] <source_path> <label>
03-04 16:23:04.779  1998  1998 E sdcard  :     -u: specify UID to run as
03-04 16:23:04.779  1998  1998 E sdcard  :     -g: specify GID to run as
03-04 16:23:04.779  1998  1998 E sdcard  :     -U: specify user ID that owns device
03-04 16:23:04.779  1998  1998 E sdcard  :     -m: source_path is multi-user
03-04 16:23:04.779  1998  1998 E sdcard  :     -w: runtime write mount has full write access
03-04 16:23:04.779  1998  1998 E sdcard  : 
03-04 16:23:04.789  2001  2001 F libc    : page record for 0xb771802c was not found (block_size=16)
03-04 16:23:04.789  1989  1989 E SchedPolicy: open of /dev/cpuctl/bg_non_interactive/tasks failed: No such file or directory
03-04 16:23:04.789  1989  1989 E SchedPolicy: add_tid_to_cgroup failed; fd=-1
03-04 16:23:04.799  1993  1993 F libc    : page record for 0xb765a02c was not found (block_size=16)
03-04 16:23:04.799  2000  2000 F libc    : page record for 0xb771602c was not found (block_size=16)
03-04 16:23:04.799  1996  1996 F libc    : page record for 0xb775102c was not found (block_size=16)
03-04 16:23:04.819  1995  1995 I Netd    : Netd 1.0 starting
03-04 16:23:04.819  1995  1995 D TetherController: Setting IP forward enable = 0
03-04 16:23:04.819  1988  1988 E HAL     : load: module=/system/lib/hw/keystore.clovertrail.so
03-04 16:23:04.819  1988  1988 E HAL     : dlopen failed: cannot locate symbol "CRYPTO_get_locking_callback" referenced by "/system/lib/libkeymaster.so"...
03-04 16:23:04.819  1988  1988 E keystore: could not find any keystore module
03-04 16:23:04.819  1988  1988 E keystore: keystore keymaster could not be initialized; exiting
03-04 16:23:04.829  1987  1987 F libc    : page record for 0xb776002c was not found (block_size=16)
03-04 16:23:04.849  2012  2012 F libc    : page record for 0xb777402c was not found (block_size=16)
03-04 16:23:04.849   212   212 I upi_ug31xx: [get_daemon_uevent_request]: uevent_request = 0 (0000)
03-04 16:23:04.859  1997  1997 F libc    : page record for 0xb771602c was not found (block_size=16)
03-04 16:23:05.849   212   212 I upi_ug31xx: [get_daemon_uevent_request]: uevent_request = 0 (0000)
03-04 16:23:06.849   212   212 I upi_ug31xx: [get_daemon_uevent_request]: uevent_request = 0 (0000)
03-04 16:23:07.849   212   212 I upi_ug31xx: [get_daemon_uevent_request]: uevent_request = 0 (0000)
03-04 16:23:08.849   212   212 I upi_ug31xx: [get_daemon_uevent_request]: uevent_request = 0 (0000)
03-04 16:23:09.849   212   212 I upi_ug31xx: [get_daemon_uevent_request]: uevent_request = 0 (0000)
03-04 16:23:09.899  2033  2033 F libc    : page record for 0xb766802c was not found (block_size=16)
03-04 16:23:09.899  2050  2050 F libc    : page record for 0xb71d002c was not found (block_size=16)
03-04 16:23:09.909  2042  2042 F libc    : page record for 0xb771702c was not found (block_size=16)
03-04 16:23:09.919  2049  2049 F libc    : page record for 0xb777802c was not found (block_size=16)
03-04 16:23:09.919  2040  2040 E sdcard  : usage: sdcard [OPTIONS] <source_path> <label>
03-04 16:23:09.919  2040  2040 E sdcard  :     -u: specify UID to run as
03-04 16:23:09.919  2040  2040 E sdcard  :     -g: specify GID to run as
03-04 16:23:09.919  2040  2040 E sdcard  :     -U: specify user ID that owns device
03-04 16:23:09.919  2040  2040 E sdcard  :     -m: source_path is multi-user
03-04 16:23:09.919  2040  2040 E sdcard  :     -w: runtime write mount has full write access
03-04 16:23:09.919  2040  2040 E sdcard  : 
03-04 16:23:09.929  2038  2038 F libc    : page record for 0xb76c902c was not found (block_size=16)
03-04 16:23:09.939  2032  2032 E SchedPolicy: open of /dev/cpuctl/bg_non_interactive/tasks failed: No such file or directory
03-04 16:23:09.939  2032  2032 E SchedPolicy: add_tid_to_cgroup failed; fd=-1
03-04 16:23:09.949  2029  2029 F libc    : page record for 0xb76fc02c was not found (block_size=16)
03-04 16:23:09.949  2041  2041 F libc    : page record for 0xb76e902c was not found (block_size=16)
03-04 16:23:09.949  2030  2030 E HAL     : load: module=/system/lib/hw/keystore.clovertrail.so
03-04 16:23:09.949  2030  2030 E HAL     : dlopen failed: cannot locate symbol "CRYPTO_get_locking_callback" referenced by "/system/lib/libkeymaster.so"...
03-04 16:23:09.949  2030  2030 E keystore: could not find any keystore module
03-04 16:23:09.949  2030  2030 E keystore: keystore keymaster could not be initialized; exiting
03-04 16:23:09.949  2037  2037 I Netd    : Netd 1.0 starting
03-04 16:23:09.949  2037  2037 D TetherController: Setting IP forward enable = 0
03-04 16:23:09.969  2052  2052 F libc    : page record for 0xb774c02c was not found (block_size=16)
03-04 16:23:09.989  2039  2039 F libc    : page record for 0xb767402c was not found (block_size=16)
03-04 16:23:10.849   212   212 I upi_ug31xx: [get_daemon_uevent_request]: uevent_request = 0 (0000)
03-04 16:23:11.849   212   212 I upi_ug31xx: [get_daemon_uevent_request]: uevent_request = 0 (0000)
03-04 16:23:12.849   212   212 I upi_ug31xx: [get_daemon_uevent_request]: uevent_request = a1 (00a1)
03-04 16:23:12.849   212   212 E upi_ug31xx: [event_loop]: uevent_request = a1 (1074)
03-04 16:23:12.849   212   212 I upi_ug31xx: (82) update_capacity
03-04 16:23:12.849   212   212 I [UPI]   : <UG31/E>[UpiReadCapacity]: V=3793(3796), T=288(288-356), I=237, C=0(0-0)
03-04 16:23:12.849   212   212 I [UPI]   : <UG31/E>[UpiReadCapacity]: (0x02212125) 568 (568) / 3215 (3215) = 18
03-04 16:23:12.849   212   212 I [UPI]   : <UG31/E>[UpiReadCapacity]: (0x02212125) 568 (568) / 3215 (3215) = 18
03-04 16:23:12.849   212   212 I [UPI]   : <UG31/E>[UpiReadCapacity]: (0x02212105) 568 (568) / 3215 (3215) = 18
03-04 16:23:12.849   212   212 I [UPI]   : <UG31/E>[RsocFilterCountTime]: (0x02212105) Step=1(92880), Full=1(92880), Lock=92880(1594556)
03-04 16:23:12.849   212   212 I [UPI]   : <UG31/E>[UpiReadCapacity]: (0x02212105) 568 (568) / 3215 (3215) = 18 (237-237)
03-04 16:23:12.849   212   212 I [UPI]   : <UG31/E><BATT> M:normal, P:18(18-18)%, V:3797mV, C:234mA, T:28.8C(356), S:0x02212105(000), R:568mAh, F:3215mAh, Q:10mAh, CC:0, P:10.30(-10-0)s, BO:10, 110:645:1-4496-Jk:P012-20140710-070130 (16)
03-04 16:23:12.849   212   212 E upi_ug31xx: [event_loop]: uevent_request = a0 (1095)
03-04 16:23:12.849   212   212 I upi_ug31xx: (83) backup_data 
03-04 16:23:12.849   212   212 V upi_ug31xx: state->check_backup_count = 9
03-04 16:23:12.849   212   212 E upi_ug31xx: [event_loop]: uevent_request = 80 (1102)
03-04 16:23:12.849   212   212 I upi_ug31xx: (84) backup_bo check
03-04 16:23:13.849   212   212 I upi_ug31xx: [get_daemon_uevent_request]: uevent_request = 0 (0000)
03-04 16:23:14.849   212   212 I upi_ug31xx: [get_daemon_uevent_request]: uevent_request = 0 (0000)
03-04 16:23:15.019  2093  2093 F libc    : page record for 0xb71da02c was not found (block_size=16)
03-04 16:23:15.029  2077  2077 F libc    : page record for 0xb771902c was not found (block_size=16)
03-04 16:23:15.039  2085  2085 F libc    : page record for 0xb76d702c was not found (block_size=16)
03-04 16:23:15.039  2079  2079 F libc    : page record for 0xb772f02c was not found (block_size=16)
03-04 16:23:15.049  2081  2081 E sdcard  : usage: sdcard [OPTIONS] <source_path> <label>
03-04 16:23:15.049  2081  2081 E sdcard  :     -u: specify UID to run as
03-04 16:23:15.049  2081  2081 E sdcard  :     -g: specify GID to run as
03-04 16:23:15.049  2081  2081 E sdcard  :     -U: specify user ID that owns device
03-04 16:23:15.049  2081  2081 E sdcard  :     -m: source_path is multi-user
03-04 16:23:15.049  2081  2081 E sdcard  :     -w: runtime write mount has full write access
03-04 16:23:15.049  2081  2081 E sdcard  : 
03-04 16:23:15.049  2083  2083 F libc    : page record for 0xb76f902c was not found (block_size=16)
03-04 16:23:15.049  2073  2073 E SchedPolicy: open of /dev/cpuctl/bg_non_interactive/tasks failed: No such file or directory
03-04 16:23:15.049  2073  2073 E SchedPolicy: add_tid_to_cgroup failed; fd=-1
03-04 16:23:15.069  2084  2084 F libc    : page record for 0xb76a002c was not found (block_size=16)
03-04 16:23:15.069  2078  2078 I Netd    : Netd 1.0 starting
03-04 16:23:15.069  2078  2078 D TetherController: Setting IP forward enable = 0
03-04 16:23:15.079  2070  2070 F libc    : page record for 0xb771b02c was not found (block_size=16)
03-04 16:23:15.089  2071  2071 E HAL     : load: module=/system/lib/hw/keystore.clovertrail.so
03-04 16:23:15.089  2071  2071 E HAL     : dlopen failed: cannot locate symbol "CRYPTO_get_locking_callback" referenced by "/system/lib/libkeymaster.so"...
03-04 16:23:15.089  2071  2071 E keystore: could not find any keystore module
03-04 16:23:15.089  2071  2071 E keystore: keystore keymaster could not be initialized; exiting
03-04 16:23:15.109  2095  2095 F libc    : page record for 0xb771602c was not found (block_size=16)
03-04 16:23:15.109  2080  2080 F libc    : page record for 0xb775402c was not found (block_size=16)
03-04 16:23:15.849   212   212 I upi_ug31xx: [get_daemon_uevent_request]: uevent_request = 0 (0000)
03-04 16:23:16.849   212   212 I upi_ug31xx: [get_daemon_uevent_request]: uevent_request = 0 (0000)
03-04 16:23:17.849   212   212 I upi_ug31xx: [get_daemon_uevent_request]: uevent_request = 0 (0000)
03-04 16:23:18.849   212   212 I upi_ug31xx: [get_daemon_uevent_request]: uevent_request = 0 (0000)
03-04 16:23:19.849   212   212 I upi_ug31xx: [get_daemon_uevent_request]: uevent_request = 0 (0000)
03-04 16:23:20.149  2131  2131 F libc    : page record for 0xb71a202c was not found (block_size=16)
03-04 16:23:20.149  2125  2125 F libc    : page record for 0xb771902c was not found (block_size=16)
03-04 16:23:20.159  2122  2122 F libc    : page record for 0xb76ce02c was not found (block_size=16)
03-04 16:23:20.169  2127  2127 E sdcard  : usage: sdcard [OPTIONS] <source_path> <label>
03-04 16:23:20.169  2127  2127 E sdcard  :     -u: specify UID to run as
03-04 16:23:20.169  2127  2127 E sdcard  :     -g: specify GID to run as
03-04 16:23:20.169  2127  2127 E sdcard  :     -U: specify user ID that owns device
03-04 16:23:20.169  2127  2127 E sdcard  :     -m: source_path is multi-user
03-04 16:23:20.169  2127  2127 E sdcard  :     -w: runtime write mount has full write access
03-04 16:23:20.169  2127  2127 E sdcard  : 
03-04 16:23:20.169  2130  2130 F libc    : page record for 0xb76ab02c was not found (block_size=16)
03-04 16:23:20.189  2128  2128 F libc    : page record for 0xb771202c was not found (block_size=16)
03-04 16:23:20.189  2129  2129 F libc    : page record for 0xb775902c was not found (block_size=16)
03-04 16:23:20.189  2120  2120 E SchedPolicy: open of /dev/cpuctl/bg_non_interactive/tasks failed: No such file or directory
03-04 16:23:20.189  2120  2120 E SchedPolicy: add_tid_to_cgroup failed; fd=-1
03-04 16:23:20.199  2116  2116 F libc    : page record for 0xb76b202c was not found (block_size=16)
03-04 16:23:20.209  2124  2124 I Netd    : Netd 1.0 starting
03-04 16:23:20.209  2124  2124 D TetherController: Setting IP forward enable = 0
03-04 16:23:20.209  2117  2117 E HAL     : load: module=/system/lib/hw/keystore.clovertrail.so
03-04 16:23:20.209  2117  2117 E HAL     : dlopen failed: cannot locate symbol "CRYPTO_get_locking_callback" referenced by "/system/lib/libkeymaster.so"...
03-04 16:23:20.209  2117  2117 E keystore: could not find any keystore module
03-04 16:23:20.209  2117  2117 E keystore: keystore keymaster could not be initialized; exiting
03-04 16:23:20.239  2139  2139 F libc    : page record for 0xb76e302c was not found (block_size=16)
03-04 16:23:20.239  2126  2126 F libc    : page record for 0xb76e902c was not found (block_size=16)
03-04 16:23:20.849   212   212 I upi_ug31xx: [get_daemon_uevent_request]: uevent_request = 0 (0000)
03-04 16:23:21.849   212   212 I upi_ug31xx: [get_daemon_uevent_request]: uevent_request = 0 (0000)
03-04 16:23:22.849   212   212 I upi_ug31xx: [get_daemon_uevent_request]: uevent_request = a1 (00a1)
03-04 16:23:22.849   212   212 E upi_ug31xx: [event_loop]: uevent_request = a1 (1074)
03-04 16:23:22.859   212   212 I upi_ug31xx: (85) update_capacity
03-04 16:23:22.859   212   212 I [UPI]   : <UG31/E>[UpiReadCapacity]: V=3795(3799), T=288(288-356), I=238, C=1(1-0)
03-04 16:23:22.859   212   212 I [UPI]   : <UG31/E>[UpiReadCapacity]: (0x02212125) 568 (569) / 3215 (3215) = 18
03-04 16:23:22.859   212   212 I [UPI]   : <UG31/E>[UpiReadCapacity]: (0x02212125) 568 (569) / 3215 (3215) = 18
03-04 16:23:22.859   212   212 I [UPI]   : <UG31/E>[UpiReadCapacity]: (0x02212105) 569 (569) / 3215 (3215) = 18
03-04 16:23:22.859   212   212 I [UPI]   : <UG31/E>[RsocFilterCountTime]: (0x02212105) Step=1(102910), Full=1(102910), Lock=102910(1587857)
03-04 16:23:22.859   212   212 I [UPI]   : <UG31/E>[UpiReadCapacity]: (0x02212105) 569 (569) / 3215 (3215) = 18 (238-238)
03-04 16:23:22.859   212   212 I [UPI]   : <UG31/E><BATT> M:normal, P:18(18-18)%, V:3803mV, C:240mA, T:28.8C(356), S:0x02212105(000), R:569mAh, F:3215mAh, Q:11mAh, CC:0, P:10.30(-11-0)s, BO:10, 110:645:1-4496-Jk:P012-20140710-070130 (16)
03-04 16:23:22.859   212   212 E upi_ug31xx: [event_loop]: uevent_request = a0 (1095)
03-04 16:23:22.859   212   212 I upi_ug31xx: (86) backup_data 
03-04 16:23:22.859   212   212 V upi_ug31xx: state->check_backup_count = 10
03-04 16:23:22.859   212   212 E upi_ug31xx: [event_loop]: uevent_request = 80 (1102)
03-04 16:23:22.859   212   212 I upi_ug31xx: (87) backup_bo check
03-04 16:23:23.859   212   212 I upi_ug31xx: [get_daemon_uevent_request]: uevent_request = 0 (0000)
03-04 16:23:24.279  2163  2163 F libc    : page record for 0xb76a402c was not found (block_size=16)
03-04 16:23:24.279  2169  2169 E sdcard  : usage: sdcard [OPTIONS] <source_path> <label>
03-04 16:23:24.279  2169  2169 E sdcard  :     -u: specify UID to run as
03-04 16:23:24.279  2169  2169 E sdcard  :     -g: specify GID to run as
03-04 16:23:24.279  2169  2169 E sdcard  :     -U: specify user ID that owns device
03-04 16:23:24.279  2169  2169 E sdcard  :     -m: source_path is multi-user
03-04 16:23:24.279  2169  2169 E sdcard  :     -w: runtime write mount has full write access
03-04 16:23:24.279  2169  2169 E sdcard  : 
03-04 16:23:24.289  2177  2177 F libc    : page record for 0xb71a802c was not found (block_size=16)
03-04 16:23:24.299  2167  2167 F libc    : page record for 0xb76ad02c was not found (block_size=16)
03-04 16:23:24.299  2170  2170 F libc    : page record for 0xb76f802c was not found (block_size=16)
03-04 16:23:24.309  2175  2175 F libc    : page record for 0xb76b002c was not found (block_size=16)
03-04 16:23:24.309  2162  2162 E SchedPolicy: open of /dev/cpuctl/bg_non_interactive/tasks failed: No such file or directory
03-04 16:23:24.309  2162  2162 E SchedPolicy: add_tid_to_cgroup failed; fd=-1
03-04 16:23:24.319  2173  2173 F libc    : page record for 0xb774102c was not found (block_size=16)
03-04 16:23:24.329  2158  2158 F libc    : page record for 0xb776602c was not found (block_size=16)
03-04 16:23:24.339  2166  2166 I Netd    : Netd 1.0 starting
03-04 16:23:24.339  2166  2166 D TetherController: Setting IP forward enable = 0
03-04 16:23:24.349  2159  2159 E HAL     : load: module=/system/lib/hw/keystore.clovertrail.so
03-04 16:23:24.349  2159  2159 E HAL     : dlopen failed: cannot locate symbol "CRYPTO_get_locking_callback" referenced by "/system/lib/libkeymaster.so"...
03-04 16:23:24.349  2159  2159 E keystore: could not find any keystore module
03-04 16:23:24.349  2159  2159 E keystore: keystore keymaster could not be initialized; exiting
03-04 16:23:24.349  2179  2179 F libc    : page record for 0xb76e802c was not found (block_size=16)
03-04 16:23:24.369  2168  2168 F libc    : page record for 0xb76ed02c was not found (block_size=16)
03-04 16:23:24.859   212   212 I upi_ug31xx: [get_daemon_uevent_request]: uevent_request = 0 (0000)
03-04 16:23:25.859   212   212 I upi_ug31xx: [get_daemon_uevent_request]: uevent_request = 0 (0000)
03-04 16:23:26.859   212   212 I upi_ug31xx: [get_daemon_uevent_request]: uevent_request = 0 (0000)
03-04 16:23:27.859   212   212 I upi_ug31xx: [get_daemon_uevent_request]: uevent_request = 0 (0000)
03-04 16:23:28.859   212   212 I upi_ug31xx: [get_daemon_uevent_request]: uevent_request = 0 (0000)
03-04 16:23:29.399  2205  2205 F libc    : page record for 0xb766602c was not found (block_size=16)
03-04 16:23:29.409  2207  2207 F libc    : page record for 0xb76aa02c was not found (block_size=16)
03-04 16:23:29.409  2217  2217 F libc    : page record for 0xb76c302c was not found (block_size=16)
03-04 16:23:29.419  2203  2203 E SchedPolicy: open of /dev/cpuctl/bg_non_interactive/tasks failed: No such file or directory
03-04 16:23:29.419  2203  2203 E SchedPolicy: add_tid_to_cgroup failed; fd=-1
03-04 16:23:29.419  2218  2218 F libc    : page record for 0xb71e002c was not found (block_size=16)
03-04 16:23:29.429  2212  2212 F libc    : page record for 0xb76ad02c was not found (block_size=16)
03-04 16:23:29.439  2211  2211 E sdcard  : usage: sdcard [OPTIONS] <source_path> <label>
03-04 16:23:29.439  2211  2211 E sdcard  :     -u: specify UID to run as
03-04 16:23:29.439  2211  2211 E sdcard  :     -g: specify GID to run as
03-04 16:23:29.439  2211  2211 E sdcard  :     -U: specify user ID that owns device
03-04 16:23:29.439  2211  2211 E sdcard  :     -m: source_path is multi-user
03-04 16:23:29.439  2211  2211 E sdcard  :     -w: runtime write mount has full write access
03-04 16:23:29.439  2211  2211 E sdcard  : 
03-04 16:23:29.439  2216  2216 F libc    : page record for 0xb76f902c was not found (block_size=16)
03-04 16:23:29.439  2199  2199 F libc    : page record for 0xb771f02c was not found (block_size=16)
03-04 16:23:29.459  2200  2200 E HAL     : load: module=/system/lib/hw/keystore.clovertrail.so
03-04 16:23:29.459  2200  2200 E HAL     : dlopen failed: cannot locate symbol "CRYPTO_get_locking_callback" referenced by "/system/lib/libkeymaster.so"...
03-04 16:23:29.459  2200  2200 E keystore: could not find any keystore module
03-04 16:23:29.459  2200  2200 E keystore: keystore keymaster could not be initialized; exiting
03-04 16:23:29.469  2206  2206 I Netd    : Netd 1.0 starting
03-04 16:23:29.469  2206  2206 D TetherController: Setting IP forward enable = 0
03-04 16:23:29.489  2219  2219 F libc    : page record for 0xb773f02c was not found (block_size=16)
03-04 16:23:29.499  2209  2209 F libc    : page record for 0xb773f02c was not found (block_size=16)
03-04 16:23:29.859   212   212 I upi_ug31xx: [get_daemon_uevent_request]: uevent_request = 0 (0000)
03-04 16:23:30.859   212   212 I upi_ug31xx: [get_daemon_uevent_request]: uevent_request = 0 (0000)
03-04 16:23:31.859   212   212 I upi_ug31xx: [get_daemon_uevent_request]: uevent_request = 0 (0000)
03-04 16:23:32.859   212   212 I upi_ug31xx: [get_daemon_uevent_request]: uevent_request = a1 (00a1)
03-04 16:23:32.859   212   212 E upi_ug31xx: [event_loop]: uevent_request = a1 (1074)
03-04 16:23:32.859   212   212 I upi_ug31xx: (88) update_capacity
03-04 16:23:32.859   212   212 I [UPI]   : <UG31/E>[UpiReadCapacity]: V=3797(3801), T=288(288-356), I=231, C=1(1-0)
03-04 16:23:32.859   212   212 I [UPI]   : <UG31/E>[UpiReadCapacity]: (0x02212125) 569 (570) / 3215 (3215) = 18
03-04 16:23:32.859   212   212 I [UPI]   : <UG31/E>[UpiReadCapacity]: (0x02212125) 569 (570) / 3215 (3215) = 18
03-04 16:23:32.859   212   212 I [UPI]   : <UG31/E>[UpiReadCapacity]: (0x02212105) 570 (570) / 3215 (3215) = 18
03-04 16:23:32.859   212   212 I [UPI]   : <UG31/E>[RsocFilterCountTime]: (0x02212105) Step=1(112940), Full=1(112940), Lock=112940(1635974)
03-04 16:23:32.859   212   212 I [UPI]   : <UG31/E>[UpiReadCapacity]: (0x02212105) 570 (570) / 3215 (3215) = 18 (231-231)
03-04 16:23:32.859   212   212 I [UPI]   : <UG31/E><BATT> M:normal, P:18(18-18)%, V:3803mV, C:224mA, T:28.8C(356), S:0x02212105(000), R:570mAh, F:3215mAh, Q:12mAh, CC:0, P:10.30(-12-0)s, BO:10, 110:645:1-4496-Jk:P012-20140710-070130 (16)
03-04 16:23:32.859   212   212 E upi_ug31xx: [event_loop]: uevent_request = a0 (1095)
03-04 16:23:32.859   212   212 I upi_ug31xx: (89) backup_data 
03-04 16:23:32.859   212   212 V upi_ug31xx: state->check_backup_count = 11
03-04 16:23:32.859   212   212 E upi_ug31xx: [event_loop]: uevent_request = 80 (1102)
03-04 16:23:32.859   212   212 I upi_ug31xx: (90) backup_bo check
03-04 16:23:33.859   212   212 I upi_ug31xx: [get_daemon_uevent_request]: uevent_request = 0 (0000)
03-04 16:23:34.529  2246  2246 F libc    : page record for 0xb765302c was not found (block_size=16)
03-04 16:23:34.539  2253  2253 F libc    : page record for 0xb769502c was not found (block_size=16)
03-04 16:23:34.539  2250  2250 F libc    : page record for 0xb776302c was not found (block_size=16)
03-04 16:23:34.549  2256  2256 F libc    : page record for 0xb773102c was not found (block_size=16)
03-04 16:23:34.549  2264  2264 F libc    : page record for 0xb727b02c was not found (block_size=16)
03-04 16:23:34.559  2252  2252 E sdcard  : usage: sdcard [OPTIONS] <source_path> <label>
03-04 16:23:34.559  2252  2252 E sdcard  :     -u: specify UID to run as
03-04 16:23:34.559  2252  2252 E sdcard  :     -g: specify GID to run as
03-04 16:23:34.559  2252  2252 E sdcard  :     -U: specify user ID that owns device
03-04 16:23:34.559  2252  2252 E sdcard  :     -m: source_path is multi-user
03-04 16:23:34.559  2252  2252 E sdcard  :     -w: runtime write mount has full write access
03-04 16:23:34.559  2252  2252 E sdcard  : 
03-04 16:23:34.569  2245  2245 E SchedPolicy: open of /dev/cpuctl/bg_non_interactive/tasks failed: No such file or directory
03-04 16:23:34.569  2245  2245 E SchedPolicy: add_tid_to_cgroup failed; fd=-1
03-04 16:23:34.569  2241  2241 F libc    : page record for 0xb76f402c was not found (block_size=16)
03-04 16:23:34.579  2255  2255 F libc    : page record for 0xb770602c was not found (block_size=16)
03-04 16:23:34.589  2242  2242 E HAL     : load: module=/system/lib/hw/keystore.clovertrail.so
03-04 16:23:34.589  2242  2242 E HAL     : dlopen failed: cannot locate symbol "CRYPTO_get_locking_callback" referenced by "/system/lib/libkeymaster.so"...
03-04 16:23:34.589  2242  2242 E keystore: could not find any keystore module
03-04 16:23:34.589  2242  2242 E keystore: keystore keymaster could not be initialized; exiting
03-04 16:23:34.599  2249  2249 I Netd    : Netd 1.0 starting
03-04 16:23:34.599  2249  2249 D TetherController: Setting IP forward enable = 0
03-04 16:23:34.619  2267  2267 F libc    : page record for 0xb768c02c was not found (block_size=16)
03-04 16:23:34.619  2251  2251 F libc    : page record for 0xb771d02c was not found (block_size=16)
03-04 16:23:34.859   212   212 I upi_ug31xx: [get_daemon_uevent_request]: uevent_request = 0 (0000)
03-04 16:23:35.859   212   212 I upi_ug31xx: [get_daemon_uevent_request]: uevent_request = 0 (0000)
03-04 16:23:36.859   212   212 I upi_ug31xx: [get_daemon_uevent_request]: uevent_request = 0 (0000)
03-04 16:23:37.859   212   212 I upi_ug31xx: [get_daemon_uevent_request]: uevent_request = 0 (0000)
03-04 16:23:38.859   212   212 I upi_ug31xx: [get_daemon_uevent_request]: uevent_request = 0 (0000)
03-04 16:23:39.659  2289  2289 F libc    : page record for 0xb774402c was not found (block_size=16)
03-04 16:23:39.669  2296  2296 F libc    : page record for 0xb76f702c was not found (block_size=16)
03-04 16:23:39.679  2301  2301 F libc    : page record for 0xb727a02c was not found (block_size=16)
03-04 16:23:39.679  2292  2292 F libc    : page record for 0xb76d202c was not found (block_size=16)
03-04 16:23:39.679  2294  2294 E sdcard  : usage: sdcard [OPTIONS] <source_path> <label>
03-04 16:23:39.679  2294  2294 E sdcard  :     -u: specify UID to run as
03-04 16:23:39.679  2294  2294 E sdcard  :     -g: specify GID to run as
03-04 16:23:39.679  2294  2294 E sdcard  :     -U: specify user ID that owns device
03-04 16:23:39.679  2294  2294 E sdcard  :     -m: source_path is multi-user
03-04 16:23:39.679  2294  2294 E sdcard  :     -w: runtime write mount has full write access
03-04 16:23:39.679  2294  2294 E sdcard  : 
03-04 16:23:39.689  2297  2297 F libc    : page record for 0xb76d602c was not found (block_size=16)
03-04 16:23:39.689  2287  2287 E SchedPolicy: open of /dev/cpuctl/bg_non_interactive/tasks failed: No such file or directory
03-04 16:23:39.699  2299  2299 F libc    : page record for 0xb76e402c was not found (block_size=16)
03-04 16:23:39.709  2287  2287 E SchedPolicy: add_tid_to_cgroup failed; fd=-1
03-04 16:23:39.709  2291  2291 I Netd    : Netd 1.0 starting
03-04 16:23:39.709  2291  2291 D TetherController: Setting IP forward enable = 0
03-04 16:23:39.719  2283  2283 F libc    : page record for 0xb76f002c was not found (block_size=16)
03-04 16:23:39.729  2286  2286 E HAL     : load: module=/system/lib/hw/keystore.clovertrail.so
03-04 16:23:39.729  2286  2286 E HAL     : dlopen failed: cannot locate symbol "CRYPTO_get_locking_callback" referenced by "/system/lib/libkeymaster.so"...
03-04 16:23:39.729  2286  2286 E keystore: could not find any keystore module
03-04 16:23:39.729  2286  2286 E keystore: keystore keymaster could not be initialized; exiting
03-04 16:23:39.749  2293  2293 F libc    : page record for 0xb76b002c was not found (block_size=16)
03-04 16:23:39.759  2303  2303 F libc    : page record for 0xb769002c was not found (block_size=16)
03-04 16:23:39.859   212   212 I upi_ug31xx: [get_daemon_uevent_request]: uevent_request = 0 (0000)
03-04 16:23:40.859   212   212 I upi_ug31xx: [get_daemon_uevent_request]: uevent_request = 0 (0000)
03-04 16:23:41.859   212   212 I upi_ug31xx: [get_daemon_uevent_request]: uevent_request = 0 (0000)
03-04 16:23:42.859   212   212 I upi_ug31xx: [get_daemon_uevent_request]: uevent_request = a1 (00a1)
03-04 16:23:42.859   212   212 E upi_ug31xx: [event_loop]: uevent_request = a1 (1074)
03-04 16:23:42.859   212   212 I upi_ug31xx: (91) update_capacity
03-04 16:23:42.859   212   212 I [UPI]   : <UG31/E>[UpiReadCapacity]: V=3798(3801), T=288(288-356), I=235, C=0(0-0)
03-04 16:23:42.859   212   212 I [UPI]   : <UG31/E>[UpiReadCapacity]: (0x02212125) 570 (570) / 3215 (3215) = 18
03-04 16:23:42.859   212   212 I [UPI]   : <UG31/E>[UpiReadCapacity]: (0x02212125) 570 (570) / 3215 (3215) = 18
03-04 16:23:42.859   212   212 I [UPI]   : <UG31/E>[UpiReadCapacity]: (0x02212105) 570 (570) / 3215 (3215) = 18
03-04 16:23:42.859   212   212 I [UPI]   : <UG31/E>[RsocFilterCountTime]: (0x02212105) Step=2(122970), Full=2(122970), Lock=122970(1608127)
03-04 16:23:42.859   212   212 I [UPI]   : <UG31/E>[UpiReadCapacity]: (0x02212105) 570 (570) / 3215 (3215) = 18 (235-235)
03-04 16:23:42.859   212   212 I [UPI]   : <UG31/E><BATT> M:normal, P:18(18-18)%, V:3802mV, C:240mA, T:28.8C(356), S:0x02212105(000), R:570mAh, F:3215mAh, Q:12mAh, CC:0, P:10.30(-12-0)s, BO:10, 110:645:1-4496-Jk:P012-20140710-070130 (16)
03-04 16:23:42.859   212   212 E upi_ug31xx: [event_loop]: uevent_request = a0 (1095)
03-04 16:23:42.859   212   212 I upi_ug31xx: (92) backup_data 
03-04 16:23:42.859   212   212 V upi_ug31xx: state->check_backup_count = 12
03-04 16:23:42.869   212   212 E upi_ug31xx: [event_loop]: uevent_request = 80 (1102)
03-04 16:23:42.869   212   212 I upi_ug31xx: (93) backup_bo check
03-04 16:23:43.869   212   212 I upi_ug31xx: [get_daemon_uevent_request]: uevent_request = 0 (0000)
03-04 16:23:44.809  2335  2335 F libc    : page record for 0xb771c02c was not found (block_size=16)
03-04 16:23:44.809  2333  2333 F libc    : page record for 0xb766202c was not found (block_size=16)
03-04 16:23:44.819  2338  2338 F libc    : page record for 0xb76f402c was not found (block_size=16)
03-04 16:23:44.819  2339  2339 F libc    : page record for 0xb773e02c was not found (block_size=16)
03-04 16:23:44.819  2337  2337 E sdcard  : usage: sdcard [OPTIONS] <source_path> <label>
03-04 16:23:44.819  2337  2337 E sdcard  :     -u: specify UID to run as
03-04 16:23:44.819  2337  2337 E sdcard  :     -g: specify GID to run as
03-04 16:23:44.819  2337  2337 E sdcard  :     -U: specify user ID that owns device
03-04 16:23:44.819  2337  2337 E sdcard  :     -m: source_path is multi-user
03-04 16:23:44.819  2337  2337 E sdcard  :     -w: runtime write mount has full write access
03-04 16:23:44.819  2337  2337 E sdcard  : 
03-04 16:23:44.829  2340  2340 F libc    : page record for 0xb76c902c was not found (block_size=16)
03-04 16:23:44.829  2341  2341 F libc    : page record for 0xb724202c was not found (block_size=16)
03-04 16:23:44.829  2326  2326 F libc    : page record for 0xb76c602c was not found (block_size=16)
03-04 16:23:44.849  2330  2330 E SchedPolicy: open of /dev/cpuctl/bg_non_interactive/tasks failed: No such file or directory
03-04 16:23:44.849  2330  2365 E SchedPolicy: add_tid_to_cgroup failed; fd=-1
03-04 16:23:44.849  2330  2330 E SchedPolicy: add_tid_to_cgroup failed; fd=-1
03-04 16:23:44.869   212   212 I upi_ug31xx: [get_daemon_uevent_request]: uevent_request = 0 (0000)
03-04 16:23:44.869  2334  2334 I Netd    : Netd 1.0 starting
03-04 16:23:44.869  2334  2334 D TetherController: Setting IP forward enable = 0
03-04 16:23:44.869  2327  2327 E HAL     : load: module=/system/lib/hw/keystore.clovertrail.so
03-04 16:23:44.869  2327  2327 E HAL     : dlopen failed: cannot locate symbol "CRYPTO_get_locking_callback" referenced by "/system/lib/libkeymaster.so"...
03-04 16:23:44.869  2327  2327 E keystore: could not find any keystore module
03-04 16:23:44.869  2327  2327 E keystore: keystore keymaster could not be initialized; exiting
03-04 16:23:44.879  2336  2336 F libc    : page record for 0xb771302c was not found (block_size=16)
03-04 16:23:44.889  2353  2353 F libc    : page record for 0xb76b602c was not found (block_size=16)
03-04 16:23:45.869   212   212 I upi_ug31xx: [get_daemon_uevent_request]: uevent_request = 0 (0000)
03-04 16:23:46.869   212   212 I upi_ug31xx: [get_daemon_uevent_request]: uevent_request = 0 (0000)
03-04 16:23:47.869   212   212 I upi_ug31xx: [get_daemon_uevent_request]: uevent_request = 0 (0000)
03-04 16:23:48.869   212   212 I upi_ug31xx: [get_daemon_uevent_request]: uevent_request = 0 (0000)
03-04 16:23:49.869   212   212 I upi_ug31xx: [get_daemon_uevent_request]: uevent_request = 0 (0000)
03-04 16:23:49.939  2381  2381 F libc    : page record for 0xb76f702c was not found (block_size=16)
03-04 16:23:49.949  2383  2383 F libc    : page record for 0xb71bc02c was not found (block_size=16)
03-04 16:23:49.949  2379  2379 E sdcard  : usage: sdcard [OPTIONS] <source_path> <label>
03-04 16:23:49.949  2379  2379 E sdcard  :     -u: specify UID to run as
03-04 16:23:49.949  2379  2379 E sdcard  :     -g: specify GID to run as
03-04 16:23:49.949  2379  2379 E sdcard  :     -U: specify user ID that owns device
03-04 16:23:49.949  2379  2379 E sdcard  :     -m: source_path is multi-user
03-04 16:23:49.949  2379  2379 E sdcard  :     -w: runtime write mount has full write access
03-04 16:23:49.949  2379  2379 E sdcard  : 
03-04 16:23:49.949  2380  2380 F libc    : page record for 0xb764c02c was not found (block_size=16)
03-04 16:23:49.949  2373  2373 F libc    : page record for 0xb773e02c was not found (block_size=16)
03-04 16:23:49.959  2377  2377 F libc    : page record for 0xb76e002c was not found (block_size=16)
03-04 16:23:49.959  2382  2382 F libc    : page record for 0xb76a102c was not found (block_size=16)
03-04 16:23:49.969  2372  2372 E SchedPolicy: open of /dev/cpuctl/bg_non_interactive/tasks failed: No such file or directory
03-04 16:23:49.969  2372  2372 E SchedPolicy: add_tid_to_cgroup failed; fd=-1
03-04 16:23:49.969  2368  2368 F libc    : page record for 0xb769002c was not found (block_size=16)
03-04 16:23:49.999  2376  2376 I Netd    : Netd 1.0 starting
03-04 16:23:49.999  2376  2376 D TetherController: Setting IP forward enable = 0
03-04 16:23:49.999  2371  2371 E HAL     : load: module=/system/lib/hw/keystore.clovertrail.so
03-04 16:23:49.999  2371  2371 E HAL     : dlopen failed: cannot locate symbol "CRYPTO_get_locking_callback" referenced by "/system/lib/libkeymaster.so"...
03-04 16:23:49.999  2371  2371 E keystore: could not find any keystore module
03-04 16:23:49.999  2371  2371 E keystore: keystore keymaster could not be initialized; exiting
03-04 16:23:50.009  2384  2384 F libc    : page record for 0xb775502c was not found (block_size=16)
03-04 16:23:50.019  2378  2378 F libc    : page record for 0xb76ea02c was not found (block_size=16)
03-04 16:23:50.869   212   212 I upi_ug31xx: [get_daemon_uevent_request]: uevent_request = 0 (0000)
03-04 16:23:51.869   212   212 I upi_ug31xx: [get_daemon_uevent_request]: uevent_request = 0 (0000)
03-04 16:23:52.869   212   212 I upi_ug31xx: [get_daemon_uevent_request]: uevent_request = a1 (00a1)
03-04 16:23:52.869   212   212 E upi_ug31xx: [event_loop]: uevent_request = a1 (1074)
03-04 16:23:52.869   212   212 I upi_ug31xx: (94) update_capacity
03-04 16:23:52.869   212   212 I [UPI]   : <UG31/E>[UpiReadCapacity]: V=3799(3801), T=288(290-355), I=237, C=1(1-0)
03-04 16:23:52.869   212   212 I [UPI]   : <UG31/E>[UpiReadCapacity]: (0x02212125) 570 (571) / 3215 (3215) = 18
03-04 16:23:52.869   212   212 I [UPI]   : <UG31/E>[UpiReadCapacity]: (0x02212125) 570 (571) / 3215 (3215) = 18
03-04 16:23:52.869   212   212 I [UPI]   : <UG31/E>[UpiReadCapacity]: (0x02212105) 571 (571) / 3215 (3215) = 18
03-04 16:23:52.869   212   212 I [UPI]   : <UG31/E>[RsocFilterCountTime]: (0x02212105) Step=2(133000), Full=2(133000), Lock=133000(1594556)
03-04 16:23:52.869   212   212 I [UPI]   : <UG31/E>[UpiReadCapacity]: (0x02212105) 571 (571) / 3215 (3215) = 18 (237-237)
03-04 16:23:52.869   212   212 I [UPI]   : <UG31/E><BATT> M:normal, P:18(18-18)%, V:3802mV, C:240mA, T:29.0C(355), S:0x02212105(000), R:571mAh, F:3215mAh, Q:13mAh, CC:0, P:10.30(-13-0)s, BO:10, 110:645:1-4496-Jk:P012-20140710-070130 (16)
03-04 16:23:52.869   212   212 E upi_ug31xx: [event_loop]: uevent_request = a0 (1095)
03-04 16:23:52.869   212   212 I upi_ug31xx: (95) backup_data 
03-04 16:23:52.869   212   212 V upi_ug31xx: state->check_backup_count = 13
03-04 16:23:52.869   212   212 E upi_ug31xx: [event_loop]: uevent_request = 80 (1102)
03-04 16:23:52.869   212   212 I upi_ug31xx: (96) backup_bo check
03-04 16:23:53.869   212   212 I upi_ug31xx: [get_daemon_uevent_request]: uevent_request = 0 (0000)
03-04 16:23:54.869   212   212 I upi_ug31xx: [get_daemon_uevent_request]: uevent_request = 0 (0000)
03-04 16:23:55.049  2415  2415 F libc    : page record for 0xb772602c was not found (block_size=16)
03-04 16:23:55.049  2431  2431 F libc    : page record for 0xb729202c was not found (block_size=16)
03-04 16:23:55.059  2423  2423 F libc    : page record for 0xb768602c was not found (block_size=16)
03-04 16:23:55.059  2417  2417 F libc    : page record for 0xb770802c was not found (block_size=16)
03-04 16:23:55.069  2421  2421 E sdcard  : usage: sdcard [OPTIONS] <source_path> <label>
03-04 16:23:55.069  2421  2421 E sdcard  :     -u: specify UID to run as
03-04 16:23:55.069  2421  2421 E sdcard  :     -g: specify GID to run as
03-04 16:23:55.069  2421  2421 E sdcard  :     -U: specify user ID that owns device
03-04 16:23:55.069  2421  2421 E sdcard  :     -m: source_path is multi-user
03-04 16:23:55.069  2421  2421 E sdcard  :     -w: runtime write mount has full write access
03-04 16:23:55.069  2421  2421 E sdcard  : 
03-04 16:23:55.079  2413  2413 E SchedPolicy: open of /dev/cpuctl/bg_non_interactive/tasks failed: No such file or directory
03-04 16:23:55.079  2430  2430 F libc    : page record for 0xb76f002c was not found (block_size=16)
03-04 16:23:55.079  2413  2447 E SchedPolicy: add_tid_to_cgroup failed; fd=-1
03-04 16:23:55.079  2413  2413 E SchedPolicy: add_tid_to_cgroup failed; fd=-1
03-04 16:23:55.089  2409  2409 F libc    : page record for 0xb76ea02c was not found (block_size=16)
03-04 16:23:55.089  2427  2427 F libc    : page record for 0xb76fb02c was not found (block_size=16)
03-04 16:23:55.109  2416  2416 I Netd    : Netd 1.0 starting
03-04 16:23:55.109  2416  2416 D TetherController: Setting IP forward enable = 0
03-04 16:23:55.109  2410  2410 E HAL     : load: module=/system/lib/hw/keystore.clovertrail.so
03-04 16:23:55.109  2410  2410 E HAL     : dlopen failed: cannot locate symbol "CRYPTO_get_locking_callback" referenced by "/system/lib/libkeymaster.so"...
03-04 16:23:55.109  2410  2410 E keystore: could not find any keystore module
03-04 16:23:55.109  2410  2410 E keystore: keystore keymaster could not be initialized; exiting
03-04 16:23:55.139  2418  2418 F libc    : page record for 0xb774202c was not found (block_size=16)
03-04 16:23:55.149  2438  2438 F libc    : page record for 0xb769902c was not found (block_size=16)
03-04 16:23:55.869   212   212 I upi_ug31xx: [get_daemon_uevent_request]: uevent_request = 0 (0000)
03-04 16:23:56.869   212   212 I upi_ug31xx: [get_daemon_uevent_request]: uevent_request = 0 (0000)
03-04 16:23:57.869   212   212 I upi_ug31xx: [get_daemon_uevent_request]: uevent_request = 0 (0000)
03-04 16:23:58.869   212   212 I upi_ug31xx: [get_daemon_uevent_request]: uevent_request = 0 (0000)
03-04 16:23:59.869   212   212 I upi_ug31xx: [get_daemon_uevent_request]: uevent_request = 0 (0000)
