03-04 16:25:06.579  3572  3572 E sdcard  : usage: sdcard [OPTIONS] <source_path> <label>
03-04 16:25:06.579  3572  3572 E sdcard  :     -u: specify UID to run as
03-04 16:25:06.579  3572  3572 E sdcard  :     -g: specify GID to run as
03-04 16:25:06.579  3572  3572 E sdcard  :     -U: specify user ID that owns device
03-04 16:25:06.579  3572  3572 E sdcard  :     -m: source_path is multi-user
03-04 16:25:06.579  3572  3572 E sdcard  :     -w: runtime write mount has full write access
03-04 16:25:06.579  3572  3572 E sdcard  : 
03-04 16:25:06.589  3573  3573 F libc    : page record for 0xb769e02c was not found (block_size=16)
03-04 16:25:06.589  3577  3577 F libc    : page record for 0xb76f102c was not found (block_size=16)
03-04 16:25:06.599  3576  3576 F libc    : page record for 0xb76ae02c was not found (block_size=16)
03-04 16:25:06.629  3579  3579 F libc    : page record for 0xb771a02c was not found (block_size=16)
03-04 16:25:06.899   212   212 I upi_ug31xx: [get_daemon_uevent_request]: uevent_request = 0 (0000)
03-04 16:25:07.899   212   212 I upi_ug31xx: [get_daemon_uevent_request]: uevent_request = 0 (0000)
03-04 16:25:08.899   212   212 I upi_ug31xx: [get_daemon_uevent_request]: uevent_request = 0 (0000)
03-04 16:25:09.669  3594  3594 F libc    : page record for 0xb769a02c was not found (block_size=16)
03-04 16:25:09.899   212   212 I upi_ug31xx: [get_daemon_uevent_request]: uevent_request = 0 (0000)
03-04 16:25:10.699  3600  3600 F libc    : page record for 0xb767602c was not found (block_size=16)
03-04 16:25:10.699  3603  3603 F libc    : page record for 0xb771802c was not found (block_size=16)
03-04 16:25:10.709  3598  3598 E SchedPolicy: open of /dev/cpuctl/bg_non_interactive/tasks failed: No such file or directory
03-04 16:25:10.709  3598  3598 E SchedPolicy: add_tid_to_cgroup failed; fd=-1
03-04 16:25:10.729  3602  3602 I Netd    : Netd 1.0 starting
03-04 16:25:10.729  3602  3602 D TetherController: Setting IP forward enable = 0
03-04 16:25:10.739  3597  3597 E HAL     : load: module=/system/lib/hw/keystore.clovertrail.so
03-04 16:25:10.739  3597  3597 E HAL     : dlopen failed: cannot locate symbol "CRYPTO_get_locking_callback" referenced by "/system/lib/libkeymaster.so"...
03-04 16:25:10.739  3597  3597 E keystore: could not find any keystore module
03-04 16:25:10.739  3597  3597 E keystore: keystore keymaster could not be initialized; exiting
03-04 16:25:10.769  3604  3604 F libc    : page record for 0xb76af02c was not found (block_size=16)
03-04 16:25:10.899   212   212 I upi_ug31xx: [get_daemon_uevent_request]: uevent_request = 0 (0000)
03-04 16:25:11.779  3711  3711 E sdcard  : usage: sdcard [OPTIONS] <source_path> <label>
03-04 16:25:11.779  3711  3711 E sdcard  :     -u: specify UID to run as
03-04 16:25:11.779  3711  3711 E sdcard  :     -g: specify GID to run as
03-04 16:25:11.779  3711  3711 E sdcard  :     -U: specify user ID that owns device
03-04 16:25:11.779  3711  3711 E sdcard  :     -m: source_path is multi-user
03-04 16:25:11.779  3711  3711 E sdcard  :     -w: runtime write mount has full write access
03-04 16:25:11.779  3711  3711 E sdcard  : 
03-04 16:25:11.779  3717  3717 F libc    : page record for 0xb728302c was not found (block_size=16)
03-04 16:25:11.779  3716  3716 F libc    : page record for 0xb770602c was not found (block_size=16)
03-04 16:25:11.789  3712  3712 F libc    : page record for 0xb769502c was not found (block_size=16)
03-04 16:25:11.799  3715  3715 F libc    : page record for 0xb76e002c was not found (block_size=16)
03-04 16:25:11.839  3718  3718 F libc    : page record for 0xb770602c was not found (block_size=16)
03-04 16:25:11.899   212   212 I upi_ug31xx: [get_daemon_uevent_request]: uevent_request = 0 (0000)
03-04 16:25:12.899   212   212 I upi_ug31xx: [get_daemon_uevent_request]: uevent_request = 0 (0000)
03-04 16:25:13.909   212   212 I upi_ug31xx: [get_daemon_uevent_request]: uevent_request = 0 (0000)
03-04 16:25:14.879  3733  3733 F libc    : page record for 0xb776802c was not found (block_size=16)
03-04 16:25:14.909   212   212 I upi_ug31xx: [get_daemon_uevent_request]: uevent_request = a1 (00a1)
03-04 16:25:14.909   212   212 E upi_ug31xx: [event_loop]: uevent_request = a1 (1074)
03-04 16:25:14.909   212   212 I upi_ug31xx: (124) update_capacity
03-04 16:25:14.909   212   212 I [UPI]   : <UG31/E>[UpiReadCapacity]: V=3797(3799), T=287(289-352), I=196, C=0(0-1)
03-04 16:25:14.909   212   212 I [UPI]   : <UG31/E>[UpiReadCapacity]: (0x02212125) 574 (574) / 3215 (3215) = 18
03-04 16:25:14.909   212   212 I [UPI]   : <UG31/E>[UpiReadCapacity]: (0x02212125) 574 (574) / 3215 (3215) = 18
03-04 16:25:14.909   212   212 I [UPI]   : <UG31/E>[UpiReadCapacity]: (0x02212105) 574 (574) / 3215 (3215) = 18
03-04 16:25:14.909   212   212 I [UPI]   : <UG31/E>[RsocFilterCountTime]: (0x02212105) Step=3(214832), Full=3(214832), Lock=214832(1928112)
03-04 16:25:14.909   212   212 I [UPI]   : <UG31/E>[UpiReadCapacity]: (0x02212105) 574 (574) / 3215 (3215) = 18 (196-196)
03-04 16:25:14.909   212   212 I [UPI]   : <UG31/E><BATT> M:normal, P:18(18-18)%, V:3802mV, C:224mA, T:28.9C(352), S:0x02212105(000), R:574mAh, F:3215mAh, Q:17mAh, CC:0, P:10.30(-17-1)s, BO:10, 110:645:1-4496-Jk:P012-20140710-070130 (16)
03-04 16:25:14.909   212   212 E upi_ug31xx: [event_loop]: uevent_request = a0 (1095)
03-04 16:25:14.909   212   212 I upi_ug31xx: (125) backup_data 
03-04 16:25:14.909   212   212 V upi_ug31xx: state->check_backup_count = 1
03-04 16:25:14.909   212   212 E upi_ug31xx: [event_loop]: uevent_request = 80 (1102)
03-04 16:25:14.909   212   212 I upi_ug31xx: (126) backup_bo check
03-04 16:25:15.909   212   212 I upi_ug31xx: [get_daemon_uevent_request]: uevent_request = 0 (0000)
03-04 16:25:15.909  3740  3740 F libc    : page record for 0xb76d502c was not found (block_size=16)
03-04 16:25:15.929  3737  3737 E SchedPolicy: open of /dev/cpuctl/bg_non_interactive/tasks failed: No such file or directory
03-04 16:25:15.929  3737  3737 E SchedPolicy: add_tid_to_cgroup failed; fd=-1
03-04 16:25:15.929  3742  3742 F libc    : page record for 0xb76e002c was not found (block_size=16)
03-04 16:25:15.949  3736  3736 E HAL     : load: module=/system/lib/hw/keystore.clovertrail.so
03-04 16:25:15.949  3736  3736 E HAL     : dlopen failed: cannot locate symbol "CRYPTO_get_locking_callback" referenced by "/system/lib/libkeymaster.so"...
03-04 16:25:15.949  3736  3736 E keystore: could not find any keystore module
03-04 16:25:15.949  3736  3736 E keystore: keystore keymaster could not be initialized; exiting
03-04 16:25:15.949  3741  3741 I Netd    : Netd 1.0 starting
03-04 16:25:15.949  3741  3741 D TetherController: Setting IP forward enable = 0
03-04 16:25:15.969  3743  3743 F libc    : page record for 0xb76a002c was not found (block_size=16)
03-04 16:25:16.909   212   212 I upi_ug31xx: [get_daemon_uevent_request]: uevent_request = 0 (0000)
03-04 16:25:16.989  3842  3842 E sdcard  : usage: sdcard [OPTIONS] <source_path> <label>
03-04 16:25:16.989  3842  3842 E sdcard  :     -u: specify UID to run as
03-04 16:25:16.989  3842  3842 E sdcard  :     -g: specify GID to run as
03-04 16:25:16.989  3842  3842 E sdcard  :     -U: specify user ID that owns device
03-04 16:25:16.989  3842  3842 E sdcard  :     -m: source_path is multi-user
03-04 16:25:16.989  3842  3842 E sdcard  :     -w: runtime write mount has full write access
03-04 16:25:16.989  3842  3842 E sdcard  : 
03-04 16:25:16.989  3847  3847 F libc    : page record for 0xb76cd02c was not found (block_size=16)
03-04 16:25:16.999  3848  3848 F libc    : page record for 0xb720802c was not found (block_size=16)
03-04 16:25:16.999  3843  3843 F libc    : page record for 0xb76b802c was not found (block_size=16)
03-04 16:25:16.999  3846  3846 F libc    : page record for 0xb76c702c was not found (block_size=16)
03-04 16:25:17.029  3849  3849 F libc    : page record for 0xb76cd02c was not found (block_size=16)
03-04 16:25:17.909   212   212 I upi_ug31xx: [get_daemon_uevent_request]: uevent_request = 0 (0000)
03-04 16:25:18.909   212   212 I upi_ug31xx: [get_daemon_uevent_request]: uevent_request = 0 (0000)
03-04 16:25:19.909   212   212 I upi_ug31xx: [get_daemon_uevent_request]: uevent_request = 0 (0000)
03-04 16:25:20.079  3863  3863 F libc    : page record for 0xb76dc02c was not found (block_size=16)
03-04 16:25:20.909   212   212 I upi_ug31xx: [get_daemon_uevent_request]: uevent_request = 0 (0000)
03-04 16:25:21.109  3872  3872 F libc    : page record for 0xb778602c was not found (block_size=16)
03-04 16:25:21.109  3870  3870 F libc    : page record for 0xb76ba02c was not found (block_size=16)
03-04 16:25:21.119  3867  3867 E SchedPolicy: open of /dev/cpuctl/bg_non_interactive/tasks failed: No such file or directory
03-04 16:25:21.119  3867  3867 E SchedPolicy: add_tid_to_cgroup failed; fd=-1
03-04 16:25:21.139  3866  3866 E HAL     : load: module=/system/lib/hw/keystore.clovertrail.so
03-04 16:25:21.139  3866  3866 E HAL     : dlopen failed: cannot locate symbol "CRYPTO_get_locking_callback" referenced by "/system/lib/libkeymaster.so"...
03-04 16:25:21.139  3866  3866 E keystore: could not find any keystore module
03-04 16:25:21.139  3866  3866 E keystore: keystore keymaster could not be initialized; exiting
03-04 16:25:21.149  3871  3871 I Netd    : Netd 1.0 starting
03-04 16:25:21.149  3871  3871 D TetherController: Setting IP forward enable = 0
03-04 16:25:21.169  3873  3873 F libc    : page record for 0xb772202c was not found (block_size=16)
03-04 16:25:21.179  3888  3888 F libc    : page record for 0xb767502c was not found (block_size=16)
03-04 16:25:21.189  3887  3887 E sdcard  : usage: sdcard [OPTIONS] <source_path> <label>
03-04 16:25:21.189  3887  3887 E sdcard  :     -u: specify UID to run as
03-04 16:25:21.189  3887  3887 E sdcard  :     -g: specify GID to run as
03-04 16:25:21.189  3887  3887 E sdcard  :     -U: specify user ID that owns device
03-04 16:25:21.189  3887  3887 E sdcard  :     -m: source_path is multi-user
03-04 16:25:21.189  3887  3887 E sdcard  :     -w: runtime write mount has full write access
03-04 16:25:21.189  3887  3887 E sdcard  : 
03-04 16:25:21.189  3893  3893 F libc    : page record for 0xb71af02c was not found (block_size=16)
03-04 16:25:21.199  3892  3892 F libc    : page record for 0xb777802c was not found (block_size=16)
03-04 16:25:21.199  3891  3891 F libc    : page record for 0xb770802c was not found (block_size=16)
03-04 16:25:21.229  3895  3895 F libc    : page record for 0xb778502c was not found (block_size=16)
03-04 16:25:21.909   212   212 I upi_ug31xx: [get_daemon_uevent_request]: uevent_request = 0 (0000)
03-04 16:25:22.909   212   212 I upi_ug31xx: [get_daemon_uevent_request]: uevent_request = 0 (0000)
03-04 16:25:23.909   212   212 I upi_ug31xx: [get_daemon_uevent_request]: uevent_request = 0 (0000)
03-04 16:25:24.269  3908  3908 F libc    : page record for 0xb775302c was not found (block_size=16)
03-04 16:25:24.909   212   212 I upi_ug31xx: [get_daemon_uevent_request]: uevent_request = a1 (00a1)
03-04 16:25:24.909   212   212 E upi_ug31xx: [event_loop]: uevent_request = a1 (1074)
03-04 16:25:24.909   212   212 I upi_ug31xx: (127) update_capacity
03-04 16:25:24.909   212   212 I [UPI]   : <UG31/E>[UpiReadCapacity]: V=3798(3800), T=287(289-352), I=215, C=1(2-0)
03-04 16:25:24.909   212   212 I [UPI]   : <UG31/E>[UpiReadCapacity]: (0x02212125) 574 (576) / 3215 (3215) = 18
03-04 16:25:24.909   212   212 I [UPI]   : <UG31/E>[UpiReadCapacity]: (0x02212125) 574 (576) / 3215 (3215) = 18
03-04 16:25:24.909   212   212 I [UPI]   : <UG31/E>[UpiReadCapacity]: (0x02212105) 576 (576) / 3215 (3215) = 18
03-04 16:25:24.909   212   212 I [UPI]   : <UG31/E>[RsocFilterCountTime]: (0x02212105) Step=3(224862), Full=3(224862), Lock=224862(1757720)
03-04 16:25:24.909   212   212 I [UPI]   : <UG31/E>[UpiReadCapacity]: (0x02212105) 576 (576) / 3215 (3215) = 18 (215-215)
03-04 16:25:24.909   212   212 I [UPI]   : <UG31/E><BATT> M:normal, P:18(18-18)%, V:3802mV, C:234mA, T:28.9C(352), S:0x02212105(000), R:576mAh, F:3215mAh, Q:18mAh, CC:0, P:10.30(-18-0)s, BO:10, 110:645:1-4496-Jk:P012-20140710-070130 (16)
03-04 16:25:24.909   212   212 E upi_ug31xx: [event_loop]: uevent_request = a0 (1095)
03-04 16:25:24.909   212   212 I upi_ug31xx: (128) backup_data 
03-04 16:25:24.909   212   212 V upi_ug31xx: state->check_backup_count = 2
03-04 16:25:24.909   212   212 E upi_ug31xx: [event_loop]: uevent_request = 80 (1102)
03-04 16:25:24.909   212   212 I upi_ug31xx: (129) backup_bo check
03-04 16:25:25.309  3912  3912 E SchedPolicy: open of /dev/cpuctl/bg_non_interactive/tasks failed: No such file or directory
03-04 16:25:25.309  3912  3912 E SchedPolicy: add_tid_to_cgroup failed; fd=-1
03-04 16:25:25.309  3915  3915 F libc    : page record for 0xb76fe02c was not found (block_size=16)
03-04 16:25:25.309  3917  3917 F libc    : page record for 0xb769e02c was not found (block_size=16)
03-04 16:25:25.329  3911  3911 E HAL     : load: module=/system/lib/hw/keystore.clovertrail.so
03-04 16:25:25.329  3911  3911 E HAL     : dlopen failed: cannot locate symbol "CRYPTO_get_locking_callback" referenced by "/system/lib/libkeymaster.so"...
03-04 16:25:25.329  3911  3911 E keystore: could not find any keystore module
03-04 16:25:25.329  3911  3911 E keystore: keystore keymaster could not be initialized; exiting
03-04 16:25:25.339  3916  3916 I Netd    : Netd 1.0 starting
03-04 16:25:25.339  3916  3916 D TetherController: Setting IP forward enable = 0
03-04 16:25:25.359  3918  3918 F libc    : page record for 0xb769402c was not found (block_size=16)
03-04 16:25:25.909   212   212 I upi_ug31xx: [get_daemon_uevent_request]: uevent_request = 0 (0000)
03-04 16:25:26.369  4018  4018 F libc    : page record for 0xb722902c was not found (block_size=16)
03-04 16:25:26.379  4012  4012 E sdcard  : usage: sdcard [OPTIONS] <source_path> <label>
03-04 16:25:26.379  4012  4012 E sdcard  :     -u: specify UID to run as
03-04 16:25:26.379  4012  4012 E sdcard  :     -g: specify GID to run as
03-04 16:25:26.379  4012  4012 E sdcard  :     -U: specify user ID that owns device
03-04 16:25:26.379  4012  4012 E sdcard  :     -m: source_path is multi-user
03-04 16:25:26.379  4012  4012 E sdcard  :     -w: runtime write mount has full write access
03-04 16:25:26.379  4012  4012 E sdcard  : 
03-04 16:25:26.379  4013  4013 F libc    : page record for 0xb770d02c was not found (block_size=16)
03-04 16:25:26.389  4016  4016 F libc    : page record for 0xb772e02c was not found (block_size=16)
03-04 16:25:26.389  4017  4017 F libc    : page record for 0xb76d602c was not found (block_size=16)
03-04 16:25:26.419  4019  4019 F libc    : page record for 0xb776a02c was not found (block_size=16)
03-04 16:25:26.909   212   212 I upi_ug31xx: [get_daemon_uevent_request]: uevent_request = 0 (0000)
03-04 16:25:27.909   212   212 I upi_ug31xx: [get_daemon_uevent_request]: uevent_request = 0 (0000)
03-04 16:25:28.909   212   212 I upi_ug31xx: [get_daemon_uevent_request]: uevent_request = 0 (0000)
03-04 16:25:29.459  4033  4033 F libc    : page record for 0xb770e02c was not found (block_size=16)
03-04 16:25:29.909   212   212 I upi_ug31xx: [get_daemon_uevent_request]: uevent_request = 0 (0000)
03-04 16:25:30.489  4040  4040 F libc    : page record for 0xb766e02c was not found (block_size=16)
03-04 16:25:30.499  4037  4037 E SchedPolicy: open of /dev/cpuctl/bg_non_interactive/tasks failed: No such file or directory
03-04 16:25:30.499  4037  4037 E SchedPolicy: add_tid_to_cgroup failed; fd=-1
03-04 16:25:30.499  4042  4042 F libc    : page record for 0xb773802c was not found (block_size=16)
03-04 16:25:30.509  4041  4041 I Netd    : Netd 1.0 starting
03-04 16:25:30.509  4041  4041 D TetherController: Setting IP forward enable = 0
03-04 16:25:30.529  4036  4036 E HAL     : load: module=/system/lib/hw/keystore.clovertrail.so
03-04 16:25:30.529  4036  4036 E HAL     : dlopen failed: cannot locate symbol "CRYPTO_get_locking_callback" referenced by "/system/lib/libkeymaster.so"...
03-04 16:25:30.529  4036  4036 E keystore: could not find any keystore module
03-04 16:25:30.529  4036  4036 E keystore: keystore keymaster could not be initialized; exiting
03-04 16:25:30.549  4043  4043 F libc    : page record for 0xb775102c was not found (block_size=16)
03-04 16:25:30.909   212   212 I upi_ug31xx: [get_daemon_uevent_request]: uevent_request = 0 (0000)
03-04 16:25:31.569  4147  4147 F libc    : page record for 0xb727802c was not found (block_size=16)
03-04 16:25:31.569  4142  4142 F libc    : page record for 0xb76d602c was not found (block_size=16)
03-04 16:25:31.579  4141  4141 E sdcard  : usage: sdcard [OPTIONS] <source_path> <label>
03-04 16:25:31.579  4141  4141 E sdcard  :     -u: specify UID to run as
03-04 16:25:31.579  4141  4141 E sdcard  :     -g: specify GID to run as
03-04 16:25:31.579  4141  4141 E sdcard  :     -U: specify user ID that owns device
03-04 16:25:31.579  4141  4141 E sdcard  :     -m: source_path is multi-user
03-04 16:25:31.579  4141  4141 E sdcard  :     -w: runtime write mount has full write access
03-04 16:25:31.579  4141  4141 E sdcard  : 
03-04 16:25:31.579  4146  4146 F libc    : page record for 0xb773102c was not found (block_size=16)
03-04 16:25:31.579  4145  4145 F libc    : page record for 0xb772e02c was not found (block_size=16)
03-04 16:25:31.619  4149  4149 F libc    : page record for 0xb76ae02c was not found (block_size=16)
03-04 16:25:31.909   212   212 I upi_ug31xx: [get_daemon_uevent_request]: uevent_request = 0 (0000)
03-04 16:25:32.909   212   212 I upi_ug31xx: [get_daemon_uevent_request]: uevent_request = 0 (0000)
03-04 16:25:33.909   212   212 I upi_ug31xx: [get_daemon_uevent_request]: uevent_request = 0 (0000)
03-04 16:25:34.659  4164  4164 F libc    : page record for 0xb76ca02c was not found (block_size=16)
03-04 16:25:34.909   212   212 I upi_ug31xx: [get_daemon_uevent_request]: uevent_request = a1 (00a1)
03-04 16:25:34.909   212   212 E upi_ug31xx: [event_loop]: uevent_request = a1 (1074)
03-04 16:25:34.909   212   212 I upi_ug31xx: (130) update_capacity
03-04 16:25:34.909   212   212 I [UPI]   : <UG31/E>[UpiReadCapacity]: V=3799(3801), T=287(289-352), I=229, C=0(0-0)
03-04 16:25:34.909   212   212 I [UPI]   : <UG31/E>[UpiReadCapacity]: (0x02212125) 576 (576) / 3215 (3215) = 18
03-04 16:25:34.909   212   212 I [UPI]   : <UG31/E>[UpiReadCapacity]: (0x02212125) 576 (576) / 3215 (3215) = 18
03-04 16:25:34.909   212   212 I [UPI]   : <UG31/E>[UpiReadCapacity]: (0x02212105) 576 (576) / 3215 (3215) = 18
03-04 16:25:34.909   212   212 I [UPI]   : <UG31/E>[RsocFilterCountTime]: (0x02212105) Step=3(234902), Full=3(234902), Lock=234902(1650262)
03-04 16:25:34.909   212   212 I [UPI]   : <UG31/E>[UpiReadCapacity]: (0x02212105) 576 (576) / 3215 (3215) = 18 (229-229)
03-04 16:25:34.909   212   212 I [UPI]   : <UG31/E><BATT> M:normal, P:18(18-18)%, V:3802mV, C:243mA, T:28.9C(352), S:0x02212105(000), R:576mAh, F:3215mAh, Q:18mAh, CC:0, P:10.40(-18-0)s, BO:10, 110:645:1-4496-Jk:P012-20140710-070130 (16)
03-04 16:25:34.909   212   212 E upi_ug31xx: [event_loop]: uevent_request = a0 (1095)
03-04 16:25:34.909   212   212 I upi_ug31xx: (131) backup_data 
03-04 16:25:34.909   212   212 V upi_ug31xx: state->check_backup_count = 3
03-04 16:25:34.909   212   212 E upi_ug31xx: [event_loop]: uevent_request = 80 (1102)
03-04 16:25:34.909   212   212 I upi_ug31xx: (132) backup_bo check
03-04 16:25:35.689  4173  4173 F libc    : page record for 0xb76ad02c was not found (block_size=16)
03-04 16:25:35.699  4171  4171 F libc    : page record for 0xb768b02c was not found (block_size=16)
03-04 16:25:35.699  4168  4168 E SchedPolicy: open of /dev/cpuctl/bg_non_interactive/tasks failed: No such file or directory
03-04 16:25:35.699  4168  4168 E SchedPolicy: add_tid_to_cgroup failed; fd=-1
03-04 16:25:35.729  4172  4172 I Netd    : Netd 1.0 starting
03-04 16:25:35.729  4172  4172 D TetherController: Setting IP forward enable = 0
03-04 16:25:35.739  4167  4167 E HAL     : load: module=/system/lib/hw/keystore.clovertrail.so
03-04 16:25:35.739  4167  4167 E HAL     : dlopen failed: cannot locate symbol "CRYPTO_get_locking_callback" referenced by "/system/lib/libkeymaster.so"...
03-04 16:25:35.739  4167  4167 E keystore: could not find any keystore module
03-04 16:25:35.739  4167  4167 E keystore: keystore keymaster could not be initialized; exiting
03-04 16:25:35.749  4174  4174 F libc    : page record for 0xb775802c was not found (block_size=16)
03-04 16:25:35.909   212   212 I upi_ug31xx: [get_daemon_uevent_request]: uevent_request = 0 (0000)
03-04 16:25:36.759  4286  4286 F libc    : page record for 0xb71de02c was not found (block_size=16)
03-04 16:25:36.769  4285  4285 F libc    : page record for 0xb76d202c was not found (block_size=16)
03-04 16:25:36.779  4280  4280 E sdcard  : usage: sdcard [OPTIONS] <source_path> <label>
03-04 16:25:36.779  4280  4280 E sdcard  :     -u: specify UID to run as
03-04 16:25:36.779  4280  4280 E sdcard  :     -g: specify GID to run as
03-04 16:25:36.779  4280  4280 E sdcard  :     -U: specify user ID that owns device
03-04 16:25:36.779  4280  4280 E sdcard  :     -m: source_path is multi-user
03-04 16:25:36.779  4280  4280 E sdcard  :     -w: runtime write mount has full write access
03-04 16:25:36.779  4280  4280 E sdcard  : 
03-04 16:25:36.779  4284  4284 F libc    : page record for 0xb76b802c was not found (block_size=16)
03-04 16:25:36.779  4281  4281 F libc    : page record for 0xb76e802c was not found (block_size=16)
03-04 16:25:36.809  4287  4287 F libc    : page record for 0xb773f02c was not found (block_size=16)
03-04 16:25:36.909   212   212 I upi_ug31xx: [get_daemon_uevent_request]: uevent_request = 0 (0000)
03-04 16:25:37.909   212   212 I upi_ug31xx: [get_daemon_uevent_request]: uevent_request = 0 (0000)
03-04 16:25:38.919   212   212 I upi_ug31xx: [get_daemon_uevent_request]: uevent_request = 0 (0000)
03-04 16:25:39.849  4302  4302 F libc    : page record for 0xb76c302c was not found (block_size=16)
03-04 16:25:39.919   212   212 I upi_ug31xx: [get_daemon_uevent_request]: uevent_request = 0 (0000)
03-04 16:25:40.879  4309  4309 F libc    : page record for 0xb774a02c was not found (block_size=16)
03-04 16:25:40.899  4306  4306 E SchedPolicy: open of /dev/cpuctl/bg_non_interactive/tasks failed: No such file or directory
03-04 16:25:40.899  4311  4311 F libc    : page record for 0xb773502c was not found (block_size=16)
03-04 16:25:40.899  4306  4306 E SchedPolicy: add_tid_to_cgroup failed; fd=-1
03-04 16:25:40.909  4310  4310 I Netd    : Netd 1.0 starting
03-04 16:25:40.909  4310  4310 D TetherController: Setting IP forward enable = 0
03-04 16:25:40.919   212   212 I upi_ug31xx: [get_daemon_uevent_request]: uevent_request = 0 (0000)
03-04 16:25:40.919  4305  4305 E HAL     : load: module=/system/lib/hw/keystore.clovertrail.so
03-04 16:25:40.919  4305  4305 E HAL     : dlopen failed: cannot locate symbol "CRYPTO_get_locking_callback" referenced by "/system/lib/libkeymaster.so"...
03-04 16:25:40.919  4305  4305 E keystore: could not find any keystore module
03-04 16:25:40.919  4305  4305 E keystore: keystore keymaster could not be initialized; exiting
03-04 16:25:40.939  4312  4312 F libc    : page record for 0xb775a02c was not found (block_size=16)
03-04 16:25:41.919   212   212 I upi_ug31xx: [get_daemon_uevent_request]: uevent_request = 0 (0000)
03-04 16:25:41.949  4417  4417 F libc    : page record for 0xb721802c was not found (block_size=16)
03-04 16:25:41.949  4411  4411 E sdcard  : usage: sdcard [OPTIONS] <source_path> <label>
03-04 16:25:41.949  4411  4411 E sdcard  :     -u: specify UID to run as
03-04 16:25:41.949  4411  4411 E sdcard  :     -g: specify GID to run as
03-04 16:25:41.949  4411  4411 E sdcard  :     -U: specify user ID that owns device
03-04 16:25:41.949  4411  4411 E sdcard  :     -m: source_path is multi-user
03-04 16:25:41.949  4411  4411 E sdcard  :     -w: runtime write mount has full write access
03-04 16:25:41.949  4411  4411 E sdcard  : 
03-04 16:25:41.959  4416  4416 F libc    : page record for 0xb778102c was not found (block_size=16)
03-04 16:25:41.959  4412  4412 F libc    : page record for 0xb76d202c was not found (block_size=16)
03-04 16:25:41.969  4414  4414 F libc    : page record for 0xb774b02c was not found (block_size=16)
03-04 16:25:41.999  4418  4418 F libc    : page record for 0xb772602c was not found (block_size=16)
03-04 16:25:42.919   212   212 I upi_ug31xx: [get_daemon_uevent_request]: uevent_request = 0 (0000)
03-04 16:25:43.919   212   212 I upi_ug31xx: [get_daemon_uevent_request]: uevent_request = 0 (0000)
03-04 16:25:44.919   212   212 I upi_ug31xx: [get_daemon_uevent_request]: uevent_request = a1 (00a1)
03-04 16:25:44.919   212   212 E upi_ug31xx: [event_loop]: uevent_request = a1 (1074)
03-04 16:25:44.919   212   212 I upi_ug31xx: (133) update_capacity
03-04 16:25:44.919   212   212 I [UPI]   : <UG31/E>[UpiReadCapacity]: V=3799(3801), T=288(290-351), I=232, C=1(1-0)
03-04 16:25:44.919   212   212 I [UPI]   : <UG31/E>[UpiReadCapacity]: (0x02212125) 576 (577) / 3215 (3215) = 18
03-04 16:25:44.919   212   212 I [UPI]   : <UG31/E>[UpiReadCapacity]: (0x02212125) 576 (577) / 3215 (3215) = 18
03-04 16:25:44.919   212   212 I [UPI]   : <UG31/E>[UpiReadCapacity]: (0x02212105) 577 (577) / 3215 (3215) = 18
03-04 16:25:44.919   212   212 I [UPI]   : <UG31/E>[RsocFilterCountTime]: (0x02212105) Step=4(244922), Full=4(244922), Lock=244922(1628922)
03-04 16:25:44.919   212   212 I [UPI]   : <UG31/E>[UpiReadCapacity]: (0x02212105) 577 (577) / 3215 (3215) = 18 (232-232)
03-04 16:25:44.919   212   212 I [UPI]   : <UG31/E><BATT> M:normal, P:18(18-18)%, V:3802mV, C:235mA, T:29.0C(351), S:0x02212105(000), R:577mAh, F:3215mAh, Q:19mAh, CC:0, P:10.20(-19-0)s, BO:10, 110:645:1-4496-Jk:P012-20140710-070130 (16)
03-04 16:25:44.919   212   212 E upi_ug31xx: [event_loop]: uevent_request = a0 (1095)
03-04 16:25:44.919   212   212 I upi_ug31xx: (134) backup_data 
03-04 16:25:44.919   212   212 V upi_ug31xx: state->check_backup_count = 4
03-04 16:25:44.919   212   212 E upi_ug31xx: [event_loop]: uevent_request = 80 (1102)
03-04 16:25:44.919   212   212 I upi_ug31xx: (135) backup_bo check

